14:03:47 **** Build of configuration Debug for project PCB_Flight_Software ****
make -j20 all 
arm-none-eabi-gcc "../Core/Src/main.c" -mcpu=cortex-m4 -std=gnu11 -g3 -DDEBUG -DUSE_HAL_DRIVER -DSTM32F412Rx -c -I../Core/Inc -I../Drivers/STM32F4xx_HAL_Driver/Inc -I../Drivers/STM32F4xx_HAL_Driver/Inc/Legacy -I../Drivers/CMSIS/Device/ST/STM32F4xx/Include -I../Drivers/CMSIS/Include -O0 -ffunction-sections -fdata-sections -Wall -fstack-usage -fcyclomatic-complexity -MMD -MP -MF"Core/Src/main.d" -MT"Core/Src/main.o" --specs=nano.specs -mfpu=fpv4-sp-d16 -mfloat-abi=hard -mthumb -o "Core/Src/main.o"
../Core/Src/main.c: In function 'read_PA1010D':
../Core/Src/main.c:687:28: warning: pointer targets in passing argument 1 of 'parse_nmea' differ in signedness [-Wpointer-sign]
  687 |                 parse_nmea(pa_buf);
      |                            ^~~~~~
      |                            |
      |                            uint8_t * {aka unsigned char *}
../Core/Src/main.c:499:23: note: expected 'char *' but argument is of type 'uint8_t *' {aka 'unsigned char *'}
  499 | bool parse_nmea(char *buf){
      |                 ~~~~~~^~~
../Core/Src/main.c: In function 'init_PA1010D':
../Core/Src/main.c:860:36: warning: pointer targets in passing argument 1 of 'parse_nmea' differ in signedness [-Wpointer-sign]
  860 |                         parse_nmea(pa_buf);
      |                                    ^~~~~~
      |                                    |
      |                                    uint8_t * {aka unsigned char *}
../Core/Src/main.c:499:23: note: expected 'char *' but argument is of type 'uint8_t *' {aka 'unsigned char *'}
  499 | bool parse_nmea(char *buf){
      |                 ~~~~~~^~~
../Core/Src/main.c: In function 'handle_command':
../Core/Src/main.c:1393:17: warning: implicit declaration of function 'reset_state'; did you mean 'setstate'? [-Wimplicit-function-declaration]
 1393 |                 reset_state();
      |                 ^~~~~~~~~~~
      |                 setstate
../Core/Src/main.c: At top level:
../Core/Src/main.c:1398:6: warning: conflicting types for 'reset_state'; have 'void()'
 1398 | void reset_state(){
      |      ^~~~~~~~~~~
../Core/Src/main.c:1393:17: note: previous implicit declaration of 'reset_state' with type 'void()'
 1393 |                 reset_state();
      |                 ^~~~~~~~~~~
../Core/Src/main.c: In function 'HAL_UARTEx_RxEventCallback':
../Core/Src/main.c:1456:35: warning: pointer targets in initialization of 'char *' from 'uint8_t *' {aka 'unsigned char *'} differ in signedness [-Wpointer-sign]
 1456 |                 char *comma_pos = &rx_packet[Size - 3];  // Comma is 3 characters from the end (2 for checksum, 1 for comma)
      |                                   ^
../Core/Src/main.c:1464:69: warning: pointer targets in passing argument 1 of 'strtol' differ in signedness [-Wpointer-sign]
 1464 |                         uint8_t received_checksum = (uint8_t)strtol(&rx_packet[Size - 2], NULL, 16);  // Convert checksum to integer
      |                                                                     ^~~~~~~~~~~~~~~~~~~~
      |                                                                     |
      |                                                                     uint8_t * {aka unsigned char *}
In file included from ../Core/Src/main.c:29:
C:\ST\STM32CubeIDE_1.16.0\STM32CubeIDE\plugins\com.st.stm32cube.ide.mcu.externaltools.gnu-tools-for-stm32.12.3.rel1.win32_1.0.200.202406191623\tools\bin/../lib/gcc/arm-none-eabi/12.3.1/../../../../arm-none-eabi/include/stdlib.h:171:40: note: expected 'const char * restrict' but argument is of type 'uint8_t *' {aka 'unsigned char *'}
  171 | long    strtol (const char *__restrict __n, char **__restrict __end_PTR, int __base);
      |                 ~~~~~~~~~~~~~~~~~~~~~~~^~~
../Core/Src/main.c:1466:74: warning: pointer targets in passing argument 1 of 'calculate_checksum' differ in signedness [-Wpointer-sign]
 1466 |                         uint8_t calculated_checksum = calculate_checksum(&rx_packet[1]);
      |                                                                          ^~~~~~~~~~~~~
      |                                                                          |
      |                                                                          uint8_t * {aka unsigned char *}
../Core/Src/main.c:1048:40: note: expected 'const char *' but argument is of type 'uint8_t *' {aka 'unsigned char *'}
 1048 | uint8_t calculate_checksum(const char *data) {
      |                            ~~~~~~~~~~~~^~~~
../Core/Src/main.c:1470:56: warning: pointer targets in passing argument 2 of 'strcpy' differ in signedness [-Wpointer-sign]
 1470 |                                 strcpy(command_buffer, &rx_packet[1]);
      |                                                        ^~~~~~~~~~~~~
      |                                                        |
      |                                                        uint8_t * {aka unsigned char *}
In file included from ../Core/Src/main.c:26:
C:\ST\STM32CubeIDE_1.16.0\STM32CubeIDE\plugins\com.st.stm32cube.ide.mcu.externaltools.gnu-tools-for-stm32.12.3.rel1.win32_1.0.200.202406191623\tools\bin/../lib/gcc/arm-none-eabi/12.3.1/../../../../arm-none-eabi/include/string.h:38:36: note: expected 'const char * restrict' but argument is of type 'uint8_t *' {aka 'unsigned char *'}
   38 | char    *strcpy (char *__restrict, const char *__restrict);
      |                                    ^
../Core/Src/main.c:1477:60: warning: pointer targets in passing argument 2 of 'HAL_UARTEx_ReceiveToIdle_IT' differ in signedness [-Wpointer-sign]
 1477 |         uart_received = HAL_UARTEx_ReceiveToIdle_IT(huart, rx_data, RX_BFR_SIZE);
      |                                                            ^~~~~~~
      |                                                            |
      |                                                            char *
In file included from ../Core/Inc/stm32f4xx_hal_conf.h:411,
                 from ../Drivers/STM32F4xx_HAL_Driver/Inc/stm32f4xx_hal.h:29,
                 from ../Core/Inc/main.h:30,
                 from ../Core/Src/main.c:20:
../Drivers/STM32F4xx_HAL_Driver/Inc/stm32f4xx_hal_uart.h:757:83: note: expected 'uint8_t *' {aka 'unsigned char *'} but argument is of type 'char *'
  757 | HAL_StatusTypeDef HAL_UARTEx_ReceiveToIdle_IT(UART_HandleTypeDef *huart, uint8_t *pData, uint16_t Size);
      |                                                                          ~~~~~~~~~^~~~~
../Core/Src/main.c: In function 'main':
../Core/Src/main.c:1531:56: warning: pointer targets in passing argument 2 of 'HAL_UARTEx_ReceiveToIdle_IT' differ in signedness [-Wpointer-sign]
 1531 |   uart_received = HAL_UARTEx_ReceiveToIdle_IT(&huart1, rx_data, RX_BFR_SIZE);
      |                                                        ^~~~~~~
      |                                                        |
      |                                                        char *
../Drivers/STM32F4xx_HAL_Driver/Inc/stm32f4xx_hal_uart.h:757:83: note: expected 'uint8_t *' {aka 'unsigned char *'} but argument is of type 'char *'
  757 | HAL_StatusTypeDef HAL_UARTEx_ReceiveToIdle_IT(UART_HandleTypeDef *huart, uint8_t *pData, uint16_t Size);
      |                                                                          ~~~~~~~~~^~~~~
../Core/Src/main.c: In function 'handle_state':
../Core/Src/main.c:1139:25: warning: 'strncpy' output truncated before terminating nul copying 9 bytes from a string of the same length [-Wstringop-truncation]
 1139 |                         strncpy(state, "ASCENDING", strlen("ASCENDING"));
      |                         ^~~~~~~~~~~~~~~~~~~~~~~~~~~~~~~~~~~~~~~~~~~~~~~~
../Core/Src/main.c:1149:25: warning: 'strncpy' output truncated before terminating nul copying 6 bytes from a string of the same length [-Wstringop-truncation]
 1149 |                         strncpy(state, "APOGEE", strlen("APOGEE"));
      |                         ^~~~~~~~~~~~~~~~~~~~~~~~~~~~~~~~~~~~~~~~~~
../Core/Src/main.c:1155:17: warning: 'strncpy' output truncated before terminating nul copying 10 bytes from a string of the same length [-Wstringop-truncation]
 1155 |                 strncpy(state, "DESCENDING", strlen("DESCENDING"));
      |                 ^~~~~~~~~~~~~~~~~~~~~~~~~~~~~~~~~~~~~~~~~~~~~~~~~~
../Core/Src/main.c:1164:25: warning: 'strncpy' output truncated before terminating nul copying 13 bytes from a string of the same length [-Wstringop-truncation]
 1164 |                         strncpy(state, "PROBE_RELEASE", strlen("PROBE_RELEASE"));
      |                         ^~~~~~~~~~~~~~~~~~~~~~~~~~~~~~~~~~~~~~~~~~~~~~~~~~~~~~~~
../Core/Src/main.c:1174:25: warning: 'strncpy' output truncated before terminating nul copying 6 bytes from a string of the same length [-Wstringop-truncation]
 1174 |                         strncpy(state, "LANDED", strlen("LANDED"));
      |                         ^~~~~~~~~~~~~~~~~~~~~~~~~~~~~~~~~~~~~~~~~~
../Core/Src/main.c:1180:17: warning: 'strncpy' output truncated before terminating nul copying 10 bytes from a string of the same length [-Wstringop-truncation]
 1180 |                 strncpy(state, "DESCENDING", strlen("DESCENDING"));
      |                 ^~~~~~~~~~~~~~~~~~~~~~~~~~~~~~~~~~~~~~~~~~~~~~~~~~
../Core/Src/main.c: In function 'handle_command':
../Core/Src/main.c:1290:25: warning: 'strncpy' output truncated before terminating nul copying 12 bytes from a string of the same length [-Wstringop-truncation]
 1290 |                         strncpy(state, "LAUNCH-READY", strlen("LAUNCH-READY"));
      |                         ^~~~~~~~~~~~~~~~~~~~~~~~~~~~~~~~~~~~~~~~~~~~~~~~~~~~~~
../Core/Src/main.c: In function 'reset_state':
../Core/Src/main.c:1406:9: warning: 'strncpy' output truncated before terminating nul copying 10 bytes from a string of the same length [-Wstringop-truncation]
 1406 |         strncpy(state, "LAUNCH_PAD", strlen("LAUNCH_PAD"));
      |         ^~~~~~~~~~~~~~~~~~~~~~~~~~~~~~~~~~~~~~~~~~~~~~~~~~
../Core/Src/main.c: In function 'handle_command':
../Core/Src/main.c:1276:60: warning: ':' directive output may be truncated writing 1 byte into a region of size between 0 and 4 [-Wformat-truncation=]
 1276 |                         snprintf(cmd_echo, 11, "ST%02d:%02d:%02d", mission_time_hr, mission_time_min, mission_time_sec);
      |                                                            ^
../Core/Src/main.c:1276:48: note: directive argument in the range [-128, 127]
 1276 |                         snprintf(cmd_echo, 11, "ST%02d:%02d:%02d", mission_time_hr, mission_time_min, mission_time_sec);
      |                                                ^~~~~~~~~~~~~~~~~~
../Core/Src/main.c:1276:25: note: 'snprintf' output between 11 and 17 bytes into a destination of size 11
 1276 |                         snprintf(cmd_echo, 11, "ST%02d:%02d:%02d", mission_time_hr, mission_time_min, mission_time_sec);
      |                         ^~~~~~~~~~~~~~~~~~~~~~~~~~~~~~~~~~~~~~~~~~~~~~~~~~~~~~~~~~~~~~~~~~~~~~~~~~~~~~~~~~~~~~~~~~~~~~~
arm-none-eabi-gcc -o "PCB_Flight_Software.elf" @"objects.list"   -mcpu=cortex-m4 -T"C:\Users\brady\repos\UCI-CanSat-24-25\In-Flight-Software\PCB_Flight_Software\STM32F412RETX_FLASH.ld" --specs=nosys.specs -Wl,-Map="PCB_Flight_Software.map" -Wl,--gc-sections -static -u _printf_float --specs=nano.specs -mfpu=fpv4-sp-d16 -mfloat-abi=hard -mthumb -Wl,--start-group -lc -lm -Wl,--end-group
Finished building target: PCB_Flight_Software.elf
 
arm-none-eabi-size  PCB_Flight_Software.elf 
arm-none-eabi-objdump -h -S PCB_Flight_Software.elf  > "PCB_Flight_Software.list"
   text	   data	    bss	    dec	    hex	filename
  66924	    688	   4072	  71684	  11804	PCB_Flight_Software.elf
Finished building: default.size.stdout
 
Finished building: PCB_Flight_Software.list
 
14:04:08 **** Incremental Build of configuration Debug for project PCB_Flight_Software ****
make -j20 all 
arm-none-eabi-size  PCB_Flight_Software.elf 
   text	   data	    bss	    dec	    hex	filename
  66924	    688	   4072	  71684	  11804	PCB_Flight_Software.elf
Finished building: default.size.stdout
 
14:09:57 **** Incremental Build of configuration Debug for project PCB_Flight_Software ****
make -j20 all 
arm-none-eabi-gcc "../Core/Src/main.c" -mcpu=cortex-m4 -std=gnu11 -g3 -DDEBUG -DUSE_HAL_DRIVER -DSTM32F412Rx -c -I../Core/Inc -I../Drivers/STM32F4xx_HAL_Driver/Inc -I../Drivers/STM32F4xx_HAL_Driver/Inc/Legacy -I../Drivers/CMSIS/Device/ST/STM32F4xx/Include -I../Drivers/CMSIS/Include -O0 -ffunction-sections -fdata-sections -Wall -fstack-usage -fcyclomatic-complexity -MMD -MP -MF"Core/Src/main.d" -MT"Core/Src/main.o" --specs=nano.specs -mfpu=fpv4-sp-d16 -mfloat-abi=hard -mthumb -o "Core/Src/main.o"
../Core/Src/main.c: In function 'read_PA1010D':
../Core/Src/main.c:687:28: warning: pointer targets in passing argument 1 of 'parse_nmea' differ in signedness [-Wpointer-sign]
  687 |                 parse_nmea(pa_buf);
      |                            ^~~~~~
      |                            |
      |                            uint8_t * {aka unsigned char *}
../Core/Src/main.c:499:23: note: expected 'char *' but argument is of type 'uint8_t *' {aka 'unsigned char *'}
  499 | bool parse_nmea(char *buf){
      |                 ~~~~~~^~~
../Core/Src/main.c: In function 'init_PA1010D':
../Core/Src/main.c:860:36: warning: pointer targets in passing argument 1 of 'parse_nmea' differ in signedness [-Wpointer-sign]
  860 |                         parse_nmea(pa_buf);
      |                                    ^~~~~~
      |                                    |
      |                                    uint8_t * {aka unsigned char *}
../Core/Src/main.c:499:23: note: expected 'char *' but argument is of type 'uint8_t *' {aka 'unsigned char *'}
  499 | bool parse_nmea(char *buf){
      |                 ~~~~~~^~~
../Core/Src/main.c: In function 'handle_command':
../Core/Src/main.c:1393:17: warning: implicit declaration of function 'reset_state'; did you mean 'setstate'? [-Wimplicit-function-declaration]
 1393 |                 reset_state();
      |                 ^~~~~~~~~~~
      |                 setstate
../Core/Src/main.c: At top level:
../Core/Src/main.c:1398:6: warning: conflicting types for 'reset_state'; have 'void()'
 1398 | void reset_state(){
      |      ^~~~~~~~~~~
../Core/Src/main.c:1393:17: note: previous implicit declaration of 'reset_state' with type 'void()'
 1393 |                 reset_state();
      |                 ^~~~~~~~~~~
../Core/Src/main.c: In function 'HAL_UARTEx_RxEventCallback':
../Core/Src/main.c:1456:35: warning: pointer targets in initialization of 'char *' from 'uint8_t *' {aka 'unsigned char *'} differ in signedness [-Wpointer-sign]
 1456 |                 char *comma_pos = &rx_packet[Size - 3];  // Comma is 3 characters from the end (2 for checksum, 1 for comma)
      |                                   ^
../Core/Src/main.c:1464:69: warning: pointer targets in passing argument 1 of 'strtol' differ in signedness [-Wpointer-sign]
 1464 |                         uint8_t received_checksum = (uint8_t)strtol(&rx_packet[Size - 2], NULL, 16);  // Convert checksum to integer
      |                                                                     ^~~~~~~~~~~~~~~~~~~~
      |                                                                     |
      |                                                                     uint8_t * {aka unsigned char *}
In file included from ../Core/Src/main.c:29:
C:\ST\STM32CubeIDE_1.16.0\STM32CubeIDE\plugins\com.st.stm32cube.ide.mcu.externaltools.gnu-tools-for-stm32.12.3.rel1.win32_1.0.200.202406191623\tools\bin/../lib/gcc/arm-none-eabi/12.3.1/../../../../arm-none-eabi/include/stdlib.h:171:40: note: expected 'const char * restrict' but argument is of type 'uint8_t *' {aka 'unsigned char *'}
  171 | long    strtol (const char *__restrict __n, char **__restrict __end_PTR, int __base);
      |                 ~~~~~~~~~~~~~~~~~~~~~~~^~~
../Core/Src/main.c:1466:74: warning: pointer targets in passing argument 1 of 'calculate_checksum' differ in signedness [-Wpointer-sign]
 1466 |                         uint8_t calculated_checksum = calculate_checksum(&rx_packet[1]);
      |                                                                          ^~~~~~~~~~~~~
      |                                                                          |
      |                                                                          uint8_t * {aka unsigned char *}
../Core/Src/main.c:1048:40: note: expected 'const char *' but argument is of type 'uint8_t *' {aka 'unsigned char *'}
 1048 | uint8_t calculate_checksum(const char *data) {
      |                            ~~~~~~~~~~~~^~~~
../Core/Src/main.c:1470:56: warning: pointer targets in passing argument 2 of 'strcpy' differ in signedness [-Wpointer-sign]
 1470 |                                 strcpy(command_buffer, &rx_packet[1]);
      |                                                        ^~~~~~~~~~~~~
      |                                                        |
      |                                                        uint8_t * {aka unsigned char *}
In file included from ../Core/Src/main.c:26:
C:\ST\STM32CubeIDE_1.16.0\STM32CubeIDE\plugins\com.st.stm32cube.ide.mcu.externaltools.gnu-tools-for-stm32.12.3.rel1.win32_1.0.200.202406191623\tools\bin/../lib/gcc/arm-none-eabi/12.3.1/../../../../arm-none-eabi/include/string.h:38:36: note: expected 'const char * restrict' but argument is of type 'uint8_t *' {aka 'unsigned char *'}
   38 | char    *strcpy (char *__restrict, const char *__restrict);
      |                                    ^
../Core/Src/main.c:1477:60: warning: pointer targets in passing argument 2 of 'HAL_UARTEx_ReceiveToIdle_IT' differ in signedness [-Wpointer-sign]
 1477 |         uart_received = HAL_UARTEx_ReceiveToIdle_IT(huart, rx_data, RX_BFR_SIZE);
      |                                                            ^~~~~~~
      |                                                            |
      |                                                            char *
In file included from ../Core/Inc/stm32f4xx_hal_conf.h:411,
                 from ../Drivers/STM32F4xx_HAL_Driver/Inc/stm32f4xx_hal.h:29,
                 from ../Core/Inc/main.h:30,
                 from ../Core/Src/main.c:20:
../Drivers/STM32F4xx_HAL_Driver/Inc/stm32f4xx_hal_uart.h:757:83: note: expected 'uint8_t *' {aka 'unsigned char *'} but argument is of type 'char *'
  757 | HAL_StatusTypeDef HAL_UARTEx_ReceiveToIdle_IT(UART_HandleTypeDef *huart, uint8_t *pData, uint16_t Size);
      |                                                                          ~~~~~~~~~^~~~~
../Core/Src/main.c: In function 'main':
../Core/Src/main.c:1531:56: warning: pointer targets in passing argument 2 of 'HAL_UARTEx_ReceiveToIdle_IT' differ in signedness [-Wpointer-sign]
 1531 |   uart_received = HAL_UARTEx_ReceiveToIdle_IT(&huart1, rx_data, RX_BFR_SIZE);
      |                                                        ^~~~~~~
      |                                                        |
      |                                                        char *
../Drivers/STM32F4xx_HAL_Driver/Inc/stm32f4xx_hal_uart.h:757:83: note: expected 'uint8_t *' {aka 'unsigned char *'} but argument is of type 'char *'
  757 | HAL_StatusTypeDef HAL_UARTEx_ReceiveToIdle_IT(UART_HandleTypeDef *huart, uint8_t *pData, uint16_t Size);
      |                                                                          ~~~~~~~~~^~~~~
../Core/Src/main.c: In function 'handle_state':
../Core/Src/main.c:1139:25: warning: 'strncpy' output truncated before terminating nul copying 9 bytes from a string of the same length [-Wstringop-truncation]
 1139 |                         strncpy(state, "ASCENDING", strlen("ASCENDING"));
      |                         ^~~~~~~~~~~~~~~~~~~~~~~~~~~~~~~~~~~~~~~~~~~~~~~~
../Core/Src/main.c:1149:25: warning: 'strncpy' output truncated before terminating nul copying 6 bytes from a string of the same length [-Wstringop-truncation]
 1149 |                         strncpy(state, "APOGEE", strlen("APOGEE"));
      |                         ^~~~~~~~~~~~~~~~~~~~~~~~~~~~~~~~~~~~~~~~~~
../Core/Src/main.c:1155:17: warning: 'strncpy' output truncated before terminating nul copying 10 bytes from a string of the same length [-Wstringop-truncation]
 1155 |                 strncpy(state, "DESCENDING", strlen("DESCENDING"));
      |                 ^~~~~~~~~~~~~~~~~~~~~~~~~~~~~~~~~~~~~~~~~~~~~~~~~~
../Core/Src/main.c:1164:25: warning: 'strncpy' output truncated before terminating nul copying 13 bytes from a string of the same length [-Wstringop-truncation]
 1164 |                         strncpy(state, "PROBE_RELEASE", strlen("PROBE_RELEASE"));
      |                         ^~~~~~~~~~~~~~~~~~~~~~~~~~~~~~~~~~~~~~~~~~~~~~~~~~~~~~~~
../Core/Src/main.c:1174:25: warning: 'strncpy' output truncated before terminating nul copying 6 bytes from a string of the same length [-Wstringop-truncation]
 1174 |                         strncpy(state, "LANDED", strlen("LANDED"));
      |                         ^~~~~~~~~~~~~~~~~~~~~~~~~~~~~~~~~~~~~~~~~~
../Core/Src/main.c:1180:17: warning: 'strncpy' output truncated before terminating nul copying 10 bytes from a string of the same length [-Wstringop-truncation]
 1180 |                 strncpy(state, "DESCENDING", strlen("DESCENDING"));
      |                 ^~~~~~~~~~~~~~~~~~~~~~~~~~~~~~~~~~~~~~~~~~~~~~~~~~
../Core/Src/main.c: In function 'handle_command':
../Core/Src/main.c:1290:25: warning: 'strncpy' output truncated before terminating nul copying 12 bytes from a string of the same length [-Wstringop-truncation]
 1290 |                         strncpy(state, "LAUNCH-READY", strlen("LAUNCH-READY"));
      |                         ^~~~~~~~~~~~~~~~~~~~~~~~~~~~~~~~~~~~~~~~~~~~~~~~~~~~~~
../Core/Src/main.c: In function 'reset_state':
../Core/Src/main.c:1406:9: warning: 'strncpy' output truncated before terminating nul copying 10 bytes from a string of the same length [-Wstringop-truncation]
 1406 |         strncpy(state, "LAUNCH_PAD", strlen("LAUNCH_PAD"));
      |         ^~~~~~~~~~~~~~~~~~~~~~~~~~~~~~~~~~~~~~~~~~~~~~~~~~
../Core/Src/main.c: In function 'handle_command':
../Core/Src/main.c:1276:60: warning: ':' directive output may be truncated writing 1 byte into a region of size between 0 and 4 [-Wformat-truncation=]
 1276 |                         snprintf(cmd_echo, 11, "ST%02d:%02d:%02d", mission_time_hr, mission_time_min, mission_time_sec);
      |                                                            ^
../Core/Src/main.c:1276:48: note: directive argument in the range [-128, 127]
 1276 |                         snprintf(cmd_echo, 11, "ST%02d:%02d:%02d", mission_time_hr, mission_time_min, mission_time_sec);
      |                                                ^~~~~~~~~~~~~~~~~~
../Core/Src/main.c:1276:25: note: 'snprintf' output between 11 and 17 bytes into a destination of size 11
 1276 |                         snprintf(cmd_echo, 11, "ST%02d:%02d:%02d", mission_time_hr, mission_time_min, mission_time_sec);
      |                         ^~~~~~~~~~~~~~~~~~~~~~~~~~~~~~~~~~~~~~~~~~~~~~~~~~~~~~~~~~~~~~~~~~~~~~~~~~~~~~~~~~~~~~~~~~~~~~~
arm-none-eabi-gcc -o "PCB_Flight_Software.elf" @"objects.list"   -mcpu=cortex-m4 -T"C:\Users\brady\repos\UCI-CanSat-24-25\In-Flight-Software\PCB_Flight_Software\STM32F412RETX_FLASH.ld" --specs=nosys.specs -Wl,-Map="PCB_Flight_Software.map" -Wl,--gc-sections -static -u _printf_float --specs=nano.specs -mfpu=fpv4-sp-d16 -mfloat-abi=hard -mthumb -Wl,--start-group -lc -lm -Wl,--end-group
Finished building target: PCB_Flight_Software.elf
 
arm-none-eabi-size  PCB_Flight_Software.elf 
arm-none-eabi-objdump -h -S PCB_Flight_Software.elf  > "PCB_Flight_Software.list"
   text	   data	    bss	    dec	    hex	filename
  66988	    688	   4072	  71748	  11844	PCB_Flight_Software.elf
Finished building: default.size.stdout
 
Finished building: PCB_Flight_Software.list
 
14:12:46 **** Incremental Build of configuration Debug for project PCB_Flight_Software ****
make -j20 all 
arm-none-eabi-gcc "../Core/Src/main.c" -mcpu=cortex-m4 -std=gnu11 -g3 -DDEBUG -DUSE_HAL_DRIVER -DSTM32F412Rx -c -I../Core/Inc -I../Drivers/STM32F4xx_HAL_Driver/Inc -I../Drivers/STM32F4xx_HAL_Driver/Inc/Legacy -I../Drivers/CMSIS/Device/ST/STM32F4xx/Include -I../Drivers/CMSIS/Include -O0 -ffunction-sections -fdata-sections -Wall -fstack-usage -fcyclomatic-complexity -MMD -MP -MF"Core/Src/main.d" -MT"Core/Src/main.o" --specs=nano.specs -mfpu=fpv4-sp-d16 -mfloat-abi=hard -mthumb -o "Core/Src/main.o"
../Core/Src/main.c: In function 'read_PA1010D':
../Core/Src/main.c:687:28: warning: pointer targets in passing argument 1 of 'parse_nmea' differ in signedness [-Wpointer-sign]
  687 |                 parse_nmea(pa_buf);
      |                            ^~~~~~
      |                            |
      |                            uint8_t * {aka unsigned char *}
../Core/Src/main.c:499:23: note: expected 'char *' but argument is of type 'uint8_t *' {aka 'unsigned char *'}
  499 | bool parse_nmea(char *buf){
      |                 ~~~~~~^~~
../Core/Src/main.c: In function 'init_PA1010D':
../Core/Src/main.c:860:36: warning: pointer targets in passing argument 1 of 'parse_nmea' differ in signedness [-Wpointer-sign]
  860 |                         parse_nmea(pa_buf);
      |                                    ^~~~~~
      |                                    |
      |                                    uint8_t * {aka unsigned char *}
../Core/Src/main.c:499:23: note: expected 'char *' but argument is of type 'uint8_t *' {aka 'unsigned char *'}
  499 | bool parse_nmea(char *buf){
      |                 ~~~~~~^~~
../Core/Src/main.c: In function 'handle_command':
../Core/Src/main.c:1393:17: warning: implicit declaration of function 'reset_state'; did you mean 'setstate'? [-Wimplicit-function-declaration]
 1393 |                 reset_state();
      |                 ^~~~~~~~~~~
      |                 setstate
../Core/Src/main.c: At top level:
../Core/Src/main.c:1398:6: warning: conflicting types for 'reset_state'; have 'void()'
 1398 | void reset_state(){
      |      ^~~~~~~~~~~
../Core/Src/main.c:1393:17: note: previous implicit declaration of 'reset_state' with type 'void()'
 1393 |                 reset_state();
      |                 ^~~~~~~~~~~
../Core/Src/main.c: In function 'HAL_UARTEx_RxEventCallback':
../Core/Src/main.c:1456:35: warning: pointer targets in initialization of 'char *' from 'uint8_t *' {aka 'unsigned char *'} differ in signedness [-Wpointer-sign]
 1456 |                 char *comma_pos = &rx_packet[Size - 3];  // Comma is 3 characters from the end (2 for checksum, 1 for comma)
      |                                   ^
../Core/Src/main.c:1464:69: warning: pointer targets in passing argument 1 of 'strtol' differ in signedness [-Wpointer-sign]
 1464 |                         uint8_t received_checksum = (uint8_t)strtol(&rx_packet[Size - 2], NULL, 16);  // Convert checksum to integer
      |                                                                     ^~~~~~~~~~~~~~~~~~~~
      |                                                                     |
      |                                                                     uint8_t * {aka unsigned char *}
In file included from ../Core/Src/main.c:29:
C:\ST\STM32CubeIDE_1.16.0\STM32CubeIDE\plugins\com.st.stm32cube.ide.mcu.externaltools.gnu-tools-for-stm32.12.3.rel1.win32_1.0.200.202406191623\tools\bin/../lib/gcc/arm-none-eabi/12.3.1/../../../../arm-none-eabi/include/stdlib.h:171:40: note: expected 'const char * restrict' but argument is of type 'uint8_t *' {aka 'unsigned char *'}
  171 | long    strtol (const char *__restrict __n, char **__restrict __end_PTR, int __base);
      |                 ~~~~~~~~~~~~~~~~~~~~~~~^~~
../Core/Src/main.c:1466:74: warning: pointer targets in passing argument 1 of 'calculate_checksum' differ in signedness [-Wpointer-sign]
 1466 |                         uint8_t calculated_checksum = calculate_checksum(&rx_packet[1]);
      |                                                                          ^~~~~~~~~~~~~
      |                                                                          |
      |                                                                          uint8_t * {aka unsigned char *}
../Core/Src/main.c:1048:40: note: expected 'const char *' but argument is of type 'uint8_t *' {aka 'unsigned char *'}
 1048 | uint8_t calculate_checksum(const char *data) {
      |                            ~~~~~~~~~~~~^~~~
../Core/Src/main.c:1470:56: warning: pointer targets in passing argument 2 of 'strcpy' differ in signedness [-Wpointer-sign]
 1470 |                                 strcpy(command_buffer, &rx_packet[1]);
      |                                                        ^~~~~~~~~~~~~
      |                                                        |
      |                                                        uint8_t * {aka unsigned char *}
In file included from ../Core/Src/main.c:26:
C:\ST\STM32CubeIDE_1.16.0\STM32CubeIDE\plugins\com.st.stm32cube.ide.mcu.externaltools.gnu-tools-for-stm32.12.3.rel1.win32_1.0.200.202406191623\tools\bin/../lib/gcc/arm-none-eabi/12.3.1/../../../../arm-none-eabi/include/string.h:38:36: note: expected 'const char * restrict' but argument is of type 'uint8_t *' {aka 'unsigned char *'}
   38 | char    *strcpy (char *__restrict, const char *__restrict);
      |                                    ^
../Core/Src/main.c:1477:60: warning: pointer targets in passing argument 2 of 'HAL_UARTEx_ReceiveToIdle_IT' differ in signedness [-Wpointer-sign]
 1477 |         uart_received = HAL_UARTEx_ReceiveToIdle_IT(huart, rx_data, RX_BFR_SIZE);
      |                                                            ^~~~~~~
      |                                                            |
      |                                                            char *
In file included from ../Core/Inc/stm32f4xx_hal_conf.h:411,
                 from ../Drivers/STM32F4xx_HAL_Driver/Inc/stm32f4xx_hal.h:29,
                 from ../Core/Inc/main.h:30,
                 from ../Core/Src/main.c:20:
../Drivers/STM32F4xx_HAL_Driver/Inc/stm32f4xx_hal_uart.h:757:83: note: expected 'uint8_t *' {aka 'unsigned char *'} but argument is of type 'char *'
  757 | HAL_StatusTypeDef HAL_UARTEx_ReceiveToIdle_IT(UART_HandleTypeDef *huart, uint8_t *pData, uint16_t Size);
      |                                                                          ~~~~~~~~~^~~~~
../Core/Src/main.c: In function 'main':
../Core/Src/main.c:1531:56: warning: pointer targets in passing argument 2 of 'HAL_UARTEx_ReceiveToIdle_IT' differ in signedness [-Wpointer-sign]
 1531 |   uart_received = HAL_UARTEx_ReceiveToIdle_IT(&huart1, rx_data, RX_BFR_SIZE);
      |                                                        ^~~~~~~
      |                                                        |
      |                                                        char *
../Drivers/STM32F4xx_HAL_Driver/Inc/stm32f4xx_hal_uart.h:757:83: note: expected 'uint8_t *' {aka 'unsigned char *'} but argument is of type 'char *'
  757 | HAL_StatusTypeDef HAL_UARTEx_ReceiveToIdle_IT(UART_HandleTypeDef *huart, uint8_t *pData, uint16_t Size);
      |                                                                          ~~~~~~~~~^~~~~
../Core/Src/main.c: In function 'handle_state':
../Core/Src/main.c:1139:25: warning: 'strncpy' output truncated before terminating nul copying 9 bytes from a string of the same length [-Wstringop-truncation]
 1139 |                         strncpy(state, "ASCENDING", strlen("ASCENDING"));
      |                         ^~~~~~~~~~~~~~~~~~~~~~~~~~~~~~~~~~~~~~~~~~~~~~~~
../Core/Src/main.c:1149:25: warning: 'strncpy' output truncated before terminating nul copying 6 bytes from a string of the same length [-Wstringop-truncation]
 1149 |                         strncpy(state, "APOGEE", strlen("APOGEE"));
      |                         ^~~~~~~~~~~~~~~~~~~~~~~~~~~~~~~~~~~~~~~~~~
../Core/Src/main.c:1155:17: warning: 'strncpy' output truncated before terminating nul copying 10 bytes from a string of the same length [-Wstringop-truncation]
 1155 |                 strncpy(state, "DESCENDING", strlen("DESCENDING"));
      |                 ^~~~~~~~~~~~~~~~~~~~~~~~~~~~~~~~~~~~~~~~~~~~~~~~~~
../Core/Src/main.c:1164:25: warning: 'strncpy' output truncated before terminating nul copying 13 bytes from a string of the same length [-Wstringop-truncation]
 1164 |                         strncpy(state, "PROBE_RELEASE", strlen("PROBE_RELEASE"));
      |                         ^~~~~~~~~~~~~~~~~~~~~~~~~~~~~~~~~~~~~~~~~~~~~~~~~~~~~~~~
../Core/Src/main.c:1174:25: warning: 'strncpy' output truncated before terminating nul copying 6 bytes from a string of the same length [-Wstringop-truncation]
 1174 |                         strncpy(state, "LANDED", strlen("LANDED"));
      |                         ^~~~~~~~~~~~~~~~~~~~~~~~~~~~~~~~~~~~~~~~~~
../Core/Src/main.c:1180:17: warning: 'strncpy' output truncated before terminating nul copying 10 bytes from a string of the same length [-Wstringop-truncation]
 1180 |                 strncpy(state, "DESCENDING", strlen("DESCENDING"));
      |                 ^~~~~~~~~~~~~~~~~~~~~~~~~~~~~~~~~~~~~~~~~~~~~~~~~~
../Core/Src/main.c: In function 'handle_command':
../Core/Src/main.c:1290:25: warning: 'strncpy' output truncated before terminating nul copying 12 bytes from a string of the same length [-Wstringop-truncation]
 1290 |                         strncpy(state, "LAUNCH-READY", strlen("LAUNCH-READY"));
      |                         ^~~~~~~~~~~~~~~~~~~~~~~~~~~~~~~~~~~~~~~~~~~~~~~~~~~~~~
../Core/Src/main.c: In function 'reset_state':
../Core/Src/main.c:1406:9: warning: 'strncpy' output truncated before terminating nul copying 10 bytes from a string of the same length [-Wstringop-truncation]
 1406 |         strncpy(state, "LAUNCH_PAD", strlen("LAUNCH_PAD"));
      |         ^~~~~~~~~~~~~~~~~~~~~~~~~~~~~~~~~~~~~~~~~~~~~~~~~~
../Core/Src/main.c: In function 'handle_command':
../Core/Src/main.c:1276:60: warning: ':' directive output may be truncated writing 1 byte into a region of size between 0 and 4 [-Wformat-truncation=]
 1276 |                         snprintf(cmd_echo, 11, "ST%02d:%02d:%02d", mission_time_hr, mission_time_min, mission_time_sec);
      |                                                            ^
../Core/Src/main.c:1276:48: note: directive argument in the range [-128, 127]
 1276 |                         snprintf(cmd_echo, 11, "ST%02d:%02d:%02d", mission_time_hr, mission_time_min, mission_time_sec);
      |                                                ^~~~~~~~~~~~~~~~~~
../Core/Src/main.c:1276:25: note: 'snprintf' output between 11 and 17 bytes into a destination of size 11
 1276 |                         snprintf(cmd_echo, 11, "ST%02d:%02d:%02d", mission_time_hr, mission_time_min, mission_time_sec);
      |                         ^~~~~~~~~~~~~~~~~~~~~~~~~~~~~~~~~~~~~~~~~~~~~~~~~~~~~~~~~~~~~~~~~~~~~~~~~~~~~~~~~~~~~~~~~~~~~~~
arm-none-eabi-gcc -o "PCB_Flight_Software.elf" @"objects.list"   -mcpu=cortex-m4 -T"C:\Users\brady\repos\UCI-CanSat-24-25\In-Flight-Software\PCB_Flight_Software\STM32F412RETX_FLASH.ld" --specs=nosys.specs -Wl,-Map="PCB_Flight_Software.map" -Wl,--gc-sections -static -u _printf_float --specs=nano.specs -mfpu=fpv4-sp-d16 -mfloat-abi=hard -mthumb -Wl,--start-group -lc -lm -Wl,--end-group
Finished building target: PCB_Flight_Software.elf
 
arm-none-eabi-size  PCB_Flight_Software.elf 
arm-none-eabi-objdump -h -S PCB_Flight_Software.elf  > "PCB_Flight_Software.list"
   text	   data	    bss	    dec	    hex	filename
  66988	    688	   4072	  71748	  11844	PCB_Flight_Software.elf
Finished building: default.size.stdout
 
Finished building: PCB_Flight_Software.list
 
14:15:51 **** Incremental Build of configuration Debug for project PCB_Flight_Software ****
make -j20 all 
arm-none-eabi-gcc "../Core/Src/main.c" -mcpu=cortex-m4 -std=gnu11 -g3 -DDEBUG -DUSE_HAL_DRIVER -DSTM32F412Rx -c -I../Core/Inc -I../Drivers/STM32F4xx_HAL_Driver/Inc -I../Drivers/STM32F4xx_HAL_Driver/Inc/Legacy -I../Drivers/CMSIS/Device/ST/STM32F4xx/Include -I../Drivers/CMSIS/Include -O0 -ffunction-sections -fdata-sections -Wall -fstack-usage -fcyclomatic-complexity -MMD -MP -MF"Core/Src/main.d" -MT"Core/Src/main.o" --specs=nano.specs -mfpu=fpv4-sp-d16 -mfloat-abi=hard -mthumb -o "Core/Src/main.o"
../Core/Src/main.c: In function 'read_PA1010D':
../Core/Src/main.c:687:28: warning: pointer targets in passing argument 1 of 'parse_nmea' differ in signedness [-Wpointer-sign]
  687 |                 parse_nmea(pa_buf);
      |                            ^~~~~~
      |                            |
      |                            uint8_t * {aka unsigned char *}
../Core/Src/main.c:499:23: note: expected 'char *' but argument is of type 'uint8_t *' {aka 'unsigned char *'}
  499 | bool parse_nmea(char *buf){
      |                 ~~~~~~^~~
../Core/Src/main.c: In function 'init_PA1010D':
../Core/Src/main.c:860:36: warning: pointer targets in passing argument 1 of 'parse_nmea' differ in signedness [-Wpointer-sign]
  860 |                         parse_nmea(pa_buf);
      |                                    ^~~~~~
      |                                    |
      |                                    uint8_t * {aka unsigned char *}
../Core/Src/main.c:499:23: note: expected 'char *' but argument is of type 'uint8_t *' {aka 'unsigned char *'}
  499 | bool parse_nmea(char *buf){
      |                 ~~~~~~^~~
../Core/Src/main.c: In function 'handle_command':
../Core/Src/main.c:1393:17: warning: implicit declaration of function 'reset_state'; did you mean 'setstate'? [-Wimplicit-function-declaration]
 1393 |                 reset_state();
      |                 ^~~~~~~~~~~
      |                 setstate
../Core/Src/main.c: At top level:
../Core/Src/main.c:1398:6: warning: conflicting types for 'reset_state'; have 'void()'
 1398 | void reset_state(){
      |      ^~~~~~~~~~~
../Core/Src/main.c:1393:17: note: previous implicit declaration of 'reset_state' with type 'void()'
 1393 |                 reset_state();
      |                 ^~~~~~~~~~~
../Core/Src/main.c: In function 'HAL_UARTEx_RxEventCallback':
../Core/Src/main.c:1456:35: warning: pointer targets in initialization of 'char *' from 'uint8_t *' {aka 'unsigned char *'} differ in signedness [-Wpointer-sign]
 1456 |                 char *comma_pos = &rx_packet[Size - 3];  // Comma is 3 characters from the end (2 for checksum, 1 for comma)
      |                                   ^
../Core/Src/main.c:1464:69: warning: pointer targets in passing argument 1 of 'strtol' differ in signedness [-Wpointer-sign]
 1464 |                         uint8_t received_checksum = (uint8_t)strtol(&rx_packet[Size - 2], NULL, 16);  // Convert checksum to integer
      |                                                                     ^~~~~~~~~~~~~~~~~~~~
      |                                                                     |
      |                                                                     uint8_t * {aka unsigned char *}
In file included from ../Core/Src/main.c:29:
C:\ST\STM32CubeIDE_1.16.0\STM32CubeIDE\plugins\com.st.stm32cube.ide.mcu.externaltools.gnu-tools-for-stm32.12.3.rel1.win32_1.0.200.202406191623\tools\bin/../lib/gcc/arm-none-eabi/12.3.1/../../../../arm-none-eabi/include/stdlib.h:171:40: note: expected 'const char * restrict' but argument is of type 'uint8_t *' {aka 'unsigned char *'}
  171 | long    strtol (const char *__restrict __n, char **__restrict __end_PTR, int __base);
      |                 ~~~~~~~~~~~~~~~~~~~~~~~^~~
../Core/Src/main.c:1466:74: warning: pointer targets in passing argument 1 of 'calculate_checksum' differ in signedness [-Wpointer-sign]
 1466 |                         uint8_t calculated_checksum = calculate_checksum(&rx_packet[1]);
      |                                                                          ^~~~~~~~~~~~~
      |                                                                          |
      |                                                                          uint8_t * {aka unsigned char *}
../Core/Src/main.c:1048:40: note: expected 'const char *' but argument is of type 'uint8_t *' {aka 'unsigned char *'}
 1048 | uint8_t calculate_checksum(const char *data) {
      |                            ~~~~~~~~~~~~^~~~
../Core/Src/main.c:1470:56: warning: pointer targets in passing argument 2 of 'strcpy' differ in signedness [-Wpointer-sign]
 1470 |                                 strcpy(command_buffer, &rx_packet[1]);
      |                                                        ^~~~~~~~~~~~~
      |                                                        |
      |                                                        uint8_t * {aka unsigned char *}
In file included from ../Core/Src/main.c:26:
C:\ST\STM32CubeIDE_1.16.0\STM32CubeIDE\plugins\com.st.stm32cube.ide.mcu.externaltools.gnu-tools-for-stm32.12.3.rel1.win32_1.0.200.202406191623\tools\bin/../lib/gcc/arm-none-eabi/12.3.1/../../../../arm-none-eabi/include/string.h:38:36: note: expected 'const char * restrict' but argument is of type 'uint8_t *' {aka 'unsigned char *'}
   38 | char    *strcpy (char *__restrict, const char *__restrict);
      |                                    ^
../Core/Src/main.c:1477:60: warning: pointer targets in passing argument 2 of 'HAL_UARTEx_ReceiveToIdle_IT' differ in signedness [-Wpointer-sign]
 1477 |         uart_received = HAL_UARTEx_ReceiveToIdle_IT(huart, rx_data, RX_BFR_SIZE);
      |                                                            ^~~~~~~
      |                                                            |
      |                                                            char *
In file included from ../Core/Inc/stm32f4xx_hal_conf.h:411,
                 from ../Drivers/STM32F4xx_HAL_Driver/Inc/stm32f4xx_hal.h:29,
                 from ../Core/Inc/main.h:30,
                 from ../Core/Src/main.c:20:
../Drivers/STM32F4xx_HAL_Driver/Inc/stm32f4xx_hal_uart.h:757:83: note: expected 'uint8_t *' {aka 'unsigned char *'} but argument is of type 'char *'
  757 | HAL_StatusTypeDef HAL_UARTEx_ReceiveToIdle_IT(UART_HandleTypeDef *huart, uint8_t *pData, uint16_t Size);
      |                                                                          ~~~~~~~~~^~~~~
../Core/Src/main.c: In function 'main':
../Core/Src/main.c:1531:56: warning: pointer targets in passing argument 2 of 'HAL_UARTEx_ReceiveToIdle_IT' differ in signedness [-Wpointer-sign]
 1531 |   uart_received = HAL_UARTEx_ReceiveToIdle_IT(&huart1, rx_data, RX_BFR_SIZE);
      |                                                        ^~~~~~~
      |                                                        |
      |                                                        char *
../Drivers/STM32F4xx_HAL_Driver/Inc/stm32f4xx_hal_uart.h:757:83: note: expected 'uint8_t *' {aka 'unsigned char *'} but argument is of type 'char *'
  757 | HAL_StatusTypeDef HAL_UARTEx_ReceiveToIdle_IT(UART_HandleTypeDef *huart, uint8_t *pData, uint16_t Size);
      |                                                                          ~~~~~~~~~^~~~~
../Core/Src/main.c: In function 'handle_state':
../Core/Src/main.c:1139:25: warning: 'strncpy' output truncated before terminating nul copying 9 bytes from a string of the same length [-Wstringop-truncation]
 1139 |                         strncpy(state, "ASCENDING", strlen("ASCENDING"));
      |                         ^~~~~~~~~~~~~~~~~~~~~~~~~~~~~~~~~~~~~~~~~~~~~~~~
../Core/Src/main.c:1149:25: warning: 'strncpy' output truncated before terminating nul copying 6 bytes from a string of the same length [-Wstringop-truncation]
 1149 |                         strncpy(state, "APOGEE", strlen("APOGEE"));
      |                         ^~~~~~~~~~~~~~~~~~~~~~~~~~~~~~~~~~~~~~~~~~
../Core/Src/main.c:1155:17: warning: 'strncpy' output truncated before terminating nul copying 10 bytes from a string of the same length [-Wstringop-truncation]
 1155 |                 strncpy(state, "DESCENDING", strlen("DESCENDING"));
      |                 ^~~~~~~~~~~~~~~~~~~~~~~~~~~~~~~~~~~~~~~~~~~~~~~~~~
../Core/Src/main.c:1164:25: warning: 'strncpy' output truncated before terminating nul copying 13 bytes from a string of the same length [-Wstringop-truncation]
 1164 |                         strncpy(state, "PROBE_RELEASE", strlen("PROBE_RELEASE"));
      |                         ^~~~~~~~~~~~~~~~~~~~~~~~~~~~~~~~~~~~~~~~~~~~~~~~~~~~~~~~
../Core/Src/main.c:1174:25: warning: 'strncpy' output truncated before terminating nul copying 6 bytes from a string of the same length [-Wstringop-truncation]
 1174 |                         strncpy(state, "LANDED", strlen("LANDED"));
      |                         ^~~~~~~~~~~~~~~~~~~~~~~~~~~~~~~~~~~~~~~~~~
../Core/Src/main.c:1180:17: warning: 'strncpy' output truncated before terminating nul copying 10 bytes from a string of the same length [-Wstringop-truncation]
 1180 |                 strncpy(state, "DESCENDING", strlen("DESCENDING"));
      |                 ^~~~~~~~~~~~~~~~~~~~~~~~~~~~~~~~~~~~~~~~~~~~~~~~~~
../Core/Src/main.c: In function 'handle_command':
../Core/Src/main.c:1290:25: warning: 'strncpy' output truncated before terminating nul copying 12 bytes from a string of the same length [-Wstringop-truncation]
 1290 |                         strncpy(state, "LAUNCH-READY", strlen("LAUNCH-READY"));
      |                         ^~~~~~~~~~~~~~~~~~~~~~~~~~~~~~~~~~~~~~~~~~~~~~~~~~~~~~
../Core/Src/main.c: In function 'reset_state':
../Core/Src/main.c:1406:9: warning: 'strncpy' output truncated before terminating nul copying 10 bytes from a string of the same length [-Wstringop-truncation]
 1406 |         strncpy(state, "LAUNCH_PAD", strlen("LAUNCH_PAD"));
      |         ^~~~~~~~~~~~~~~~~~~~~~~~~~~~~~~~~~~~~~~~~~~~~~~~~~
../Core/Src/main.c: In function 'handle_command':
../Core/Src/main.c:1276:60: warning: ':' directive output may be truncated writing 1 byte into a region of size between 0 and 4 [-Wformat-truncation=]
 1276 |                         snprintf(cmd_echo, 11, "ST%02d:%02d:%02d", mission_time_hr, mission_time_min, mission_time_sec);
      |                                                            ^
../Core/Src/main.c:1276:48: note: directive argument in the range [-128, 127]
 1276 |                         snprintf(cmd_echo, 11, "ST%02d:%02d:%02d", mission_time_hr, mission_time_min, mission_time_sec);
      |                                                ^~~~~~~~~~~~~~~~~~
../Core/Src/main.c:1276:25: note: 'snprintf' output between 11 and 17 bytes into a destination of size 11
 1276 |                         snprintf(cmd_echo, 11, "ST%02d:%02d:%02d", mission_time_hr, mission_time_min, mission_time_sec);
      |                         ^~~~~~~~~~~~~~~~~~~~~~~~~~~~~~~~~~~~~~~~~~~~~~~~~~~~~~~~~~~~~~~~~~~~~~~~~~~~~~~~~~~~~~~~~~~~~~~
arm-none-eabi-gcc -o "PCB_Flight_Software.elf" @"objects.list"   -mcpu=cortex-m4 -T"C:\Users\brady\repos\UCI-CanSat-24-25\In-Flight-Software\PCB_Flight_Software\STM32F412RETX_FLASH.ld" --specs=nosys.specs -Wl,-Map="PCB_Flight_Software.map" -Wl,--gc-sections -static -u _printf_float --specs=nano.specs -mfpu=fpv4-sp-d16 -mfloat-abi=hard -mthumb -Wl,--start-group -lc -lm -Wl,--end-group
Finished building target: PCB_Flight_Software.elf
 
arm-none-eabi-size  PCB_Flight_Software.elf 
arm-none-eabi-objdump -h -S PCB_Flight_Software.elf  > "PCB_Flight_Software.list"
   text	   data	    bss	    dec	    hex	filename
  66988	    688	   4072	  71748	  11844	PCB_Flight_Software.elf
Finished building: default.size.stdout
 
Finished building: PCB_Flight_Software.list
 
14:17:17 **** Incremental Build of configuration Debug for project PCB_Flight_Software ****
make -j20 all 
arm-none-eabi-gcc "../Core/Src/main.c" -mcpu=cortex-m4 -std=gnu11 -g3 -DDEBUG -DUSE_HAL_DRIVER -DSTM32F412Rx -c -I../Core/Inc -I../Drivers/STM32F4xx_HAL_Driver/Inc -I../Drivers/STM32F4xx_HAL_Driver/Inc/Legacy -I../Drivers/CMSIS/Device/ST/STM32F4xx/Include -I../Drivers/CMSIS/Include -O0 -ffunction-sections -fdata-sections -Wall -fstack-usage -fcyclomatic-complexity -MMD -MP -MF"Core/Src/main.d" -MT"Core/Src/main.o" --specs=nano.specs -mfpu=fpv4-sp-d16 -mfloat-abi=hard -mthumb -o "Core/Src/main.o"
../Core/Src/main.c: In function 'read_PA1010D':
../Core/Src/main.c:687:28: warning: pointer targets in passing argument 1 of 'parse_nmea' differ in signedness [-Wpointer-sign]
  687 |                 parse_nmea(pa_buf);
      |                            ^~~~~~
      |                            |
      |                            uint8_t * {aka unsigned char *}
../Core/Src/main.c:499:23: note: expected 'char *' but argument is of type 'uint8_t *' {aka 'unsigned char *'}
  499 | bool parse_nmea(char *buf){
      |                 ~~~~~~^~~
../Core/Src/main.c: In function 'init_PA1010D':
../Core/Src/main.c:860:36: warning: pointer targets in passing argument 1 of 'parse_nmea' differ in signedness [-Wpointer-sign]
  860 |                         parse_nmea(pa_buf);
      |                                    ^~~~~~
      |                                    |
      |                                    uint8_t * {aka unsigned char *}
../Core/Src/main.c:499:23: note: expected 'char *' but argument is of type 'uint8_t *' {aka 'unsigned char *'}
  499 | bool parse_nmea(char *buf){
      |                 ~~~~~~^~~
../Core/Src/main.c: In function 'handle_command':
../Core/Src/main.c:1393:17: warning: implicit declaration of function 'reset_state'; did you mean 'setstate'? [-Wimplicit-function-declaration]
 1393 |                 reset_state();
      |                 ^~~~~~~~~~~
      |                 setstate
../Core/Src/main.c: At top level:
../Core/Src/main.c:1398:6: warning: conflicting types for 'reset_state'; have 'void()'
 1398 | void reset_state(){
      |      ^~~~~~~~~~~
../Core/Src/main.c:1393:17: note: previous implicit declaration of 'reset_state' with type 'void()'
 1393 |                 reset_state();
      |                 ^~~~~~~~~~~
../Core/Src/main.c: In function 'HAL_UARTEx_RxEventCallback':
../Core/Src/main.c:1456:35: warning: pointer targets in initialization of 'char *' from 'uint8_t *' {aka 'unsigned char *'} differ in signedness [-Wpointer-sign]
 1456 |                 char *comma_pos = &rx_packet[Size - 3];  // Comma is 3 characters from the end (2 for checksum, 1 for comma)
      |                                   ^
../Core/Src/main.c:1464:69: warning: pointer targets in passing argument 1 of 'strtol' differ in signedness [-Wpointer-sign]
 1464 |                         uint8_t received_checksum = (uint8_t)strtol(&rx_packet[Size - 2], NULL, 16);  // Convert checksum to integer
      |                                                                     ^~~~~~~~~~~~~~~~~~~~
      |                                                                     |
      |                                                                     uint8_t * {aka unsigned char *}
In file included from ../Core/Src/main.c:29:
C:\ST\STM32CubeIDE_1.16.0\STM32CubeIDE\plugins\com.st.stm32cube.ide.mcu.externaltools.gnu-tools-for-stm32.12.3.rel1.win32_1.0.200.202406191623\tools\bin/../lib/gcc/arm-none-eabi/12.3.1/../../../../arm-none-eabi/include/stdlib.h:171:40: note: expected 'const char * restrict' but argument is of type 'uint8_t *' {aka 'unsigned char *'}
  171 | long    strtol (const char *__restrict __n, char **__restrict __end_PTR, int __base);
      |                 ~~~~~~~~~~~~~~~~~~~~~~~^~~
../Core/Src/main.c:1466:74: warning: pointer targets in passing argument 1 of 'calculate_checksum' differ in signedness [-Wpointer-sign]
 1466 |                         uint8_t calculated_checksum = calculate_checksum(&rx_packet[1]);
      |                                                                          ^~~~~~~~~~~~~
      |                                                                          |
      |                                                                          uint8_t * {aka unsigned char *}
../Core/Src/main.c:1048:40: note: expected 'const char *' but argument is of type 'uint8_t *' {aka 'unsigned char *'}
 1048 | uint8_t calculate_checksum(const char *data) {
      |                            ~~~~~~~~~~~~^~~~
../Core/Src/main.c:1470:56: warning: pointer targets in passing argument 2 of 'strcpy' differ in signedness [-Wpointer-sign]
 1470 |                                 strcpy(command_buffer, &rx_packet[1]);
      |                                                        ^~~~~~~~~~~~~
      |                                                        |
      |                                                        uint8_t * {aka unsigned char *}
In file included from ../Core/Src/main.c:26:
C:\ST\STM32CubeIDE_1.16.0\STM32CubeIDE\plugins\com.st.stm32cube.ide.mcu.externaltools.gnu-tools-for-stm32.12.3.rel1.win32_1.0.200.202406191623\tools\bin/../lib/gcc/arm-none-eabi/12.3.1/../../../../arm-none-eabi/include/string.h:38:36: note: expected 'const char * restrict' but argument is of type 'uint8_t *' {aka 'unsigned char *'}
   38 | char    *strcpy (char *__restrict, const char *__restrict);
      |                                    ^
../Core/Src/main.c:1477:60: warning: pointer targets in passing argument 2 of 'HAL_UARTEx_ReceiveToIdle_IT' differ in signedness [-Wpointer-sign]
 1477 |         uart_received = HAL_UARTEx_ReceiveToIdle_IT(huart, rx_data, RX_BFR_SIZE);
      |                                                            ^~~~~~~
      |                                                            |
      |                                                            char *
In file included from ../Core/Inc/stm32f4xx_hal_conf.h:411,
                 from ../Drivers/STM32F4xx_HAL_Driver/Inc/stm32f4xx_hal.h:29,
                 from ../Core/Inc/main.h:30,
                 from ../Core/Src/main.c:20:
../Drivers/STM32F4xx_HAL_Driver/Inc/stm32f4xx_hal_uart.h:757:83: note: expected 'uint8_t *' {aka 'unsigned char *'} but argument is of type 'char *'
  757 | HAL_StatusTypeDef HAL_UARTEx_ReceiveToIdle_IT(UART_HandleTypeDef *huart, uint8_t *pData, uint16_t Size);
      |                                                                          ~~~~~~~~~^~~~~
../Core/Src/main.c: In function 'main':
../Core/Src/main.c:1531:56: warning: pointer targets in passing argument 2 of 'HAL_UARTEx_ReceiveToIdle_IT' differ in signedness [-Wpointer-sign]
 1531 |   uart_received = HAL_UARTEx_ReceiveToIdle_IT(&huart1, rx_data, RX_BFR_SIZE);
      |                                                        ^~~~~~~
      |                                                        |
      |                                                        char *
../Drivers/STM32F4xx_HAL_Driver/Inc/stm32f4xx_hal_uart.h:757:83: note: expected 'uint8_t *' {aka 'unsigned char *'} but argument is of type 'char *'
  757 | HAL_StatusTypeDef HAL_UARTEx_ReceiveToIdle_IT(UART_HandleTypeDef *huart, uint8_t *pData, uint16_t Size);
      |                                                                          ~~~~~~~~~^~~~~
../Core/Src/main.c: In function 'handle_state':
../Core/Src/main.c:1139:25: warning: 'strncpy' output truncated before terminating nul copying 9 bytes from a string of the same length [-Wstringop-truncation]
 1139 |                         strncpy(state, "ASCENDING", strlen("ASCENDING"));
      |                         ^~~~~~~~~~~~~~~~~~~~~~~~~~~~~~~~~~~~~~~~~~~~~~~~
../Core/Src/main.c:1149:25: warning: 'strncpy' output truncated before terminating nul copying 6 bytes from a string of the same length [-Wstringop-truncation]
 1149 |                         strncpy(state, "APOGEE", strlen("APOGEE"));
      |                         ^~~~~~~~~~~~~~~~~~~~~~~~~~~~~~~~~~~~~~~~~~
../Core/Src/main.c:1155:17: warning: 'strncpy' output truncated before terminating nul copying 10 bytes from a string of the same length [-Wstringop-truncation]
 1155 |                 strncpy(state, "DESCENDING", strlen("DESCENDING"));
      |                 ^~~~~~~~~~~~~~~~~~~~~~~~~~~~~~~~~~~~~~~~~~~~~~~~~~
../Core/Src/main.c:1164:25: warning: 'strncpy' output truncated before terminating nul copying 13 bytes from a string of the same length [-Wstringop-truncation]
 1164 |                         strncpy(state, "PROBE_RELEASE", strlen("PROBE_RELEASE"));
      |                         ^~~~~~~~~~~~~~~~~~~~~~~~~~~~~~~~~~~~~~~~~~~~~~~~~~~~~~~~
../Core/Src/main.c:1174:25: warning: 'strncpy' output truncated before terminating nul copying 6 bytes from a string of the same length [-Wstringop-truncation]
 1174 |                         strncpy(state, "LANDED", strlen("LANDED"));
      |                         ^~~~~~~~~~~~~~~~~~~~~~~~~~~~~~~~~~~~~~~~~~
../Core/Src/main.c:1180:17: warning: 'strncpy' output truncated before terminating nul copying 10 bytes from a string of the same length [-Wstringop-truncation]
 1180 |                 strncpy(state, "DESCENDING", strlen("DESCENDING"));
      |                 ^~~~~~~~~~~~~~~~~~~~~~~~~~~~~~~~~~~~~~~~~~~~~~~~~~
../Core/Src/main.c: In function 'handle_command':
../Core/Src/main.c:1290:25: warning: 'strncpy' output truncated before terminating nul copying 12 bytes from a string of the same length [-Wstringop-truncation]
 1290 |                         strncpy(state, "LAUNCH-READY", strlen("LAUNCH-READY"));
      |                         ^~~~~~~~~~~~~~~~~~~~~~~~~~~~~~~~~~~~~~~~~~~~~~~~~~~~~~
../Core/Src/main.c: In function 'reset_state':
../Core/Src/main.c:1406:9: warning: 'strncpy' output truncated before terminating nul copying 10 bytes from a string of the same length [-Wstringop-truncation]
 1406 |         strncpy(state, "LAUNCH_PAD", strlen("LAUNCH_PAD"));
      |         ^~~~~~~~~~~~~~~~~~~~~~~~~~~~~~~~~~~~~~~~~~~~~~~~~~
../Core/Src/main.c: In function 'handle_command':
../Core/Src/main.c:1276:60: warning: ':' directive output may be truncated writing 1 byte into a region of size between 0 and 4 [-Wformat-truncation=]
 1276 |                         snprintf(cmd_echo, 11, "ST%02d:%02d:%02d", mission_time_hr, mission_time_min, mission_time_sec);
      |                                                            ^
../Core/Src/main.c:1276:48: note: directive argument in the range [-128, 127]
 1276 |                         snprintf(cmd_echo, 11, "ST%02d:%02d:%02d", mission_time_hr, mission_time_min, mission_time_sec);
      |                                                ^~~~~~~~~~~~~~~~~~
../Core/Src/main.c:1276:25: note: 'snprintf' output between 11 and 17 bytes into a destination of size 11
 1276 |                         snprintf(cmd_echo, 11, "ST%02d:%02d:%02d", mission_time_hr, mission_time_min, mission_time_sec);
      |                         ^~~~~~~~~~~~~~~~~~~~~~~~~~~~~~~~~~~~~~~~~~~~~~~~~~~~~~~~~~~~~~~~~~~~~~~~~~~~~~~~~~~~~~~~~~~~~~~
arm-none-eabi-gcc -o "PCB_Flight_Software.elf" @"objects.list"   -mcpu=cortex-m4 -T"C:\Users\brady\repos\UCI-CanSat-24-25\In-Flight-Software\PCB_Flight_Software\STM32F412RETX_FLASH.ld" --specs=nosys.specs -Wl,-Map="PCB_Flight_Software.map" -Wl,--gc-sections -static -u _printf_float --specs=nano.specs -mfpu=fpv4-sp-d16 -mfloat-abi=hard -mthumb -Wl,--start-group -lc -lm -Wl,--end-group
Finished building target: PCB_Flight_Software.elf
 
arm-none-eabi-size  PCB_Flight_Software.elf 
arm-none-eabi-objdump -h -S PCB_Flight_Software.elf  > "PCB_Flight_Software.list"
   text	   data	    bss	    dec	    hex	filename
  66988	    688	   4072	  71748	  11844	PCB_Flight_Software.elf
Finished building: default.size.stdout
 
Finished building: PCB_Flight_Software.list
 
14:21:43 **** Incremental Build of configuration Debug for project PCB_Flight_Software ****
make -j20 all 
arm-none-eabi-gcc "../Core/Src/main.c" -mcpu=cortex-m4 -std=gnu11 -g3 -DDEBUG -DUSE_HAL_DRIVER -DSTM32F412Rx -c -I../Core/Inc -I../Drivers/STM32F4xx_HAL_Driver/Inc -I../Drivers/STM32F4xx_HAL_Driver/Inc/Legacy -I../Drivers/CMSIS/Device/ST/STM32F4xx/Include -I../Drivers/CMSIS/Include -O0 -ffunction-sections -fdata-sections -Wall -fstack-usage -fcyclomatic-complexity -MMD -MP -MF"Core/Src/main.d" -MT"Core/Src/main.o" --specs=nano.specs -mfpu=fpv4-sp-d16 -mfloat-abi=hard -mthumb -o "Core/Src/main.o"
../Core/Src/main.c: In function 'read_PA1010D':
../Core/Src/main.c:687:28: warning: pointer targets in passing argument 1 of 'parse_nmea' differ in signedness [-Wpointer-sign]
  687 |                 parse_nmea(pa_buf);
      |                            ^~~~~~
      |                            |
      |                            uint8_t * {aka unsigned char *}
../Core/Src/main.c:499:23: note: expected 'char *' but argument is of type 'uint8_t *' {aka 'unsigned char *'}
  499 | bool parse_nmea(char *buf){
      |                 ~~~~~~^~~
../Core/Src/main.c: In function 'init_PA1010D':
../Core/Src/main.c:860:36: warning: pointer targets in passing argument 1 of 'parse_nmea' differ in signedness [-Wpointer-sign]
  860 |                         parse_nmea(pa_buf);
      |                                    ^~~~~~
      |                                    |
      |                                    uint8_t * {aka unsigned char *}
../Core/Src/main.c:499:23: note: expected 'char *' but argument is of type 'uint8_t *' {aka 'unsigned char *'}
  499 | bool parse_nmea(char *buf){
      |                 ~~~~~~^~~
../Core/Src/main.c: In function 'handle_command':
../Core/Src/main.c:1393:17: warning: implicit declaration of function 'reset_state'; did you mean 'setstate'? [-Wimplicit-function-declaration]
 1393 |                 reset_state();
      |                 ^~~~~~~~~~~
      |                 setstate
../Core/Src/main.c: At top level:
../Core/Src/main.c:1398:6: warning: conflicting types for 'reset_state'; have 'void()'
 1398 | void reset_state(){
      |      ^~~~~~~~~~~
../Core/Src/main.c:1393:17: note: previous implicit declaration of 'reset_state' with type 'void()'
 1393 |                 reset_state();
      |                 ^~~~~~~~~~~
../Core/Src/main.c: In function 'HAL_UARTEx_RxEventCallback':
../Core/Src/main.c:1456:35: warning: pointer targets in initialization of 'char *' from 'uint8_t *' {aka 'unsigned char *'} differ in signedness [-Wpointer-sign]
 1456 |                 char *comma_pos = &rx_packet[Size - 3];  // Comma is 3 characters from the end (2 for checksum, 1 for comma)
      |                                   ^
../Core/Src/main.c:1464:69: warning: pointer targets in passing argument 1 of 'strtol' differ in signedness [-Wpointer-sign]
 1464 |                         uint8_t received_checksum = (uint8_t)strtol(&rx_packet[Size - 2], NULL, 16);  // Convert checksum to integer
      |                                                                     ^~~~~~~~~~~~~~~~~~~~
      |                                                                     |
      |                                                                     uint8_t * {aka unsigned char *}
In file included from ../Core/Src/main.c:29:
C:\ST\STM32CubeIDE_1.16.0\STM32CubeIDE\plugins\com.st.stm32cube.ide.mcu.externaltools.gnu-tools-for-stm32.12.3.rel1.win32_1.0.200.202406191623\tools\bin/../lib/gcc/arm-none-eabi/12.3.1/../../../../arm-none-eabi/include/stdlib.h:171:40: note: expected 'const char * restrict' but argument is of type 'uint8_t *' {aka 'unsigned char *'}
  171 | long    strtol (const char *__restrict __n, char **__restrict __end_PTR, int __base);
      |                 ~~~~~~~~~~~~~~~~~~~~~~~^~~
../Core/Src/main.c:1466:74: warning: pointer targets in passing argument 1 of 'calculate_checksum' differ in signedness [-Wpointer-sign]
 1466 |                         uint8_t calculated_checksum = calculate_checksum(&rx_packet[1]);
      |                                                                          ^~~~~~~~~~~~~
      |                                                                          |
      |                                                                          uint8_t * {aka unsigned char *}
../Core/Src/main.c:1048:40: note: expected 'const char *' but argument is of type 'uint8_t *' {aka 'unsigned char *'}
 1048 | uint8_t calculate_checksum(const char *data) {
      |                            ~~~~~~~~~~~~^~~~
../Core/Src/main.c:1470:56: warning: pointer targets in passing argument 2 of 'strcpy' differ in signedness [-Wpointer-sign]
 1470 |                                 strcpy(command_buffer, &rx_packet[1]);
      |                                                        ^~~~~~~~~~~~~
      |                                                        |
      |                                                        uint8_t * {aka unsigned char *}
In file included from ../Core/Src/main.c:26:
C:\ST\STM32CubeIDE_1.16.0\STM32CubeIDE\plugins\com.st.stm32cube.ide.mcu.externaltools.gnu-tools-for-stm32.12.3.rel1.win32_1.0.200.202406191623\tools\bin/../lib/gcc/arm-none-eabi/12.3.1/../../../../arm-none-eabi/include/string.h:38:36: note: expected 'const char * restrict' but argument is of type 'uint8_t *' {aka 'unsigned char *'}
   38 | char    *strcpy (char *__restrict, const char *__restrict);
      |                                    ^
../Core/Src/main.c:1477:60: warning: pointer targets in passing argument 2 of 'HAL_UARTEx_ReceiveToIdle_IT' differ in signedness [-Wpointer-sign]
 1477 |         uart_received = HAL_UARTEx_ReceiveToIdle_IT(huart, rx_data, RX_BFR_SIZE);
      |                                                            ^~~~~~~
      |                                                            |
      |                                                            char *
In file included from ../Core/Inc/stm32f4xx_hal_conf.h:411,
                 from ../Drivers/STM32F4xx_HAL_Driver/Inc/stm32f4xx_hal.h:29,
                 from ../Core/Inc/main.h:30,
                 from ../Core/Src/main.c:20:
../Drivers/STM32F4xx_HAL_Driver/Inc/stm32f4xx_hal_uart.h:757:83: note: expected 'uint8_t *' {aka 'unsigned char *'} but argument is of type 'char *'
  757 | HAL_StatusTypeDef HAL_UARTEx_ReceiveToIdle_IT(UART_HandleTypeDef *huart, uint8_t *pData, uint16_t Size);
      |                                                                          ~~~~~~~~~^~~~~
../Core/Src/main.c: In function 'main':
../Core/Src/main.c:1531:56: warning: pointer targets in passing argument 2 of 'HAL_UARTEx_ReceiveToIdle_IT' differ in signedness [-Wpointer-sign]
 1531 |   uart_received = HAL_UARTEx_ReceiveToIdle_IT(&huart1, rx_data, RX_BFR_SIZE);
      |                                                        ^~~~~~~
      |                                                        |
      |                                                        char *
../Drivers/STM32F4xx_HAL_Driver/Inc/stm32f4xx_hal_uart.h:757:83: note: expected 'uint8_t *' {aka 'unsigned char *'} but argument is of type 'char *'
  757 | HAL_StatusTypeDef HAL_UARTEx_ReceiveToIdle_IT(UART_HandleTypeDef *huart, uint8_t *pData, uint16_t Size);
      |                                                                          ~~~~~~~~~^~~~~
../Core/Src/main.c: In function 'handle_state':
../Core/Src/main.c:1139:25: warning: 'strncpy' output truncated before terminating nul copying 9 bytes from a string of the same length [-Wstringop-truncation]
 1139 |                         strncpy(state, "ASCENDING", strlen("ASCENDING"));
      |                         ^~~~~~~~~~~~~~~~~~~~~~~~~~~~~~~~~~~~~~~~~~~~~~~~
../Core/Src/main.c:1149:25: warning: 'strncpy' output truncated before terminating nul copying 6 bytes from a string of the same length [-Wstringop-truncation]
 1149 |                         strncpy(state, "APOGEE", strlen("APOGEE"));
      |                         ^~~~~~~~~~~~~~~~~~~~~~~~~~~~~~~~~~~~~~~~~~
../Core/Src/main.c:1155:17: warning: 'strncpy' output truncated before terminating nul copying 10 bytes from a string of the same length [-Wstringop-truncation]
 1155 |                 strncpy(state, "DESCENDING", strlen("DESCENDING"));
      |                 ^~~~~~~~~~~~~~~~~~~~~~~~~~~~~~~~~~~~~~~~~~~~~~~~~~
../Core/Src/main.c:1164:25: warning: 'strncpy' output truncated before terminating nul copying 13 bytes from a string of the same length [-Wstringop-truncation]
 1164 |                         strncpy(state, "PROBE_RELEASE", strlen("PROBE_RELEASE"));
      |                         ^~~~~~~~~~~~~~~~~~~~~~~~~~~~~~~~~~~~~~~~~~~~~~~~~~~~~~~~
../Core/Src/main.c:1174:25: warning: 'strncpy' output truncated before terminating nul copying 6 bytes from a string of the same length [-Wstringop-truncation]
 1174 |                         strncpy(state, "LANDED", strlen("LANDED"));
      |                         ^~~~~~~~~~~~~~~~~~~~~~~~~~~~~~~~~~~~~~~~~~
../Core/Src/main.c:1180:17: warning: 'strncpy' output truncated before terminating nul copying 10 bytes from a string of the same length [-Wstringop-truncation]
 1180 |                 strncpy(state, "DESCENDING", strlen("DESCENDING"));
      |                 ^~~~~~~~~~~~~~~~~~~~~~~~~~~~~~~~~~~~~~~~~~~~~~~~~~
../Core/Src/main.c: In function 'handle_command':
../Core/Src/main.c:1290:25: warning: 'strncpy' output truncated before terminating nul copying 12 bytes from a string of the same length [-Wstringop-truncation]
 1290 |                         strncpy(state, "LAUNCH-READY", strlen("LAUNCH-READY"));
      |                         ^~~~~~~~~~~~~~~~~~~~~~~~~~~~~~~~~~~~~~~~~~~~~~~~~~~~~~
../Core/Src/main.c: In function 'reset_state':
../Core/Src/main.c:1406:9: warning: 'strncpy' output truncated before terminating nul copying 10 bytes from a string of the same length [-Wstringop-truncation]
 1406 |         strncpy(state, "LAUNCH_PAD", strlen("LAUNCH_PAD"));
      |         ^~~~~~~~~~~~~~~~~~~~~~~~~~~~~~~~~~~~~~~~~~~~~~~~~~
../Core/Src/main.c: In function 'handle_command':
../Core/Src/main.c:1276:60: warning: ':' directive output may be truncated writing 1 byte into a region of size between 0 and 4 [-Wformat-truncation=]
 1276 |                         snprintf(cmd_echo, 11, "ST%02d:%02d:%02d", mission_time_hr, mission_time_min, mission_time_sec);
      |                                                            ^
../Core/Src/main.c:1276:48: note: directive argument in the range [-128, 127]
 1276 |                         snprintf(cmd_echo, 11, "ST%02d:%02d:%02d", mission_time_hr, mission_time_min, mission_time_sec);
      |                                                ^~~~~~~~~~~~~~~~~~
../Core/Src/main.c:1276:25: note: 'snprintf' output between 11 and 17 bytes into a destination of size 11
 1276 |                         snprintf(cmd_echo, 11, "ST%02d:%02d:%02d", mission_time_hr, mission_time_min, mission_time_sec);
      |                         ^~~~~~~~~~~~~~~~~~~~~~~~~~~~~~~~~~~~~~~~~~~~~~~~~~~~~~~~~~~~~~~~~~~~~~~~~~~~~~~~~~~~~~~~~~~~~~~
arm-none-eabi-gcc -o "PCB_Flight_Software.elf" @"objects.list"   -mcpu=cortex-m4 -T"C:\Users\brady\repos\UCI-CanSat-24-25\In-Flight-Software\PCB_Flight_Software\STM32F412RETX_FLASH.ld" --specs=nosys.specs -Wl,-Map="PCB_Flight_Software.map" -Wl,--gc-sections -static -u _printf_float --specs=nano.specs -mfpu=fpv4-sp-d16 -mfloat-abi=hard -mthumb -Wl,--start-group -lc -lm -Wl,--end-group
Finished building target: PCB_Flight_Software.elf
 
arm-none-eabi-size  PCB_Flight_Software.elf 
arm-none-eabi-objdump -h -S PCB_Flight_Software.elf  > "PCB_Flight_Software.list"
   text	   data	    bss	    dec	    hex	filename
  66988	    688	   4072	  71748	  11844	PCB_Flight_Software.elf
Finished building: default.size.stdout
 
Finished building: PCB_Flight_Software.list
 
14:24:17 **** Incremental Build of configuration Debug for project PCB_Flight_Software ****
make -j20 all 
arm-none-eabi-gcc "../Core/Src/main.c" -mcpu=cortex-m4 -std=gnu11 -g3 -DDEBUG -DUSE_HAL_DRIVER -DSTM32F412Rx -c -I../Core/Inc -I../Drivers/STM32F4xx_HAL_Driver/Inc -I../Drivers/STM32F4xx_HAL_Driver/Inc/Legacy -I../Drivers/CMSIS/Device/ST/STM32F4xx/Include -I../Drivers/CMSIS/Include -O0 -ffunction-sections -fdata-sections -Wall -fstack-usage -fcyclomatic-complexity -MMD -MP -MF"Core/Src/main.d" -MT"Core/Src/main.o" --specs=nano.specs -mfpu=fpv4-sp-d16 -mfloat-abi=hard -mthumb -o "Core/Src/main.o"
../Core/Src/main.c: In function 'read_PA1010D':
../Core/Src/main.c:687:28: warning: pointer targets in passing argument 1 of 'parse_nmea' differ in signedness [-Wpointer-sign]
  687 |                 parse_nmea(pa_buf);
      |                            ^~~~~~
      |                            |
      |                            uint8_t * {aka unsigned char *}
../Core/Src/main.c:499:23: note: expected 'char *' but argument is of type 'uint8_t *' {aka 'unsigned char *'}
  499 | bool parse_nmea(char *buf){
      |                 ~~~~~~^~~
../Core/Src/main.c: In function 'init_PA1010D':
../Core/Src/main.c:860:36: warning: pointer targets in passing argument 1 of 'parse_nmea' differ in signedness [-Wpointer-sign]
  860 |                         parse_nmea(pa_buf);
      |                                    ^~~~~~
      |                                    |
      |                                    uint8_t * {aka unsigned char *}
../Core/Src/main.c:499:23: note: expected 'char *' but argument is of type 'uint8_t *' {aka 'unsigned char *'}
  499 | bool parse_nmea(char *buf){
      |                 ~~~~~~^~~
../Core/Src/main.c: In function 'handle_command':
../Core/Src/main.c:1393:17: warning: implicit declaration of function 'reset_state'; did you mean 'setstate'? [-Wimplicit-function-declaration]
 1393 |                 reset_state();
      |                 ^~~~~~~~~~~
      |                 setstate
../Core/Src/main.c: At top level:
../Core/Src/main.c:1398:6: warning: conflicting types for 'reset_state'; have 'void()'
 1398 | void reset_state(){
      |      ^~~~~~~~~~~
../Core/Src/main.c:1393:17: note: previous implicit declaration of 'reset_state' with type 'void()'
 1393 |                 reset_state();
      |                 ^~~~~~~~~~~
../Core/Src/main.c: In function 'HAL_UARTEx_RxEventCallback':
../Core/Src/main.c:1456:35: warning: pointer targets in initialization of 'char *' from 'uint8_t *' {aka 'unsigned char *'} differ in signedness [-Wpointer-sign]
 1456 |                 char *comma_pos = &rx_packet[Size - 3];  // Comma is 3 characters from the end (2 for checksum, 1 for comma)
      |                                   ^
../Core/Src/main.c:1464:69: warning: pointer targets in passing argument 1 of 'strtol' differ in signedness [-Wpointer-sign]
 1464 |                         uint8_t received_checksum = (uint8_t)strtol(&rx_packet[Size - 2], NULL, 16);  // Convert checksum to integer
      |                                                                     ^~~~~~~~~~~~~~~~~~~~
      |                                                                     |
      |                                                                     uint8_t * {aka unsigned char *}
In file included from ../Core/Src/main.c:29:
C:\ST\STM32CubeIDE_1.16.0\STM32CubeIDE\plugins\com.st.stm32cube.ide.mcu.externaltools.gnu-tools-for-stm32.12.3.rel1.win32_1.0.200.202406191623\tools\bin/../lib/gcc/arm-none-eabi/12.3.1/../../../../arm-none-eabi/include/stdlib.h:171:40: note: expected 'const char * restrict' but argument is of type 'uint8_t *' {aka 'unsigned char *'}
  171 | long    strtol (const char *__restrict __n, char **__restrict __end_PTR, int __base);
      |                 ~~~~~~~~~~~~~~~~~~~~~~~^~~
../Core/Src/main.c:1466:74: warning: pointer targets in passing argument 1 of 'calculate_checksum' differ in signedness [-Wpointer-sign]
 1466 |                         uint8_t calculated_checksum = calculate_checksum(&rx_packet[1]);
      |                                                                          ^~~~~~~~~~~~~
      |                                                                          |
      |                                                                          uint8_t * {aka unsigned char *}
../Core/Src/main.c:1048:40: note: expected 'const char *' but argument is of type 'uint8_t *' {aka 'unsigned char *'}
 1048 | uint8_t calculate_checksum(const char *data) {
      |                            ~~~~~~~~~~~~^~~~
../Core/Src/main.c:1470:56: warning: pointer targets in passing argument 2 of 'strcpy' differ in signedness [-Wpointer-sign]
 1470 |                                 strcpy(command_buffer, &rx_packet[1]);
      |                                                        ^~~~~~~~~~~~~
      |                                                        |
      |                                                        uint8_t * {aka unsigned char *}
In file included from ../Core/Src/main.c:26:
C:\ST\STM32CubeIDE_1.16.0\STM32CubeIDE\plugins\com.st.stm32cube.ide.mcu.externaltools.gnu-tools-for-stm32.12.3.rel1.win32_1.0.200.202406191623\tools\bin/../lib/gcc/arm-none-eabi/12.3.1/../../../../arm-none-eabi/include/string.h:38:36: note: expected 'const char * restrict' but argument is of type 'uint8_t *' {aka 'unsigned char *'}
   38 | char    *strcpy (char *__restrict, const char *__restrict);
      |                                    ^
../Core/Src/main.c:1477:60: warning: pointer targets in passing argument 2 of 'HAL_UARTEx_ReceiveToIdle_IT' differ in signedness [-Wpointer-sign]
 1477 |         uart_received = HAL_UARTEx_ReceiveToIdle_IT(huart, rx_data, RX_BFR_SIZE);
      |                                                            ^~~~~~~
      |                                                            |
      |                                                            char *
In file included from ../Core/Inc/stm32f4xx_hal_conf.h:411,
                 from ../Drivers/STM32F4xx_HAL_Driver/Inc/stm32f4xx_hal.h:29,
                 from ../Core/Inc/main.h:30,
                 from ../Core/Src/main.c:20:
../Drivers/STM32F4xx_HAL_Driver/Inc/stm32f4xx_hal_uart.h:757:83: note: expected 'uint8_t *' {aka 'unsigned char *'} but argument is of type 'char *'
  757 | HAL_StatusTypeDef HAL_UARTEx_ReceiveToIdle_IT(UART_HandleTypeDef *huart, uint8_t *pData, uint16_t Size);
      |                                                                          ~~~~~~~~~^~~~~
../Core/Src/main.c: In function 'main':
../Core/Src/main.c:1531:56: warning: pointer targets in passing argument 2 of 'HAL_UARTEx_ReceiveToIdle_IT' differ in signedness [-Wpointer-sign]
 1531 |   uart_received = HAL_UARTEx_ReceiveToIdle_IT(&huart1, rx_data, RX_BFR_SIZE);
      |                                                        ^~~~~~~
      |                                                        |
      |                                                        char *
../Drivers/STM32F4xx_HAL_Driver/Inc/stm32f4xx_hal_uart.h:757:83: note: expected 'uint8_t *' {aka 'unsigned char *'} but argument is of type 'char *'
  757 | HAL_StatusTypeDef HAL_UARTEx_ReceiveToIdle_IT(UART_HandleTypeDef *huart, uint8_t *pData, uint16_t Size);
      |                                                                          ~~~~~~~~~^~~~~
../Core/Src/main.c: In function 'handle_state':
../Core/Src/main.c:1139:25: warning: 'strncpy' output truncated before terminating nul copying 9 bytes from a string of the same length [-Wstringop-truncation]
 1139 |                         strncpy(state, "ASCENDING", strlen("ASCENDING"));
      |                         ^~~~~~~~~~~~~~~~~~~~~~~~~~~~~~~~~~~~~~~~~~~~~~~~
../Core/Src/main.c:1149:25: warning: 'strncpy' output truncated before terminating nul copying 6 bytes from a string of the same length [-Wstringop-truncation]
 1149 |                         strncpy(state, "APOGEE", strlen("APOGEE"));
      |                         ^~~~~~~~~~~~~~~~~~~~~~~~~~~~~~~~~~~~~~~~~~
[...]
   81 | int     atoi (const char *__nptr);
      |               ~~~~~~~~~~~~^~~~~~
../Core/Src/main.c:1498:60: warning: pointer targets in passing argument 2 of 'HAL_UARTEx_ReceiveToIdle_IT' differ in signedness [-Wpointer-sign]
 1498 |         uart_received = HAL_UARTEx_ReceiveToIdle_IT(huart, rx_data, RX_BFR_SIZE);
      |                                                            ^~~~~~~
      |                                                            |
      |                                                            char *
../Drivers/STM32F4xx_HAL_Driver/Inc/stm32f4xx_hal_uart.h:757:83: note: expected 'uint8_t *' {aka 'unsigned char *'} but argument is of type 'char *'
  757 | HAL_StatusTypeDef HAL_UARTEx_ReceiveToIdle_IT(UART_HandleTypeDef *huart, uint8_t *pData, uint16_t Size);
      |                                                                          ~~~~~~~~~^~~~~
../Core/Src/main.c: In function 'main':
../Core/Src/main.c:1551:56: warning: pointer targets in passing argument 2 of 'HAL_UARTEx_ReceiveToIdle_IT' differ in signedness [-Wpointer-sign]
 1551 |   uart_received = HAL_UARTEx_ReceiveToIdle_IT(&huart1, rx_data, RX_BFR_SIZE);
      |                                                        ^~~~~~~
      |                                                        |
      |                                                        char *
../Drivers/STM32F4xx_HAL_Driver/Inc/stm32f4xx_hal_uart.h:757:83: note: expected 'uint8_t *' {aka 'unsigned char *'} but argument is of type 'char *'
  757 | HAL_StatusTypeDef HAL_UARTEx_ReceiveToIdle_IT(UART_HandleTypeDef *huart, uint8_t *pData, uint16_t Size);
      |                                                                          ~~~~~~~~~^~~~~
../Core/Src/main.c: In function 'handle_state':
../Core/Src/main.c:1141:25: warning: 'strncpy' output truncated before terminating nul copying 9 bytes from a string of the same length [-Wstringop-truncation]
 1141 |                         strncpy(state, "ASCENDING", strlen("ASCENDING"));
      |                         ^~~~~~~~~~~~~~~~~~~~~~~~~~~~~~~~~~~~~~~~~~~~~~~~
../Core/Src/main.c:1151:25: warning: 'strncpy' output truncated before terminating nul copying 6 bytes from a string of the same length [-Wstringop-truncation]
 1151 |                         strncpy(state, "APOGEE", strlen("APOGEE"));
      |                         ^~~~~~~~~~~~~~~~~~~~~~~~~~~~~~~~~~~~~~~~~~
../Core/Src/main.c:1157:17: warning: 'strncpy' output truncated before terminating nul copying 10 bytes from a string of the same length [-Wstringop-truncation]
 1157 |                 strncpy(state, "DESCENDING", strlen("DESCENDING"));
      |                 ^~~~~~~~~~~~~~~~~~~~~~~~~~~~~~~~~~~~~~~~~~~~~~~~~~
../Core/Src/main.c:1166:25: warning: 'strncpy' output truncated before terminating nul copying 13 bytes from a string of the same length [-Wstringop-truncation]
 1166 |                         strncpy(state, "PROBE_RELEASE", strlen("PROBE_RELEASE"));
      |                         ^~~~~~~~~~~~~~~~~~~~~~~~~~~~~~~~~~~~~~~~~~~~~~~~~~~~~~~~
../Core/Src/main.c:1176:25: warning: 'strncpy' output truncated before terminating nul copying 6 bytes from a string of the same length [-Wstringop-truncation]
 1176 |                         strncpy(state, "LANDED", strlen("LANDED"));
      |                         ^~~~~~~~~~~~~~~~~~~~~~~~~~~~~~~~~~~~~~~~~~
../Core/Src/main.c:1182:17: warning: 'strncpy' output truncated before terminating nul copying 10 bytes from a string of the same length [-Wstringop-truncation]
 1182 |                 strncpy(state, "DESCENDING", strlen("DESCENDING"));
      |                 ^~~~~~~~~~~~~~~~~~~~~~~~~~~~~~~~~~~~~~~~~~~~~~~~~~
../Core/Src/main.c: In function 'handle_command':
../Core/Src/main.c:1292:25: warning: 'strncpy' output truncated before terminating nul copying 12 bytes from a string of the same length [-Wstringop-truncation]
 1292 |                         strncpy(state, "LAUNCH-READY", strlen("LAUNCH-READY"));
      |                         ^~~~~~~~~~~~~~~~~~~~~~~~~~~~~~~~~~~~~~~~~~~~~~~~~~~~~~
../Core/Src/main.c: In function 'reset_state':
../Core/Src/main.c:1408:9: warning: 'strncpy' output truncated before terminating nul copying 10 bytes from a string of the same length [-Wstringop-truncation]
 1408 |         strncpy(state, "LAUNCH_PAD", strlen("LAUNCH_PAD"));
      |         ^~~~~~~~~~~~~~~~~~~~~~~~~~~~~~~~~~~~~~~~~~~~~~~~~~
../Core/Src/main.c: In function 'handle_command':
../Core/Src/main.c:1278:60: warning: ':' directive output may be truncated writing 1 byte into a region of size between 0 and 4 [-Wformat-truncation=]
 1278 |                         snprintf(cmd_echo, 11, "ST%02d:%02d:%02d", mission_time_hr, mission_time_min, mission_time_sec);
      |                                                            ^
../Core/Src/main.c:1278:48: note: directive argument in the range [-128, 127]
 1278 |                         snprintf(cmd_echo, 11, "ST%02d:%02d:%02d", mission_time_hr, mission_time_min, mission_time_sec);
      |                                                ^~~~~~~~~~~~~~~~~~
../Core/Src/main.c:1278:25: note: 'snprintf' output between 11 and 17 bytes into a destination of size 11
 1278 |                         snprintf(cmd_echo, 11, "ST%02d:%02d:%02d", mission_time_hr, mission_time_min, mission_time_sec);
      |                         ^~~~~~~~~~~~~~~~~~~~~~~~~~~~~~~~~~~~~~~~~~~~~~~~~~~~~~~~~~~~~~~~~~~~~~~~~~~~~~~~~~~~~~~~~~~~~~~
arm-none-eabi-gcc -o "PCB_Flight_Software.elf" @"objects.list"   -mcpu=cortex-m4 -T"C:\Users\brady\repos\UCI-CanSat-24-25\In-Flight-Software\PCB_Flight_Software\STM32F412RETX_FLASH.ld" --specs=nosys.specs -Wl,-Map="PCB_Flight_Software.map" -Wl,--gc-sections -static -u _printf_float --specs=nano.specs -mfpu=fpv4-sp-d16 -mfloat-abi=hard -mthumb -Wl,--start-group -lc -lm -Wl,--end-group
Finished building target: PCB_Flight_Software.elf
 
arm-none-eabi-size  PCB_Flight_Software.elf 
arm-none-eabi-objdump -h -S PCB_Flight_Software.elf  > "PCB_Flight_Software.list"
   text	   data	    bss	    dec	    hex	filename
  67180	    696	   4080	  71956	  11914	PCB_Flight_Software.elf
Finished building: default.size.stdout
 
Finished building: PCB_Flight_Software.list
 
01:30:45 **** Incremental Build of configuration Debug for project PCB_Flight_Software ****
make -j20 all 
arm-none-eabi-gcc "../Core/Src/main.c" -mcpu=cortex-m4 -std=gnu11 -g3 -DDEBUG -DUSE_HAL_DRIVER -DSTM32F412Rx -c -I../Core/Inc -I../Drivers/STM32F4xx_HAL_Driver/Inc -I../Drivers/STM32F4xx_HAL_Driver/Inc/Legacy -I../Drivers/CMSIS/Device/ST/STM32F4xx/Include -I../Drivers/CMSIS/Include -O0 -ffunction-sections -fdata-sections -Wall -fstack-usage -fcyclomatic-complexity -MMD -MP -MF"Core/Src/main.d" -MT"Core/Src/main.o" --specs=nano.specs -mfpu=fpv4-sp-d16 -mfloat-abi=hard -mthumb -o "Core/Src/main.o"
../Core/Src/main.c: In function 'read_PA1010D':
../Core/Src/main.c:689:28: warning: pointer targets in passing argument 1 of 'parse_nmea' differ in signedness [-Wpointer-sign]
  689 |                 parse_nmea(pa_buf);
      |                            ^~~~~~
      |                            |
      |                            uint8_t * {aka unsigned char *}
../Core/Src/main.c:501:23: note: expected 'char *' but argument is of type 'uint8_t *' {aka 'unsigned char *'}
  501 | bool parse_nmea(char *buf){
      |                 ~~~~~~^~~
../Core/Src/main.c: In function 'init_PA1010D':
../Core/Src/main.c:862:36: warning: pointer targets in passing argument 1 of 'parse_nmea' differ in signedness [-Wpointer-sign]
  862 |                         parse_nmea(pa_buf);
      |                                    ^~~~~~
      |                                    |
      |                                    uint8_t * {aka unsigned char *}
../Core/Src/main.c:501:23: note: expected 'char *' but argument is of type 'uint8_t *' {aka 'unsigned char *'}
  501 | bool parse_nmea(char *buf){
      |                 ~~~~~~^~~
../Core/Src/main.c: In function 'handle_command':
../Core/Src/main.c:1395:17: warning: implicit declaration of function 'reset_state'; did you mean 'setstate'? [-Wimplicit-function-declaration]
 1395 |                 reset_state();
      |                 ^~~~~~~~~~~
      |                 setstate
../Core/Src/main.c: At top level:
../Core/Src/main.c:1400:6: warning: conflicting types for 'reset_state'; have 'void()'
 1400 | void reset_state(){
      |      ^~~~~~~~~~~
../Core/Src/main.c:1395:17: note: previous implicit declaration of 'reset_state' with type 'void()'
 1395 |                 reset_state();
      |                 ^~~~~~~~~~~
../Core/Src/main.c: In function 'HAL_UART_ErrorCallback':
../Core/Src/main.c:1459:44: warning: pointer targets in passing argument 2 of 'HAL_UARTEx_ReceiveToIdle_IT' differ in signedness [-Wpointer-sign]
 1459 |         HAL_UARTEx_ReceiveToIdle_IT(huart, rx_data, RX_BFR_SIZE);
      |                                            ^~~~~~~
      |                                            |
      |                                            char *
In file included from ../Core/Inc/stm32f4xx_hal_conf.h:411,
                 from ../Drivers/STM32F4xx_HAL_Driver/Inc/stm32f4xx_hal.h:29,
                 from ../Core/Inc/main.h:30,
                 from ../Core/Src/main.c:20:
../Drivers/STM32F4xx_HAL_Driver/Inc/stm32f4xx_hal_uart.h:757:83: note: expected 'uint8_t *' {aka 'unsigned char *'} but argument is of type 'char *'
  757 | HAL_StatusTypeDef HAL_UARTEx_ReceiveToIdle_IT(UART_HandleTypeDef *huart, uint8_t *pData, uint16_t Size);
      |                                                                          ~~~~~~~~~^~~~~
../Core/Src/main.c: In function 'HAL_UARTEx_RxEventCallback':
../Core/Src/main.c:1472:36: warning: pointer targets in initialization of 'char *' from 'uint8_t *' {aka 'unsigned char *'} differ in signedness [-Wpointer-sign]
 1472 |                 char *last_comma = &rx_packet[Size - 3];  // Comma is 3 characters from the end (2 for checksum, 1 for comma)
      |                                    ^
../Core/Src/main.c:1473:44: warning: pointer targets in passing argument 1 of 'strchr' differ in signedness [-Wpointer-sign]
 1473 |                 char *first_comma = strchr(rx_packet, ',');
      |                                            ^~~~~~~~~
      |                                            |
      |                                            uint8_t * {aka unsigned char *}
In file included from ../Core/Src/main.c:26:
C:\ST\STM32CubeIDE_1.16.0\STM32CubeIDE\plugins\com.st.stm32cube.ide.mcu.externaltools.gnu-tools-for-stm32.12.3.rel1.win32_1.0.200.202406191623\tools\bin/../lib/gcc/arm-none-eabi/12.3.1/../../../../arm-none-eabi/include/string.h:35:18: note: expected 'const char *' but argument is of type 'uint8_t *' {aka 'unsigned char *'}
   35 | char    *strchr (const char *, int);
      |                  ^~~~~~~~~~~~
../Core/Src/main.c:1480:69: warning: pointer targets in passing argument 1 of 'strtol' differ in signedness [-Wpointer-sign]
 1480 |                         uint8_t received_checksum = (uint8_t)strtol(&rx_packet[Size - 2], NULL, 16);  // Convert checksum to integer
      |                                                                     ^~~~~~~~~~~~~~~~~~~~
      |                                                                     |
      |                                                                     uint8_t * {aka unsigned char *}
In file included from ../Core/Src/main.c:29:
C:\ST\STM32CubeIDE_1.16.0\STM32CubeIDE\plugins\com.st.stm32cube.ide.mcu.externaltools.gnu-tools-for-stm32.12.3.rel1.win32_1.0.200.202406191623\tools\bin/../lib/gcc/arm-none-eabi/12.3.1/../../../../arm-none-eabi/include/stdlib.h:171:40: note: expected 'const char * restrict' but argument is of type 'uint8_t *' {aka 'unsigned char *'}
  171 | long    strtol (const char *__restrict __n, char **__restrict __end_PTR, int __base);
      |                 ~~~~~~~~~~~~~~~~~~~~~~~^~~
../Core/Src/main.c:1482:74: warning: pointer targets in passing argument 1 of 'calculate_checksum' differ in signedness [-Wpointer-sign]
 1482 |                         uint8_t calculated_checksum = calculate_checksum(&rx_packet[1]);
      |                                                                          ^~~~~~~~~~~~~
      |                                                                          |
      |                                                                          uint8_t * {aka unsigned char *}
../Core/Src/main.c:1050:40: note: expected 'const char *' but argument is of type 'uint8_t *' {aka 'unsigned char *'}
 1050 | uint8_t calculate_checksum(const char *data) {
      |                            ~~~~~~~~~~~~^~~~
../Core/Src/main.c:1486:53: warning: pointer targets in passing argument 1 of 'atoi' differ in signedness [-Wpointer-sign]
 1486 |                         int32_t packet_count = atoi(&rx_packet[1]);
      |                                                     ^~~~~~~~~~~~~
      |                                                     |
      |                                                     uint8_t * {aka unsigned char *}
C:\ST\STM32CubeIDE_1.16.0\STM32CubeIDE\plugins\com.st.stm32cube.ide.mcu.externaltools.gnu-tools-for-stm32.12.3.rel1.win32_1.0.200.202406191623\tools\bin/../lib/gcc/arm-none-eabi/12.3.1/../../../../arm-none-eabi/include/stdlib.h:81:27: note: expected 'const char *' but argument is of type 'uint8_t *' {aka 'unsigned char *'}
   81 | int     atoi (const char *__nptr);
      |               ~~~~~~~~~~~~^~~~~~
../Core/Src/main.c:1498:60: warning: pointer targets in passing argument 2 of 'HAL_UARTEx_ReceiveToIdle_IT' differ in signedness [-Wpointer-sign]
 1498 |         uart_received = HAL_UARTEx_ReceiveToIdle_IT(huart, rx_data, RX_BFR_SIZE);
      |                                                            ^~~~~~~
      |                                                            |
      |                                                            char *
../Drivers/STM32F4xx_HAL_Driver/Inc/stm32f4xx_hal_uart.h:757:83: note: expected 'uint8_t *' {aka 'unsigned char *'} but argument is of type 'char *'
  757 | HAL_StatusTypeDef HAL_UARTEx_ReceiveToIdle_IT(UART_HandleTypeDef *huart, uint8_t *pData, uint16_t Size);
      |                                                                          ~~~~~~~~~^~~~~
../Core/Src/main.c: In function 'main':
../Core/Src/main.c:1551:56: warning: pointer targets in passing argument 2 of 'HAL_UARTEx_ReceiveToIdle_IT' differ in signedness [-Wpointer-sign]
 1551 |   uart_received = HAL_UARTEx_ReceiveToIdle_IT(&huart1, rx_data, RX_BFR_SIZE);
      |                                                        ^~~~~~~
      |                                                        |
      |                                                        char *
../Drivers/STM32F4xx_HAL_Driver/Inc/stm32f4xx_hal_uart.h:757:83: note: expected 'uint8_t *' {aka 'unsigned char *'} but argument is of type 'char *'
  757 | HAL_StatusTypeDef HAL_UARTEx_ReceiveToIdle_IT(UART_HandleTypeDef *huart, uint8_t *pData, uint16_t Size);
      |                                                                          ~~~~~~~~~^~~~~
../Core/Src/main.c: In function 'handle_state':
../Core/Src/main.c:1141:25: warning: 'strncpy' output truncated before terminating nul copying 9 bytes from a string of the same length [-Wstringop-truncation]
 1141 |                         strncpy(state, "ASCENDING", strlen("ASCENDING"));
      |                         ^~~~~~~~~~~~~~~~~~~~~~~~~~~~~~~~~~~~~~~~~~~~~~~~
../Core/Src/main.c:1151:25: warning: 'strncpy' output truncated before terminating nul copying 6 bytes from a string of the same length [-Wstringop-truncation]
 1151 |                         strncpy(state, "APOGEE", strlen("APOGEE"));
      |                         ^~~~~~~~~~~~~~~~~~~~~~~~~~~~~~~~~~~~~~~~~~
../Core/Src/main.c:1157:17: warning: 'strncpy' output truncated before terminating nul copying 10 bytes from a string of the same length [-Wstringop-truncation]
 1157 |                 strncpy(state, "DESCENDING", strlen("DESCENDING"));
      |                 ^~~~~~~~~~~~~~~~~~~~~~~~~~~~~~~~~~~~~~~~~~~~~~~~~~
../Core/Src/main.c:1166:25: warning: 'strncpy' output truncated before terminating nul copying 13 bytes from a string of the same length [-Wstringop-truncation]
 1166 |                         strncpy(state, "PROBE_RELEASE", strlen("PROBE_RELEASE"));
      |                         ^~~~~~~~~~~~~~~~~~~~~~~~~~~~~~~~~~~~~~~~~~~~~~~~~~~~~~~~
../Core/Src/main.c:1176:25: warning: 'strncpy' output truncated before terminating nul copying 6 bytes from a string of the same length [-Wstringop-truncation]
 1176 |                         strncpy(state, "LANDED", strlen("LANDED"));
      |                         ^~~~~~~~~~~~~~~~~~~~~~~~~~~~~~~~~~~~~~~~~~
../Core/Src/main.c:1182:17: warning: 'strncpy' output truncated before terminating nul copying 10 bytes from a string of the same length [-Wstringop-truncation]
 1182 |                 strncpy(state, "DESCENDING", strlen("DESCENDING"));
      |                 ^~~~~~~~~~~~~~~~~~~~~~~~~~~~~~~~~~~~~~~~~~~~~~~~~~
../Core/Src/main.c: In function 'handle_command':
../Core/Src/main.c:1292:25: warning: 'strncpy' output truncated before terminating nul copying 12 bytes from a string of the same length [-Wstringop-truncation]
 1292 |                         strncpy(state, "LAUNCH-READY", strlen("LAUNCH-READY"));
      |                         ^~~~~~~~~~~~~~~~~~~~~~~~~~~~~~~~~~~~~~~~~~~~~~~~~~~~~~
../Core/Src/main.c: In function 'reset_state':
../Core/Src/main.c:1408:9: warning: 'strncpy' output truncated before terminating nul copying 10 bytes from a string of the same length [-Wstringop-truncation]
 1408 |         strncpy(state, "LAUNCH_PAD", strlen("LAUNCH_PAD"));
      |         ^~~~~~~~~~~~~~~~~~~~~~~~~~~~~~~~~~~~~~~~~~~~~~~~~~
../Core/Src/main.c: In function 'handle_command':
../Core/Src/main.c:1278:60: warning: ':' directive output may be truncated writing 1 byte into a region of size between 0 and 4 [-Wformat-truncation=]
 1278 |                         snprintf(cmd_echo, 11, "ST%02d:%02d:%02d", mission_time_hr, mission_time_min, mission_time_sec);
      |                                                            ^
../Core/Src/main.c:1278:48: note: directive argument in the range [-128, 127]
 1278 |                         snprintf(cmd_echo, 11, "ST%02d:%02d:%02d", mission_time_hr, mission_time_min, mission_time_sec);
      |                                                ^~~~~~~~~~~~~~~~~~
../Core/Src/main.c:1278:25: note: 'snprintf' output between 11 and 17 bytes into a destination of size 11
 1278 |                         snprintf(cmd_echo, 11, "ST%02d:%02d:%02d", mission_time_hr, mission_time_min, mission_time_sec);
      |                         ^~~~~~~~~~~~~~~~~~~~~~~~~~~~~~~~~~~~~~~~~~~~~~~~~~~~~~~~~~~~~~~~~~~~~~~~~~~~~~~~~~~~~~~~~~~~~~~
arm-none-eabi-gcc -o "PCB_Flight_Software.elf" @"objects.list"   -mcpu=cortex-m4 -T"C:\Users\brady\repos\UCI-CanSat-24-25\In-Flight-Software\PCB_Flight_Software\STM32F412RETX_FLASH.ld" --specs=nosys.specs -Wl,-Map="PCB_Flight_Software.map" -Wl,--gc-sections -static -u _printf_float --specs=nano.specs -mfpu=fpv4-sp-d16 -mfloat-abi=hard -mthumb -Wl,--start-group -lc -lm -Wl,--end-group
Finished building target: PCB_Flight_Software.elf
 
arm-none-eabi-size  PCB_Flight_Software.elf 
arm-none-eabi-objdump -h -S PCB_Flight_Software.elf  > "PCB_Flight_Software.list"
   text	   data	    bss	    dec	    hex	filename
  67156	    696	   4080	  71932	  118fc	PCB_Flight_Software.elf
Finished building: default.size.stdout
 
Finished building: PCB_Flight_Software.list
 
09:57:24 **** Incremental Build of configuration Debug for project PCB_Flight_Software ****
make -j20 all 
arm-none-eabi-size  PCB_Flight_Software.elf 
   text	   data	    bss	    dec	    hex	filename
  67156	    696	   4080	  71932	  118fc	PCB_Flight_Software.elf
Finished building: default.size.stdout
 
