15:33:33 **** Incremental Build of configuration Debug for project Nucleo_Flight_Software ****
make -j20 all 
arm-none-eabi-size  Nucleo_Flight_Software.elf 
   text	   data	    bss	    dec	    hex	filename
  52868	    640	   4656	  58164	   e334	Nucleo_Flight_Software.elf
Finished building: default.size.stdout
 
15:33:36 **** Incremental Build of configuration Debug for project Nucleo_Flight_Software ****
make -j20 all 
arm-none-eabi-size  Nucleo_Flight_Software.elf 
   text	   data	    bss	    dec	    hex	filename
  52868	    640	   4656	  58164	   e334	Nucleo_Flight_Software.elf
Finished building: default.size.stdout
 
