16:01:25 **** Incremental Build of configuration Debug for project Nucleo_Flight_Software ****
make -j20 all 
arm-none-eabi-gcc "../Core/Src/main.c" -mcpu=cortex-m4 -std=gnu11 -g3 -DDEBUG -DUSE_HAL_DRIVER -DSTM32F412Zx -c -I../Core/Inc -I../Drivers/STM32F4xx_HAL_Driver/Inc -I../Drivers/STM32F4xx_HAL_Driver/Inc/Legacy -I../Drivers/CMSIS/Device/ST/STM32F4xx/Include -I../Drivers/CMSIS/Include -O0 -ffunction-sections -fdata-sections -Wall -fstack-usage -fcyclomatic-complexity -MMD -MP -MF"Core/Src/main.d" -MT"Core/Src/main.o" --specs=nano.specs -mfpu=fpv4-sp-d16 -mfloat-abi=hard -mthumb -o "Core/Src/main.o"
../Core/Src/main.c: In function 'HAL_TIM_PeriodElapsedCallback':
../Core/Src/main.c:302:9: warning: implicit declaration of function 'calculate_speed' [-Wimplicit-function-declaration]
  302 |         calculate_speed();                        // Calculate speed based on pulse count
      |         ^~~~~~~~~~~~~~~
../Core/Src/main.c: At top level:
../Core/Src/main.c:308:6: warning: conflicting types for 'calculate_speed'; have 'void(void)'
  308 | void calculate_speed(void)
      |      ^~~~~~~~~~~~~~~
../Core/Src/main.c:302:9: note: previous implicit declaration of 'calculate_speed' with type 'void(void)'
  302 |         calculate_speed();                        // Calculate speed based on pulse count
      |         ^~~~~~~~~~~~~~~
../Core/Src/main.c: In function 'read_PA1010D':
../Core/Src/main.c:650:28: warning: pointer targets in passing argument 1 of 'parse_nmea' differ in signedness [-Wpointer-sign]
  650 |                 parse_nmea(pa_buf);
      |                            ^~~~~~
      |                            |
      |                            uint8_t * {aka unsigned char *}
../Core/Src/main.c:495:23: note: expected 'char *' but argument is of type 'uint8_t *' {aka 'unsigned char *'}
  495 | bool parse_nmea(char *buf){
      |                 ~~~~~~^~~
../Core/Src/main.c: In function 'init_PA1010D':
../Core/Src/main.c:795:36: warning: pointer targets in passing argument 1 of 'parse_nmea' differ in signedness [-Wpointer-sign]
  795 |                         parse_nmea(pa_buf);
      |                                    ^~~~~~
      |                                    |
      |                                    uint8_t * {aka unsigned char *}
../Core/Src/main.c:495:23: note: expected 'char *' but argument is of type 'uint8_t *' {aka 'unsigned char *'}
  495 | bool parse_nmea(char *buf){
      |                 ~~~~~~^~~
../Core/Src/main.c: In function 'HAL_UARTEx_RxEventCallback':
../Core/Src/main.c:1094:35: warning: pointer targets in initialization of 'char *' from 'uint8_t *' {aka 'unsigned char *'} differ in signedness [-Wpointer-sign]
 1094 |                 char *comma_pos = &rx_packet[Size - 3];  // Comma is 3 characters from the end (2 for checksum, 1 for comma)
      |                                   ^
../Core/Src/main.c:1102:69: warning: pointer targets in passing argument 1 of 'strtol' differ in signedness [-Wpointer-sign]
 1102 |                         uint8_t received_checksum = (uint8_t)strtol(&rx_packet[Size - 2], NULL, 16);  // Convert checksum to integer
      |                                                                     ^~~~~~~~~~~~~~~~~~~~
      |                                                                     |
      |                                                                     uint8_t * {aka unsigned char *}
In file included from ../Core/Src/main.c:29:
C:\ST\STM32CubeIDE_1.16.0\STM32CubeIDE\plugins\com.st.stm32cube.ide.mcu.externaltools.gnu-tools-for-stm32.12.3.rel1.win32_1.0.200.202406191623\tools\bin/../lib/gcc/arm-none-eabi/12.3.1/../../../../arm-none-eabi/include/stdlib.h:171:40: note: expected 'const char * restrict' but argument is of type 'uint8_t *' {aka 'unsigned char *'}
  171 | long    strtol (const char *__restrict __n, char **__restrict __end_PTR, int __base);
      |                 ~~~~~~~~~~~~~~~~~~~~~~~^~~
../Core/Src/main.c:1104:74: warning: pointer targets in passing argument 1 of 'calculate_checksum' differ in signedness [-Wpointer-sign]
 1104 |                         uint8_t calculated_checksum = calculate_checksum(&rx_packet[1]);
      |                                                                          ^~~~~~~~~~~~~
      |                                                                          |
      |                                                                          uint8_t * {aka unsigned char *}
../Core/Src/main.c:854:40: note: expected 'const char *' but argument is of type 'uint8_t *' {aka 'unsigned char *'}
  854 | uint8_t calculate_checksum(const char *data) {
      |                            ~~~~~~~~~~~~^~~~
../Core/Src/main.c:1108:56: warning: pointer targets in passing argument 2 of 'strcpy' differ in signedness [-Wpointer-sign]
 1108 |                                 strcpy(command_buffer, &rx_packet[1]);
      |                                                        ^~~~~~~~~~~~~
      |                                                        |
      |                                                        uint8_t * {aka unsigned char *}
In file included from ../Core/Src/main.c:26:
C:\ST\STM32CubeIDE_1.16.0\STM32CubeIDE\plugins\com.st.stm32cube.ide.mcu.externaltools.gnu-tools-for-stm32.12.3.rel1.win32_1.0.200.202406191623\tools\bin/../lib/gcc/arm-none-eabi/12.3.1/../../../../arm-none-eabi/include/string.h:38:36: note: expected 'const char * restrict' but argument is of type 'uint8_t *' {aka 'unsigned char *'}
   38 | char    *strcpy (char *__restrict, const char *__restrict);
      |                                    ^
../Core/Src/main.c:1115:62: warning: pointer targets in passing argument 2 of 'HAL_UARTEx_ReceiveToIdle_IT' differ in signedness [-Wpointer-sign]
 1115 |         uart_received = HAL_UARTEx_ReceiveToIdle_IT(&huart2, rx_data, RX_BFR_SIZE);
      |                                                              ^~~~~~~
      |                                                              |
      |                                                              char *
In file included from ../Core/Inc/stm32f4xx_hal_conf.h:411,
                 from ../Drivers/STM32F4xx_HAL_Driver/Inc/stm32f4xx_hal.h:29,
                 from ../Core/Inc/main.h:30,
                 from ../Core/Src/main.c:20:
../Drivers/STM32F4xx_HAL_Driver/Inc/stm32f4xx_hal_uart.h:757:83: note: expected 'uint8_t *' {aka 'unsigned char *'} but argument is of type 'char *'
  757 | HAL_StatusTypeDef HAL_UARTEx_ReceiveToIdle_IT(UART_HandleTypeDef *huart, uint8_t *pData, uint16_t Size);
      |                                                                          ~~~~~~~~~^~~~~
../Core/Src/main.c: In function 'main':
../Core/Src/main.c:1168:56: warning: pointer targets in passing argument 2 of 'HAL_UARTEx_ReceiveToIdle_IT' differ in signedness [-Wpointer-sign]
 1168 |   uart_received = HAL_UARTEx_ReceiveToIdle_IT(&huart2, rx_data, RX_BFR_SIZE);
      |                                                        ^~~~~~~
      |                                                        |
      |                                                        char *
../Drivers/STM32F4xx_HAL_Driver/Inc/stm32f4xx_hal_uart.h:757:83: note: expected 'uint8_t *' {aka 'unsigned char *'} but argument is of type 'char *'
  757 | HAL_StatusTypeDef HAL_UARTEx_ReceiveToIdle_IT(UART_HandleTypeDef *huart, uint8_t *pData, uint16_t Size);
      |                                                                          ~~~~~~~~~^~~~~
../Core/Src/main.c: In function 'handle_state':
../Core/Src/main.c:902:17: warning: 'strncpy' output truncated before terminating nul copying 13 bytes from a string of the same length [-Wstringop-truncation]
  902 |                 strncpy(state, "PROBE_RELEASE", strlen("PROBE_RELEASE"));
      |                 ^~~~~~~~~~~~~~~~~~~~~~~~~~~~~~~~~~~~~~~~~~~~~~~~~~~~~~~~
../Core/Src/main.c:909:17: warning: 'strncpy' output truncated before terminating nul copying 9 bytes from a string of the same length [-Wstringop-truncation]
  909 |                 strncpy(state, "ASCENDING", strlen("ASCENDING"));
      |                 ^~~~~~~~~~~~~~~~~~~~~~~~~~~~~~~~~~~~~~~~~~~~~~~~
../Core/Src/main.c:915:17: warning: 'strncpy' output truncated before terminating nul copying 6 bytes from a string of the same length [-Wstringop-truncation]
  915 |                 strncpy(state, "APOGEE", strlen("APOGEE"));
      |                 ^~~~~~~~~~~~~~~~~~~~~~~~~~~~~~~~~~~~~~~~~~
../Core/Src/main.c:921:17: warning: 'strncpy' output truncated before terminating nul copying 10 bytes from a string of the same length [-Wstringop-truncation]
  921 |                 strncpy(state, "DESCENDING", strlen("DESCENDING"));
      |                 ^~~~~~~~~~~~~~~~~~~~~~~~~~~~~~~~~~~~~~~~~~~~~~~~~~
../Core/Src/main.c:927:17: warning: 'strncpy' output truncated before terminating nul copying 6 bytes from a string of the same length [-Wstringop-truncation]
  927 |                 strncpy(state, "LANDED", strlen("LANDED"));
      |                 ^~~~~~~~~~~~~~~~~~~~~~~~~~~~~~~~~~~~~~~~~~
../Core/Src/main.c:933:17: warning: 'strncpy' output truncated before terminating nul copying 10 bytes from a string of the same length [-Wstringop-truncation]
  933 |                 strncpy(state, "LAUNCH_PAD", strlen("LAUNCH_PAD"));
      |                 ^~~~~~~~~~~~~~~~~~~~~~~~~~~~~~~~~~~~~~~~~~~~~~~~~~
../Core/Src/main.c: In function 'handle_command':
../Core/Src/main.c:1036:25: warning: 'strncpy' output truncated before terminating nul copying 12 bytes from a string of the same length [-Wstringop-truncation]
 1036 |                         strncpy(state, "LAUNCH-READY", strlen("LAUNCH-READY"));
      |                         ^~~~~~~~~~~~~~~~~~~~~~~~~~~~~~~~~~~~~~~~~~~~~~~~~~~~~~
../Core/Src/main.c:1023:60: warning: ':' directive output may be truncated writing 1 byte into a region of size between 0 and 4 [-Wformat-truncation=]
 1023 |                         snprintf(cmd_echo, 11, "ST%02d:%02d:%02d", mission_time_hr, mission_time_min, mission_time_sec);
      |                                                            ^
../Core/Src/main.c:1023:48: note: directive argument in the range [-128, 127]
 1023 |                         snprintf(cmd_echo, 11, "ST%02d:%02d:%02d", mission_time_hr, mission_time_min, mission_time_sec);
      |                                                ^~~~~~~~~~~~~~~~~~
../Core/Src/main.c:1023:25: note: 'snprintf' output between 11 and 17 bytes into a destination of size 11
 1023 |                         snprintf(cmd_echo, 11, "ST%02d:%02d:%02d", mission_time_hr, mission_time_min, mission_time_sec);
      |                         ^~~~~~~~~~~~~~~~~~~~~~~~~~~~~~~~~~~~~~~~~~~~~~~~~~~~~~~~~~~~~~~~~~~~~~~~~~~~~~~~~~~~~~~~~~~~~~~
arm-none-eabi-gcc -o "Nucleo_Flight_Software.elf" @"objects.list"   -mcpu=cortex-m4 -T"C:\Users\brady\repos\UCI-CanSat-24-25\In-Flight-Software\Nucleo_Flight_Software\STM32F412ZGTX_FLASH.ld" --specs=nosys.specs -Wl,-Map="Nucleo_Flight_Software.map" -Wl,--gc-sections -static -u _printf_float --specs=nano.specs -mfpu=fpv4-sp-d16 -mfloat-abi=hard -mthumb -Wl,--start-group -lc -lm -Wl,--end-group
Finished building target: Nucleo_Flight_Software.elf
 
arm-none-eabi-size  Nucleo_Flight_Software.elf 
arm-none-eabi-objdump -h -S Nucleo_Flight_Software.elf  > "Nucleo_Flight_Software.list"
   text	   data	    bss	    dec	    hex	filename
  61700	    668	   5200	  67568	  107f0	Nucleo_Flight_Software.elf
Finished building: default.size.stdout
 
Finished building: Nucleo_Flight_Software.list
 
16:01:44 **** Incremental Build of configuration Debug for project Nucleo_Flight_Software ****
make -j20 all 
arm-none-eabi-size  Nucleo_Flight_Software.elf 
   text	   data	    bss	    dec	    hex	filename
  61700	    668	   5200	  67568	  107f0	Nucleo_Flight_Software.elf
Finished building: default.size.stdout
 
16:03:59 **** Incremental Build of configuration Debug for project Nucleo_Flight_Software ****
make -j20 all 
arm-none-eabi-gcc "../Core/Src/main.c" -mcpu=cortex-m4 -std=gnu11 -g3 -DDEBUG -DUSE_HAL_DRIVER -DSTM32F412Zx -c -I../Core/Inc -I../Drivers/STM32F4xx_HAL_Driver/Inc -I../Drivers/STM32F4xx_HAL_Driver/Inc/Legacy -I../Drivers/CMSIS/Device/ST/STM32F4xx/Include -I../Drivers/CMSIS/Include -O0 -ffunction-sections -fdata-sections -Wall -fstack-usage -fcyclomatic-complexity -MMD -MP -MF"Core/Src/main.d" -MT"Core/Src/main.o" --specs=nano.specs -mfpu=fpv4-sp-d16 -mfloat-abi=hard -mthumb -o "Core/Src/main.o"
../Core/Src/main.c: In function 'HAL_TIM_PeriodElapsedCallback':
../Core/Src/main.c:302:9: warning: implicit declaration of function 'calculate_speed' [-Wimplicit-function-declaration]
  302 |         calculate_speed();                        // Calculate speed based on pulse count
      |         ^~~~~~~~~~~~~~~
../Core/Src/main.c: At top level:
../Core/Src/main.c:308:6: warning: conflicting types for 'calculate_speed'; have 'void(void)'
  308 | void calculate_speed(void)
      |      ^~~~~~~~~~~~~~~
../Core/Src/main.c:302:9: note: previous implicit declaration of 'calculate_speed' with type 'void(void)'
  302 |         calculate_speed();                        // Calculate speed based on pulse count
      |         ^~~~~~~~~~~~~~~
../Core/Src/main.c: In function 'read_PA1010D':
../Core/Src/main.c:650:28: warning: pointer targets in passing argument 1 of 'parse_nmea' differ in signedness [-Wpointer-sign]
  650 |                 parse_nmea(pa_buf);
      |                            ^~~~~~
      |                            |
      |                            uint8_t * {aka unsigned char *}
../Core/Src/main.c:495:23: note: expected 'char *' but argument is of type 'uint8_t *' {aka 'unsigned char *'}
  495 | bool parse_nmea(char *buf){
      |                 ~~~~~~^~~
../Core/Src/main.c: In function 'init_PA1010D':
../Core/Src/main.c:795:36: warning: pointer targets in passing argument 1 of 'parse_nmea' differ in signedness [-Wpointer-sign]
  795 |                         parse_nmea(pa_buf);
      |                                    ^~~~~~
      |                                    |
      |                                    uint8_t * {aka unsigned char *}
../Core/Src/main.c:495:23: note: expected 'char *' but argument is of type 'uint8_t *' {aka 'unsigned char *'}
  495 | bool parse_nmea(char *buf){
      |                 ~~~~~~^~~
../Core/Src/main.c: In function 'HAL_UARTEx_RxEventCallback':
../Core/Src/main.c:1094:35: warning: pointer targets in initialization of 'char *' from 'uint8_t *' {aka 'unsigned char *'} differ in signedness [-Wpointer-sign]
 1094 |                 char *comma_pos = &rx_packet[Size - 3];  // Comma is 3 characters from the end (2 for checksum, 1 for comma)
      |                                   ^
../Core/Src/main.c:1102:69: warning: pointer targets in passing argument 1 of 'strtol' differ in signedness [-Wpointer-sign]
 1102 |                         uint8_t received_checksum = (uint8_t)strtol(&rx_packet[Size - 2], NULL, 16);  // Convert checksum to integer
      |                                                                     ^~~~~~~~~~~~~~~~~~~~
      |                                                                     |
      |                                                                     uint8_t * {aka unsigned char *}
In file included from ../Core/Src/main.c:29:
C:\ST\STM32CubeIDE_1.16.0\STM32CubeIDE\plugins\com.st.stm32cube.ide.mcu.externaltools.gnu-tools-for-stm32.12.3.rel1.win32_1.0.200.202406191623\tools\bin/../lib/gcc/arm-none-eabi/12.3.1/../../../../arm-none-eabi/include/stdlib.h:171:40: note: expected 'const char * restrict' but argument is of type 'uint8_t *' {aka 'unsigned char *'}
  171 | long    strtol (const char *__restrict __n, char **__restrict __end_PTR, int __base);
      |                 ~~~~~~~~~~~~~~~~~~~~~~~^~~
../Core/Src/main.c:1104:74: warning: pointer targets in passing argument 1 of 'calculate_checksum' differ in signedness [-Wpointer-sign]
 1104 |                         uint8_t calculated_checksum = calculate_checksum(&rx_packet[1]);
      |                                                                          ^~~~~~~~~~~~~
      |                                                                          |
      |                                                                          uint8_t * {aka unsigned char *}
../Core/Src/main.c:854:40: note: expected 'const char *' but argument is of type 'uint8_t *' {aka 'unsigned char *'}
  854 | uint8_t calculate_checksum(const char *data) {
      |                            ~~~~~~~~~~~~^~~~
../Core/Src/main.c:1108:56: warning: pointer targets in passing argument 2 of 'strcpy' differ in signedness [-Wpointer-sign]
 1108 |                                 strcpy(command_buffer, &rx_packet[1]);
      |                                                        ^~~~~~~~~~~~~
      |                                                        |
      |                                                        uint8_t * {aka unsigned char *}
In file included from ../Core/Src/main.c:26:
C:\ST\STM32CubeIDE_1.16.0\STM32CubeIDE\plugins\com.st.stm32cube.ide.mcu.externaltools.gnu-tools-for-stm32.12.3.rel1.win32_1.0.200.202406191623\tools\bin/../lib/gcc/arm-none-eabi/12.3.1/../../../../arm-none-eabi/include/string.h:38:36: note: expected 'const char * restrict' but argument is of type 'uint8_t *' {aka 'unsigned char *'}
   38 | char    *strcpy (char *__restrict, const char *__restrict);
      |                                    ^
../Core/Src/main.c:1115:62: warning: pointer targets in passing argument 2 of 'HAL_UARTEx_ReceiveToIdle_IT' differ in signedness [-Wpointer-sign]
 1115 |         uart_received = HAL_UARTEx_ReceiveToIdle_IT(&huart2, rx_data, RX_BFR_SIZE);
      |                                                              ^~~~~~~
      |                                                              |
      |                                                              char *
In file included from ../Core/Inc/stm32f4xx_hal_conf.h:411,
                 from ../Drivers/STM32F4xx_HAL_Driver/Inc/stm32f4xx_hal.h:29,
                 from ../Core/Inc/main.h:30,
                 from ../Core/Src/main.c:20:
../Drivers/STM32F4xx_HAL_Driver/Inc/stm32f4xx_hal_uart.h:757:83: note: expected 'uint8_t *' {aka 'unsigned char *'} but argument is of type 'char *'
  757 | HAL_StatusTypeDef HAL_UARTEx_ReceiveToIdle_IT(UART_HandleTypeDef *huart, uint8_t *pData, uint16_t Size);
      |                                                                          ~~~~~~~~~^~~~~
../Core/Src/main.c: In function 'main':
../Core/Src/main.c:1168:56: warning: pointer targets in passing argument 2 of 'HAL_UARTEx_ReceiveToIdle_IT' differ in signedness [-Wpointer-sign]
 1168 |   uart_received = HAL_UARTEx_ReceiveToIdle_IT(&huart2, rx_data, RX_BFR_SIZE);
      |                                                        ^~~~~~~
      |                                                        |
      |                                                        char *
../Drivers/STM32F4xx_HAL_Driver/Inc/stm32f4xx_hal_uart.h:757:83: note: expected 'uint8_t *' {aka 'unsigned char *'} but argument is of type 'char *'
  757 | HAL_StatusTypeDef HAL_UARTEx_ReceiveToIdle_IT(UART_HandleTypeDef *huart, uint8_t *pData, uint16_t Size);
      |                                                                          ~~~~~~~~~^~~~~
../Core/Src/main.c: In function 'handle_state':
../Core/Src/main.c:902:17: warning: 'strncpy' output truncated before terminating nul copying 13 bytes from a string of the same length [-Wstringop-truncation]
  902 |                 strncpy(state, "PROBE_RELEASE", strlen("PROBE_RELEASE"));
      |                 ^~~~~~~~~~~~~~~~~~~~~~~~~~~~~~~~~~~~~~~~~~~~~~~~~~~~~~~~
../Core/Src/main.c:909:17: warning: 'strncpy' output truncated before terminating nul copying 9 bytes from a string of the same length [-Wstringop-truncation]
  909 |                 strncpy(state, "ASCENDING", strlen("ASCENDING"));
      |                 ^~~~~~~~~~~~~~~~~~~~~~~~~~~~~~~~~~~~~~~~~~~~~~~~
../Core/Src/main.c:915:17: warning: 'strncpy' output truncated before terminating nul copying 6 bytes from a string of the same length [-Wstringop-truncation]
  915 |                 strncpy(state, "APOGEE", strlen("APOGEE"));
      |                 ^~~~~~~~~~~~~~~~~~~~~~~~~~~~~~~~~~~~~~~~~~
../Core/Src/main.c:921:17: warning: 'strncpy' output truncated before terminating nul copying 10 bytes from a string of the same length [-Wstringop-truncation]
  921 |                 strncpy(state, "DESCENDING", strlen("DESCENDING"));
      |                 ^~~~~~~~~~~~~~~~~~~~~~~~~~~~~~~~~~~~~~~~~~~~~~~~~~
../Core/Src/main.c:927:17: warning: 'strncpy' output truncated before terminating nul copying 6 bytes from a string of the same length [-Wstringop-truncation]
  927 |                 strncpy(state, "LANDED", strlen("LANDED"));
      |                 ^~~~~~~~~~~~~~~~~~~~~~~~~~~~~~~~~~~~~~~~~~
../Core/Src/main.c:933:17: warning: 'strncpy' output truncated before terminating nul copying 10 bytes from a string of the same length [-Wstringop-truncation]
  933 |                 strncpy(state, "LAUNCH_PAD", strlen("LAUNCH_PAD"));
      |                 ^~~~~~~~~~~~~~~~~~~~~~~~~~~~~~~~~~~~~~~~~~~~~~~~~~
../Core/Src/main.c: In function 'handle_command':
../Core/Src/main.c:1036:25: warning: 'strncpy' output truncated before terminating nul copying 12 bytes from a string of the same length [-Wstringop-truncation]
 1036 |                         strncpy(state, "LAUNCH-READY", strlen("LAUNCH-READY"));
      |                         ^~~~~~~~~~~~~~~~~~~~~~~~~~~~~~~~~~~~~~~~~~~~~~~~~~~~~~
../Core/Src/main.c:1023:60: warning: ':' directive output may be truncated writing 1 byte into a region of size between 0 and 4 [-Wformat-truncation=]
 1023 |                         snprintf(cmd_echo, 11, "ST%02d:%02d:%02d", mission_time_hr, mission_time_min, mission_time_sec);
      |                                                            ^
../Core/Src/main.c:1023:48: note: directive argument in the range [-128, 127]
 1023 |                         snprintf(cmd_echo, 11, "ST%02d:%02d:%02d", mission_time_hr, mission_time_min, mission_time_sec);
      |                                                ^~~~~~~~~~~~~~~~~~
../Core/Src/main.c:1023:25: note: 'snprintf' output between 11 and 17 bytes into a destination of size 11
 1023 |                         snprintf(cmd_echo, 11, "ST%02d:%02d:%02d", mission_time_hr, mission_time_min, mission_time_sec);
      |                         ^~~~~~~~~~~~~~~~~~~~~~~~~~~~~~~~~~~~~~~~~~~~~~~~~~~~~~~~~~~~~~~~~~~~~~~~~~~~~~~~~~~~~~~~~~~~~~~
arm-none-eabi-gcc -o "Nucleo_Flight_Software.elf" @"objects.list"   -mcpu=cortex-m4 -T"C:\Users\brady\repos\UCI-CanSat-24-25\In-Flight-Software\Nucleo_Flight_Software\STM32F412ZGTX_FLASH.ld" --specs=nosys.specs -Wl,-Map="Nucleo_Flight_Software.map" -Wl,--gc-sections -static -u _printf_float --specs=nano.specs -mfpu=fpv4-sp-d16 -mfloat-abi=hard -mthumb -Wl,--start-group -lc -lm -Wl,--end-group
Finished building target: Nucleo_Flight_Software.elf
 
arm-none-eabi-size  Nucleo_Flight_Software.elf 
arm-none-eabi-objdump -h -S Nucleo_Flight_Software.elf  > "Nucleo_Flight_Software.list"
   text	   data	    bss	    dec	    hex	filename
  61692	    668	   5200	  67560	  107e8	Nucleo_Flight_Software.elf
Finished building: default.size.stdout
 
Finished building: Nucleo_Flight_Software.list
 
16:05:29 **** Incremental Build of configuration Debug for project Nucleo_Flight_Software ****
make -j20 all 
arm-none-eabi-gcc "../Core/Src/main.c" -mcpu=cortex-m4 -std=gnu11 -g3 -DDEBUG -DUSE_HAL_DRIVER -DSTM32F412Zx -c -I../Core/Inc -I../Drivers/STM32F4xx_HAL_Driver/Inc -I../Drivers/STM32F4xx_HAL_Driver/Inc/Legacy -I../Drivers/CMSIS/Device/ST/STM32F4xx/Include -I../Drivers/CMSIS/Include -O0 -ffunction-sections -fdata-sections -Wall -fstack-usage -fcyclomatic-complexity -MMD -MP -MF"Core/Src/main.d" -MT"Core/Src/main.o" --specs=nano.specs -mfpu=fpv4-sp-d16 -mfloat-abi=hard -mthumb -o "Core/Src/main.o"
../Core/Src/main.c: In function 'HAL_TIM_PeriodElapsedCallback':
../Core/Src/main.c:302:9: warning: implicit declaration of function 'calculate_speed' [-Wimplicit-function-declaration]
  302 |         calculate_speed();                        // Calculate speed based on pulse count
      |         ^~~~~~~~~~~~~~~
../Core/Src/main.c: At top level:
../Core/Src/main.c:308:6: warning: conflicting types for 'calculate_speed'; have 'void(void)'
  308 | void calculate_speed(void)
      |      ^~~~~~~~~~~~~~~
../Core/Src/main.c:302:9: note: previous implicit declaration of 'calculate_speed' with type 'void(void)'
  302 |         calculate_speed();                        // Calculate speed based on pulse count
      |         ^~~~~~~~~~~~~~~
../Core/Src/main.c: In function 'read_PA1010D':
../Core/Src/main.c:650:28: warning: pointer targets in passing argument 1 of 'parse_nmea' differ in signedness [-Wpointer-sign]
  650 |                 parse_nmea(pa_buf);
      |                            ^~~~~~
      |                            |
      |                            uint8_t * {aka unsigned char *}
../Core/Src/main.c:495:23: note: expected 'char *' but argument is of type 'uint8_t *' {aka 'unsigned char *'}
  495 | bool parse_nmea(char *buf){
      |                 ~~~~~~^~~
../Core/Src/main.c: In function 'init_PA1010D':
../Core/Src/main.c:795:36: warning: pointer targets in passing argument 1 of 'parse_nmea' differ in signedness [-Wpointer-sign]
  795 |                         parse_nmea(pa_buf);
      |                                    ^~~~~~
      |                                    |
      |                                    uint8_t * {aka unsigned char *}
../Core/Src/main.c:495:23: note: expected 'char *' but argument is of type 'uint8_t *' {aka 'unsigned char *'}
  495 | bool parse_nmea(char *buf){
      |                 ~~~~~~^~~
../Core/Src/main.c: In function 'HAL_UARTEx_RxEventCallback':
../Core/Src/main.c:1094:35: warning: pointer targets in initialization of 'char *' from 'uint8_t *' {aka 'unsigned char *'} differ in signedness [-Wpointer-sign]
 1094 |                 char *comma_pos = &rx_packet[Size - 3];  // Comma is 3 characters from the end (2 for checksum, 1 for comma)
      |                                   ^
../Core/Src/main.c:1102:69: warning: pointer targets in passing argument 1 of 'strtol' differ in signedness [-Wpointer-sign]
 1102 |                         uint8_t received_checksum = (uint8_t)strtol(&rx_packet[Size - 2], NULL, 16);  // Convert checksum to integer
      |                                                                     ^~~~~~~~~~~~~~~~~~~~
      |                                                                     |
      |                                                                     uint8_t * {aka unsigned char *}
In file included from ../Core/Src/main.c:29:
C:\ST\STM32CubeIDE_1.16.0\STM32CubeIDE\plugins\com.st.stm32cube.ide.mcu.externaltools.gnu-tools-for-stm32.12.3.rel1.win32_1.0.200.202406191623\tools\bin/../lib/gcc/arm-none-eabi/12.3.1/../../../../arm-none-eabi/include/stdlib.h:171:40: note: expected 'const char * restrict' but argument is of type 'uint8_t *' {aka 'unsigned char *'}
  171 | long    strtol (const char *__restrict __n, char **__restrict __end_PTR, int __base);
      |                 ~~~~~~~~~~~~~~~~~~~~~~~^~~
../Core/Src/main.c:1104:74: warning: pointer targets in passing argument 1 of 'calculate_checksum' differ in signedness [-Wpointer-sign]
 1104 |                         uint8_t calculated_checksum = calculate_checksum(&rx_packet[1]);
      |                                                                          ^~~~~~~~~~~~~
      |                                                                          |
      |                                                                          uint8_t * {aka unsigned char *}
../Core/Src/main.c:854:40: note: expected 'const char *' but argument is of type 'uint8_t *' {aka 'unsigned char *'}
  854 | uint8_t calculate_checksum(const char *data) {
      |                            ~~~~~~~~~~~~^~~~
../Core/Src/main.c:1108:56: warning: pointer targets in passing argument 2 of 'strcpy' differ in signedness [-Wpointer-sign]
 1108 |                                 strcpy(command_buffer, &rx_packet[1]);
      |                                                        ^~~~~~~~~~~~~
      |                                                        |
      |                                                        uint8_t * {aka unsigned char *}
In file included from ../Core/Src/main.c:26:
C:\ST\STM32CubeIDE_1.16.0\STM32CubeIDE\plugins\com.st.stm32cube.ide.mcu.externaltools.gnu-tools-for-stm32.12.3.rel1.win32_1.0.200.202406191623\tools\bin/../lib/gcc/arm-none-eabi/12.3.1/../../../../arm-none-eabi/include/string.h:38:36: note: expected 'const char * restrict' but argument is of type 'uint8_t *' {aka 'unsigned char *'}
   38 | char    *strcpy (char *__restrict, const char *__restrict);
      |                                    ^
../Core/Src/main.c:1115:62: warning: pointer targets in passing argument 2 of 'HAL_UARTEx_ReceiveToIdle_IT' differ in signedness [-Wpointer-sign]
 1115 |         uart_received = HAL_UARTEx_ReceiveToIdle_IT(&huart2, rx_data, RX_BFR_SIZE);
      |                                                              ^~~~~~~
      |                                                              |
      |                                                              char *
In file included from ../Core/Inc/stm32f4xx_hal_conf.h:411,
                 from ../Drivers/STM32F4xx_HAL_Driver/Inc/stm32f4xx_hal.h:29,
                 from ../Core/Inc/main.h:30,
                 from ../Core/Src/main.c:20:
../Drivers/STM32F4xx_HAL_Driver/Inc/stm32f4xx_hal_uart.h:757:83: note: expected 'uint8_t *' {aka 'unsigned char *'} but argument is of type 'char *'
  757 | HAL_StatusTypeDef HAL_UARTEx_ReceiveToIdle_IT(UART_HandleTypeDef *huart, uint8_t *pData, uint16_t Size);
      |                                                                          ~~~~~~~~~^~~~~
../Core/Src/main.c: In function 'main':
../Core/Src/main.c:1168:56: warning: pointer targets in passing argument 2 of 'HAL_UARTEx_ReceiveToIdle_IT' differ in signedness [-Wpointer-sign]
 1168 |   uart_received = HAL_UARTEx_ReceiveToIdle_IT(&huart2, rx_data, RX_BFR_SIZE);
      |                                                        ^~~~~~~
      |                                                        |
      |                                                        char *
../Drivers/STM32F4xx_HAL_Driver/Inc/stm32f4xx_hal_uart.h:757:83: note: expected 'uint8_t *' {aka 'unsigned char *'} but argument is of type 'char *'
  757 | HAL_StatusTypeDef HAL_UARTEx_ReceiveToIdle_IT(UART_HandleTypeDef *huart, uint8_t *pData, uint16_t Size);
      |                                                                          ~~~~~~~~~^~~~~
../Core/Src/main.c: In function 'handle_state':
../Core/Src/main.c:902:17: warning: 'strncpy' output truncated before terminating nul copying 13 bytes from a string of the same length [-Wstringop-truncation]
  902 |                 strncpy(state, "PROBE_RELEASE", strlen("PROBE_RELEASE"));
      |                 ^~~~~~~~~~~~~~~~~~~~~~~~~~~~~~~~~~~~~~~~~~~~~~~~~~~~~~~~
../Core/Src/main.c:909:17: warning: 'strncpy' output truncated before terminating nul copying 9 bytes from a string of the same length [-Wstringop-truncation]
  909 |                 strncpy(state, "ASCENDING", strlen("ASCENDING"));
      |                 ^~~~~~~~~~~~~~~~~~~~~~~~~~~~~~~~~~~~~~~~~~~~~~~~
../Core/Src/main.c:915:17: warning: 'strncpy' output truncated before terminating nul copying 6 bytes from a string of the same length [-Wstringop-truncation]
  915 |                 strncpy(state, "APOGEE", strlen("APOGEE"));
      |                 ^~~~~~~~~~~~~~~~~~~~~~~~~~~~~~~~~~~~~~~~~~
../Core/Src/main.c:921:17: warning: 'strncpy' output truncated before terminating nul copying 10 bytes from a string of the same length [-Wstringop-truncation]
  921 |                 strncpy(state, "DESCENDING", strlen("DESCENDING"));
      |                 ^~~~~~~~~~~~~~~~~~~~~~~~~~~~~~~~~~~~~~~~~~~~~~~~~~
../Core/Src/main.c:927:17: warning: 'strncpy' output truncated before terminating nul copying 6 bytes from a string of the same length [-Wstringop-truncation]
  927 |                 strncpy(state, "LANDED", strlen("LANDED"));
      |                 ^~~~~~~~~~~~~~~~~~~~~~~~~~~~~~~~~~~~~~~~~~
../Core/Src/main.c:933:17: warning: 'strncpy' output truncated before terminating nul copying 10 bytes from a string of the same length [-Wstringop-truncation]
  933 |                 strncpy(state, "LAUNCH_PAD", strlen("LAUNCH_PAD"));
      |                 ^~~~~~~~~~~~~~~~~~~~~~~~~~~~~~~~~~~~~~~~~~~~~~~~~~
../Core/Src/main.c: In function 'handle_command':
../Core/Src/main.c:1036:25: warning: 'strncpy' output truncated before terminating nul copying 12 bytes from a string of the same length [-Wstringop-truncation]
 1036 |                         strncpy(state, "LAUNCH-READY", strlen("LAUNCH-READY"));
      |                         ^~~~~~~~~~~~~~~~~~~~~~~~~~~~~~~~~~~~~~~~~~~~~~~~~~~~~~
../Core/Src/main.c:1023:60: warning: ':' directive output may be truncated writing 1 byte into a region of size between 0 and 4 [-Wformat-truncation=]
 1023 |                         snprintf(cmd_echo, 11, "ST%02d:%02d:%02d", mission_time_hr, mission_time_min, mission_time_sec);
      |                                                            ^
../Core/Src/main.c:1023:48: note: directive argument in the range [-128, 127]
 1023 |                         snprintf(cmd_echo, 11, "ST%02d:%02d:%02d", mission_time_hr, mission_time_min, mission_time_sec);
      |                                                ^~~~~~~~~~~~~~~~~~
../Core/Src/main.c:1023:25: note: 'snprintf' output between 11 and 17 bytes into a destination of size 11
 1023 |                         snprintf(cmd_echo, 11, "ST%02d:%02d:%02d", mission_time_hr, mission_time_min, mission_time_sec);
      |                         ^~~~~~~~~~~~~~~~~~~~~~~~~~~~~~~~~~~~~~~~~~~~~~~~~~~~~~~~~~~~~~~~~~~~~~~~~~~~~~~~~~~~~~~~~~~~~~~
arm-none-eabi-gcc -o "Nucleo_Flight_Software.elf" @"objects.list"   -mcpu=cortex-m4 -T"C:\Users\brady\repos\UCI-CanSat-24-25\In-Flight-Software\Nucleo_Flight_Software\STM32F412ZGTX_FLASH.ld" --specs=nosys.specs -Wl,-Map="Nucleo_Flight_Software.map" -Wl,--gc-sections -static -u _printf_float --specs=nano.specs -mfpu=fpv4-sp-d16 -mfloat-abi=hard -mthumb -Wl,--start-group -lc -lm -Wl,--end-group
Finished building target: Nucleo_Flight_Software.elf
 
arm-none-eabi-size  Nucleo_Flight_Software.elf 
arm-none-eabi-objdump -h -S Nucleo_Flight_Software.elf  > "Nucleo_Flight_Software.list"
   text	   data	    bss	    dec	    hex	filename
  61692	    668	   5200	  67560	  107e8	Nucleo_Flight_Software.elf
Finished building: default.size.stdout
 
Finished building: Nucleo_Flight_Software.list
 
16:09:19 **** Incremental Build of configuration Debug for project Nucleo_Flight_Software ****
make -j20 all 
arm-none-eabi-gcc "../Core/Src/main.c" -mcpu=cortex-m4 -std=gnu11 -g3 -DDEBUG -DUSE_HAL_DRIVER -DSTM32F412Zx -c -I../Core/Inc -I../Drivers/STM32F4xx_HAL_Driver/Inc -I../Drivers/STM32F4xx_HAL_Driver/Inc/Legacy -I../Drivers/CMSIS/Device/ST/STM32F4xx/Include -I../Drivers/CMSIS/Include -O0 -ffunction-sections -fdata-sections -Wall -fstack-usage -fcyclomatic-complexity -MMD -MP -MF"Core/Src/main.d" -MT"Core/Src/main.o" --specs=nano.specs -mfpu=fpv4-sp-d16 -mfloat-abi=hard -mthumb -o "Core/Src/main.o"
../Core/Src/main.c: In function 'HAL_TIM_PeriodElapsedCallback':
../Core/Src/main.c:302:9: warning: implicit declaration of function 'calculate_speed' [-Wimplicit-function-declaration]
  302 |         calculate_speed();                        // Calculate speed based on pulse count
      |         ^~~~~~~~~~~~~~~
../Core/Src/main.c: At top level:
../Core/Src/main.c:308:6: warning: conflicting types for 'calculate_speed'; have 'void(void)'
  308 | void calculate_speed(void)
      |      ^~~~~~~~~~~~~~~
../Core/Src/main.c:302:9: note: previous implicit declaration of 'calculate_speed' with type 'void(void)'
  302 |         calculate_speed();                        // Calculate speed based on pulse count
      |         ^~~~~~~~~~~~~~~
../Core/Src/main.c: In function 'read_PA1010D':
../Core/Src/main.c:652:28: warning: pointer targets in passing argument 1 of 'parse_nmea' differ in signedness [-Wpointer-sign]
  652 |                 parse_nmea(pa_buf);
      |                            ^~~~~~
      |                            |
      |                            uint8_t * {aka unsigned char *}
../Core/Src/main.c:497:23: note: expected 'char *' but argument is of type 'uint8_t *' {aka 'unsigned char *'}
  497 | bool parse_nmea(char *buf){
      |                 ~~~~~~^~~
../Core/Src/main.c: In function 'init_PA1010D':
../Core/Src/main.c:797:36: warning: pointer targets in passing argument 1 of 'parse_nmea' differ in signedness [-Wpointer-sign]
  797 |                         parse_nmea(pa_buf);
      |                                    ^~~~~~
      |                                    |
      |                                    uint8_t * {aka unsigned char *}
../Core/Src/main.c:497:23: note: expected 'char *' but argument is of type 'uint8_t *' {aka 'unsigned char *'}
  497 | bool parse_nmea(char *buf){
      |                 ~~~~~~^~~
../Core/Src/main.c: In function 'HAL_UARTEx_RxEventCallback':
../Core/Src/main.c:1096:35: warning: pointer targets in initialization of 'char *' from 'uint8_t *' {aka 'unsigned char *'} differ in signedness [-Wpointer-sign]
 1096 |                 char *comma_pos = &rx_packet[Size - 3];  // Comma is 3 characters from the end (2 for checksum, 1 for comma)
      |                                   ^
../Core/Src/main.c:1104:69: warning: pointer targets in passing argument 1 of 'strtol' differ in signedness [-Wpointer-sign]
 1104 |                         uint8_t received_checksum = (uint8_t)strtol(&rx_packet[Size - 2], NULL, 16);  // Convert checksum to integer
      |                                                                     ^~~~~~~~~~~~~~~~~~~~
      |                                                                     |
      |                                                                     uint8_t * {aka unsigned char *}
In file included from ../Core/Src/main.c:29:
C:\ST\STM32CubeIDE_1.16.0\STM32CubeIDE\plugins\com.st.stm32cube.ide.mcu.externaltools.gnu-tools-for-stm32.12.3.rel1.win32_1.0.200.202406191623\tools\bin/../lib/gcc/arm-none-eabi/12.3.1/../../../../arm-none-eabi/include/stdlib.h:171:40: note: expected 'const char * restrict' but argument is of type 'uint8_t *' {aka 'unsigned char *'}
  171 | long    strtol (const char *__restrict __n, char **__restrict __end_PTR, int __base);
      |                 ~~~~~~~~~~~~~~~~~~~~~~~^~~
../Core/Src/main.c:1106:74: warning: pointer targets in passing argument 1 of 'calculate_checksum' differ in signedness [-Wpointer-sign]
 1106 |                         uint8_t calculated_checksum = calculate_checksum(&rx_packet[1]);
      |                                                                          ^~~~~~~~~~~~~
      |                                                                          |
      |                                                                          uint8_t * {aka unsigned char *}
../Core/Src/main.c:856:40: note: expected 'const char *' but argument is of type 'uint8_t *' {aka 'unsigned char *'}
  856 | uint8_t calculate_checksum(const char *data) {
      |                            ~~~~~~~~~~~~^~~~
../Core/Src/main.c:1110:56: warning: pointer targets in passing argument 2 of 'strcpy' differ in signedness [-Wpointer-sign]
 1110 |                                 strcpy(command_buffer, &rx_packet[1]);
      |                                                        ^~~~~~~~~~~~~
      |                                                        |
      |                                                        uint8_t * {aka unsigned char *}
In file included from ../Core/Src/main.c:26:
C:\ST\STM32CubeIDE_1.16.0\STM32CubeIDE\plugins\com.st.stm32cube.ide.mcu.externaltools.gnu-tools-for-stm32.12.3.rel1.win32_1.0.200.202406191623\tools\bin/../lib/gcc/arm-none-eabi/12.3.1/../../../../arm-none-eabi/include/string.h:38:36: note: expected 'const char * restrict' but argument is of type 'uint8_t *' {aka 'unsigned char *'}
   38 | char    *strcpy (char *__restrict, const char *__restrict);
      |                                    ^
../Core/Src/main.c:1117:62: warning: pointer targets in passing argument 2 of 'HAL_UARTEx_ReceiveToIdle_IT' differ in signedness [-Wpointer-sign]
 1117 |         uart_received = HAL_UARTEx_ReceiveToIdle_IT(&huart2, rx_data, RX_BFR_SIZE);
      |                                                              ^~~~~~~
      |                                                              |
      |                                                              char *
In file included from ../Core/Inc/stm32f4xx_hal_conf.h:411,
                 from ../Drivers/STM32F4xx_HAL_Driver/Inc/stm32f4xx_hal.h:29,
                 from ../Core/Inc/main.h:30,
                 from ../Core/Src/main.c:20:
../Drivers/STM32F4xx_HAL_Driver/Inc/stm32f4xx_hal_uart.h:757:83: note: expected 'uint8_t *' {aka 'unsigned char *'} but argument is of type 'char *'
  757 | HAL_StatusTypeDef HAL_UARTEx_ReceiveToIdle_IT(UART_HandleTypeDef *huart, uint8_t *pData, uint16_t Size);
      |                                                                          ~~~~~~~~~^~~~~
../Core/Src/main.c: In function 'main':
../Core/Src/main.c:1170:56: warning: pointer targets in passing argument 2 of 'HAL_UARTEx_ReceiveToIdle_IT' differ in signedness [-Wpointer-sign]
 1170 |   uart_received = HAL_UARTEx_ReceiveToIdle_IT(&huart2, rx_data, RX_BFR_SIZE);
      |                                                        ^~~~~~~
      |                                                        |
      |                                                        char *
../Drivers/STM32F4xx_HAL_Driver/Inc/stm32f4xx_hal_uart.h:757:83: note: expected 'uint8_t *' {aka 'unsigned char *'} but argument is of type 'char *'
  757 | HAL_StatusTypeDef HAL_UARTEx_ReceiveToIdle_IT(UART_HandleTypeDef *huart, uint8_t *pData, uint16_t Size);
      |                                                                          ~~~~~~~~~^~~~~
../Core/Src/main.c: In function 'handle_state':
../Core/Src/main.c:904:17: warning: 'strncpy' output truncated before terminating nul copying 13 bytes from a string of the same length [-Wstringop-truncation]
  904 |                 strncpy(state, "PROBE_RELEASE", strlen("PROBE_RELEASE"));
      |                 ^~~~~~~~~~~~~~~~~~~~~~~~~~~~~~~~~~~~~~~~~~~~~~~~~~~~~~~~
../Core/Src/main.c:911:17: warning: 'strncpy' output truncated before terminating nul copying 9 bytes from a string of the same length [-Wstringop-truncation]
  911 |                 strncpy(state, "ASCENDING", strlen("ASCENDING"));
      |                 ^~~~~~~~~~~~~~~~~~~~~~~~~~~~~~~~~~~~~~~~~~~~~~~~
../Core/Src/main.c:917:17: warning: 'strncpy' output truncated before terminating nul copying 6 bytes from a string of the same length [-Wstringop-truncation]
  917 |                 strncpy(state, "APOGEE", strlen("APOGEE"));
      |                 ^~~~~~~~~~~~~~~~~~~~~~~~~~~~~~~~~~~~~~~~~~
../Core/Src/main.c:923:17: warning: 'strncpy' output truncated before terminating nul copying 10 bytes from a string of the same length [-Wstringop-truncation]
  923 |                 strncpy(state, "DESCENDING", strlen("DESCENDING"));
      |                 ^~~~~~~~~~~~~~~~~~~~~~~~~~~~~~~~~~~~~~~~~~~~~~~~~~
../Core/Src/main.c:929:17: warning: 'strncpy' output truncated before terminating nul copying 6 bytes from a string of the same length [-Wstringop-truncation]
  929 |                 strncpy(state, "LANDED", strlen("LANDED"));
      |                 ^~~~~~~~~~~~~~~~~~~~~~~~~~~~~~~~~~~~~~~~~~
../Core/Src/main.c:935:17: warning: 'strncpy' output truncated before terminating nul copying 10 bytes from a string of the same length [-Wstringop-truncation]
  935 |                 strncpy(state, "LAUNCH_PAD", strlen("LAUNCH_PAD"));
      |                 ^~~~~~~~~~~~~~~~~~~~~~~~~~~~~~~~~~~~~~~~~~~~~~~~~~
../Core/Src/main.c: In function 'handle_command':
../Core/Src/main.c:1038:25: warning: 'strncpy' output truncated before terminating nul copying 12 bytes from a string of the same length [-Wstringop-truncation]
 1038 |                         strncpy(state, "LAUNCH-READY", strlen("LAUNCH-READY"));
      |                         ^~~~~~~~~~~~~~~~~~~~~~~~~~~~~~~~~~~~~~~~~~~~~~~~~~~~~~
../Core/Src/main.c:1025:60: warning: ':' directive output may be truncated writing 1 byte into a region of size between 0 and 4 [-Wformat-truncation=]
 1025 |                         snprintf(cmd_echo, 11, "ST%02d:%02d:%02d", mission_time_hr, mission_time_min, mission_time_sec);
      |                                                            ^
../Core/Src/main.c:1025:48: note: directive argument in the range [-128, 127]
 1025 |                         snprintf(cmd_echo, 11, "ST%02d:%02d:%02d", mission_time_hr, mission_time_min, mission_time_sec);
      |                                                ^~~~~~~~~~~~~~~~~~
../Core/Src/main.c:1025:25: note: 'snprintf' output between 11 and 17 bytes into a destination of size 11
 1025 |                         snprintf(cmd_echo, 11, "ST%02d:%02d:%02d", mission_time_hr, mission_time_min, mission_time_sec);
      |                         ^~~~~~~~~~~~~~~~~~~~~~~~~~~~~~~~~~~~~~~~~~~~~~~~~~~~~~~~~~~~~~~~~~~~~~~~~~~~~~~~~~~~~~~~~~~~~~~
arm-none-eabi-gcc -o "Nucleo_Flight_Software.elf" @"objects.list"   -mcpu=cortex-m4 -T"C:\Users\brady\repos\UCI-CanSat-24-25\In-Flight-Software\Nucleo_Flight_Software\STM32F412ZGTX_FLASH.ld" --specs=nosys.specs -Wl,-Map="Nucleo_Flight_Software.map" -Wl,--gc-sections -static -u _printf_float --specs=nano.specs -mfpu=fpv4-sp-d16 -mfloat-abi=hard -mthumb -Wl,--start-group -lc -lm -Wl,--end-group
Finished building target: Nucleo_Flight_Software.elf
 
arm-none-eabi-size  Nucleo_Flight_Software.elf 
arm-none-eabi-objdump -h -S Nucleo_Flight_Software.elf  > "Nucleo_Flight_Software.list"
   text	   data	    bss	    dec	    hex	filename
  61708	    668	   5200	  67576	  107f8	Nucleo_Flight_Software.elf
Finished building: default.size.stdout
 
Finished building: Nucleo_Flight_Software.list
 
16:10:44 **** Incremental Build of configuration Debug for project Nucleo_Flight_Software ****
make -j20 all 
arm-none-eabi-gcc "../Core/Src/main.c" -mcpu=cortex-m4 -std=gnu11 -g3 -DDEBUG -DUSE_HAL_DRIVER -DSTM32F412Zx -c -I../Core/Inc -I../Drivers/STM32F4xx_HAL_Driver/Inc -I../Drivers/STM32F4xx_HAL_Driver/Inc/Legacy -I../Drivers/CMSIS/Device/ST/STM32F4xx/Include -I../Drivers/CMSIS/Include -O0 -ffunction-sections -fdata-sections -Wall -fstack-usage -fcyclomatic-complexity -MMD -MP -MF"Core/Src/main.d" -MT"Core/Src/main.o" --specs=nano.specs -mfpu=fpv4-sp-d16 -mfloat-abi=hard -mthumb -o "Core/Src/main.o"
../Core/Src/main.c: In function 'HAL_TIM_PeriodElapsedCallback':
../Core/Src/main.c:302:9: warning: implicit declaration of function 'calculate_speed' [-Wimplicit-function-declaration]
  302 |         calculate_speed();                        // Calculate speed based on pulse count
      |         ^~~~~~~~~~~~~~~
../Core/Src/main.c: At top level:
../Core/Src/main.c:308:6: warning: conflicting types for 'calculate_speed'; have 'void(void)'
  308 | void calculate_speed(void)
      |      ^~~~~~~~~~~~~~~
../Core/Src/main.c:302:9: note: previous implicit declaration of 'calculate_speed' with type 'void(void)'
  302 |         calculate_speed();                        // Calculate speed based on pulse count
      |         ^~~~~~~~~~~~~~~
../Core/Src/main.c: In function 'read_PA1010D':
../Core/Src/main.c:652:28: warning: pointer targets in passing argument 1 of 'parse_nmea' differ in signedness [-Wpointer-sign]
  652 |                 parse_nmea(pa_buf);
      |                            ^~~~~~
      |                            |
      |                            uint8_t * {aka unsigned char *}
../Core/Src/main.c:497:23: note: expected 'char *' but argument is of type 'uint8_t *' {aka 'unsigned char *'}
  497 | bool parse_nmea(char *buf){
      |                 ~~~~~~^~~
../Core/Src/main.c: In function 'init_PA1010D':
../Core/Src/main.c:797:36: warning: pointer targets in passing argument 1 of 'parse_nmea' differ in signedness [-Wpointer-sign]
  797 |                         parse_nmea(pa_buf);
      |                                    ^~~~~~
      |                                    |
      |                                    uint8_t * {aka unsigned char *}
../Core/Src/main.c:497:23: note: expected 'char *' but argument is of type 'uint8_t *' {aka 'unsigned char *'}
  497 | bool parse_nmea(char *buf){
      |                 ~~~~~~^~~
../Core/Src/main.c: In function 'HAL_UARTEx_RxEventCallback':
../Core/Src/main.c:1096:35: warning: pointer targets in initialization of 'char *' from 'uint8_t *' {aka 'unsigned char *'} differ in signedness [-Wpointer-sign]
 1096 |                 char *comma_pos = &rx_packet[Size - 3];  // Comma is 3 characters from the end (2 for checksum, 1 for comma)
      |                                   ^
../Core/Src/main.c:1104:69: warning: pointer targets in passing argument 1 of 'strtol' differ in signedness [-Wpointer-sign]
 1104 |                         uint8_t received_checksum = (uint8_t)strtol(&rx_packet[Size - 2], NULL, 16);  // Convert checksum to integer
      |                                                                     ^~~~~~~~~~~~~~~~~~~~
      |                                                                     |
      |                                                                     uint8_t * {aka unsigned char *}
In file included from ../Core/Src/main.c:29:
C:\ST\STM32CubeIDE_1.16.0\STM32CubeIDE\plugins\com.st.stm32cube.ide.mcu.externaltools.gnu-tools-for-stm32.12.3.rel1.win32_1.0.200.202406191623\tools\bin/../lib/gcc/arm-none-eabi/12.3.1/../../../../arm-none-eabi/include/stdlib.h:171:40: note: expected 'const char * restrict' but argument is of type 'uint8_t *' {aka 'unsigned char *'}
  171 | long    strtol (const char *__restrict __n, char **__restrict __end_PTR, int __base);
      |                 ~~~~~~~~~~~~~~~~~~~~~~~^~~
../Core/Src/main.c:1106:74: warning: pointer targets in passing argument 1 of 'calculate_checksum' differ in signedness [-Wpointer-sign]
 1106 |                         uint8_t calculated_checksum = calculate_checksum(&rx_packet[1]);
      |                                                                          ^~~~~~~~~~~~~
      |                                                                          |
      |                                                                          uint8_t * {aka unsigned char *}
../Core/Src/main.c:856:40: note: expected 'const char *' but argument is of type 'uint8_t *' {aka 'unsigned char *'}
  856 | uint8_t calculate_checksum(const char *data) {
      |                            ~~~~~~~~~~~~^~~~
../Core/Src/main.c:1110:56: warning: pointer targets in passing argument 2 of 'strcpy' differ in signedness [-Wpointer-sign]
 1110 |                                 strcpy(command_buffer, &rx_packet[1]);
      |                                                        ^~~~~~~~~~~~~
      |                                                        |
      |                                                        uint8_t * {aka unsigned char *}
In file included from ../Core/Src/main.c:26:
C:\ST\STM32CubeIDE_1.16.0\STM32CubeIDE\plugins\com.st.stm32cube.ide.mcu.externaltools.gnu-tools-for-stm32.12.3.rel1.win32_1.0.200.202406191623\tools\bin/../lib/gcc/arm-none-eabi/12.3.1/../../../../arm-none-eabi/include/string.h:38:36: note: expected 'const char * restrict' but argument is of type 'uint8_t *' {aka 'unsigned char *'}
   38 | char    *strcpy (char *__restrict, const char *__restrict);
      |                                    ^
../Core/Src/main.c:1117:62: warning: pointer targets in passing argument 2 of 'HAL_UARTEx_ReceiveToIdle_IT' differ in signedness [-Wpointer-sign]
 1117 |         uart_received = HAL_UARTEx_ReceiveToIdle_IT(&huart2, rx_data, RX_BFR_SIZE);
      |                                                              ^~~~~~~
      |                                                              |
      |                                                              char *
In file included from ../Core/Inc/stm32f4xx_hal_conf.h:411,
                 from ../Drivers/STM32F4xx_HAL_Driver/Inc/stm32f4xx_hal.h:29,
                 from ../Core/Inc/main.h:30,
                 from ../Core/Src/main.c:20:
../Drivers/STM32F4xx_HAL_Driver/Inc/stm32f4xx_hal_uart.h:757:83: note: expected 'uint8_t *' {aka 'unsigned char *'} but argument is of type 'char *'
  757 | HAL_StatusTypeDef HAL_UARTEx_ReceiveToIdle_IT(UART_HandleTypeDef *huart, uint8_t *pData, uint16_t Size);
      |                                                                          ~~~~~~~~~^~~~~
../Core/Src/main.c: In function 'main':
../Core/Src/main.c:1170:56: warning: pointer targets in passing argument 2 of 'HAL_UARTEx_ReceiveToIdle_IT' differ in signedness [-Wpointer-sign]
 1170 |   uart_received = HAL_UARTEx_ReceiveToIdle_IT(&huart2, rx_data, RX_BFR_SIZE);
      |                                                        ^~~~~~~
      |                                                        |
      |                                                        char *
../Drivers/STM32F4xx_HAL_Driver/Inc/stm32f4xx_hal_uart.h:757:83: note: expected 'uint8_t *' {aka 'unsigned char *'} but argument is of type 'char *'
  757 | HAL_StatusTypeDef HAL_UARTEx_ReceiveToIdle_IT(UART_HandleTypeDef *huart, uint8_t *pData, uint16_t Size);
      |                                                                          ~~~~~~~~~^~~~~
../Core/Src/main.c: In function 'handle_state':
../Core/Src/main.c:904:17: warning: 'strncpy' output truncated before terminating nul copying 13 bytes from a string of the same length [-Wstringop-truncation]
  904 |                 strncpy(state, "PROBE_RELEASE", strlen("PROBE_RELEASE"));
      |                 ^~~~~~~~~~~~~~~~~~~~~~~~~~~~~~~~~~~~~~~~~~~~~~~~~~~~~~~~
../Core/Src/main.c:911:17: warning: 'strncpy' output truncated before terminating nul copying 9 bytes from a string of the same length [-Wstringop-truncation]
  911 |                 strncpy(state, "ASCENDING", strlen("ASCENDING"));
      |                 ^~~~~~~~~~~~~~~~~~~~~~~~~~~~~~~~~~~~~~~~~~~~~~~~
../Core/Src/main.c:917:17: warning: 'strncpy' output truncated before terminating nul copying 6 bytes from a string of the same length [-Wstringop-truncation]
  917 |                 strncpy(state, "APOGEE", strlen("APOGEE"));
      |                 ^~~~~~~~~~~~~~~~~~~~~~~~~~~~~~~~~~~~~~~~~~
../Core/Src/main.c:923:17: warning: 'strncpy' output truncated before terminating nul copying 10 bytes from a string of the same length [-Wstringop-truncation]
  923 |                 strncpy(state, "DESCENDING", strlen("DESCENDING"));
      |                 ^~~~~~~~~~~~~~~~~~~~~~~~~~~~~~~~~~~~~~~~~~~~~~~~~~
../Core/Src/main.c:929:17: warning: 'strncpy' output truncated before terminating nul copying 6 bytes from a string of the same length [-Wstringop-truncation]
  929 |                 strncpy(state, "LANDED", strlen("LANDED"));
      |                 ^~~~~~~~~~~~~~~~~~~~~~~~~~~~~~~~~~~~~~~~~~
../Core/Src/main.c:935:17: warning: 'strncpy' output truncated before terminating nul copying 10 bytes from a string of the same length [-Wstringop-truncation]
  935 |                 strncpy(state, "LAUNCH_PAD", strlen("LAUNCH_PAD"));
      |                 ^~~~~~~~~~~~~~~~~~~~~~~~~~~~~~~~~~~~~~~~~~~~~~~~~~
../Core/Src/main.c: In function 'handle_command':
../Core/Src/main.c:1038:25: warning: 'strncpy' output truncated before terminating nul copying 12 bytes from a string of the same length [-Wstringop-truncation]
 1038 |                         strncpy(state, "LAUNCH-READY", strlen("LAUNCH-READY"));
      |                         ^~~~~~~~~~~~~~~~~~~~~~~~~~~~~~~~~~~~~~~~~~~~~~~~~~~~~~
../Core/Src/main.c:1025:60: warning: ':' directive output may be truncated writing 1 byte into a region of size between 0 and 4 [-Wformat-truncation=]
 1025 |                         snprintf(cmd_echo, 11, "ST%02d:%02d:%02d", mission_time_hr, mission_time_min, mission_time_sec);
      |                                                            ^
../Core/Src/main.c:1025:48: note: directive argument in the range [-128, 127]
 1025 |                         snprintf(cmd_echo, 11, "ST%02d:%02d:%02d", mission_time_hr, mission_time_min, mission_time_sec);
      |                                                ^~~~~~~~~~~~~~~~~~
../Core/Src/main.c:1025:25: note: 'snprintf' output between 11 and 17 bytes into a destination of size 11
 1025 |                         snprintf(cmd_echo, 11, "ST%02d:%02d:%02d", mission_time_hr, mission_time_min, mission_time_sec);
      |                         ^~~~~~~~~~~~~~~~~~~~~~~~~~~~~~~~~~~~~~~~~~~~~~~~~~~~~~~~~~~~~~~~~~~~~~~~~~~~~~~~~~~~~~~~~~~~~~~
arm-none-eabi-gcc -o "Nucleo_Flight_Software.elf" @"objects.list"   -mcpu=cortex-m4 -T"C:\Users\brady\repos\UCI-CanSat-24-25\In-Flight-Software\Nucleo_Flight_Software\STM32F412ZGTX_FLASH.ld" --specs=nosys.specs -Wl,-Map="Nucleo_Flight_Software.map" -Wl,--gc-sections -static -u _printf_float --specs=nano.specs -mfpu=fpv4-sp-d16 -mfloat-abi=hard -mthumb -Wl,--start-group -lc -lm -Wl,--end-group
Finished building target: Nucleo_Flight_Software.elf
 
arm-none-eabi-size  Nucleo_Flight_Software.elf 
arm-none-eabi-objdump -h -S Nucleo_Flight_Software.elf  > "Nucleo_Flight_Software.list"
   text	   data	    bss	    dec	    hex	filename
  61716	    668	   5200	  67584	  10800	Nucleo_Flight_Software.elf
Finished building: default.size.stdout
 
Finished building: Nucleo_Flight_Software.list
 
16:13:22 **** Incremental Build of configuration Debug for project Nucleo_Flight_Software ****
make -j20 all 
arm-none-eabi-gcc "../Core/Src/main.c" -mcpu=cortex-m4 -std=gnu11 -g3 -DDEBUG -DUSE_HAL_DRIVER -DSTM32F412Zx -c -I../Core/Inc -I../Drivers/STM32F4xx_HAL_Driver/Inc -I../Drivers/STM32F4xx_HAL_Driver/Inc/Legacy -I../Drivers/CMSIS/Device/ST/STM32F4xx/Include -I../Drivers/CMSIS/Include -O0 -ffunction-sections -fdata-sections -Wall -fstack-usage -fcyclomatic-complexity -MMD -MP -MF"Core/Src/main.d" -MT"Core/Src/main.o" --specs=nano.specs -mfpu=fpv4-sp-d16 -mfloat-abi=hard -mthumb -o "Core/Src/main.o"
../Core/Src/main.c: In function 'HAL_TIM_PeriodElapsedCallback':
../Core/Src/main.c:302:9: warning: implicit declaration of function 'calculate_speed' [-Wimplicit-function-declaration]
  302 |         calculate_speed();                        // Calculate speed based on pulse count
      |         ^~~~~~~~~~~~~~~
../Core/Src/main.c: At top level:
../Core/Src/main.c:308:6: warning: conflicting types for 'calculate_speed'; have 'void(void)'
  308 | void calculate_speed(void)
      |      ^~~~~~~~~~~~~~~
../Core/Src/main.c:302:9: note: previous implicit declaration of 'calculate_speed' with type 'void(void)'
  302 |         calculate_speed();                        // Calculate speed based on pulse count
      |         ^~~~~~~~~~~~~~~
../Core/Src/main.c: In function 'read_PA1010D':
../Core/Src/main.c:652:28: warning: pointer targets in passing argument 1 of 'parse_nmea' differ in signedness [-Wpointer-sign]
  652 |                 parse_nmea(pa_buf);
      |                            ^~~~~~
      |                            |
      |                            uint8_t * {aka unsigned char *}
../Core/Src/main.c:497:23: note: expected 'char *' but argument is of type 'uint8_t *' {aka 'unsigned char *'}
  497 | bool parse_nmea(char *buf){
      |                 ~~~~~~^~~
../Core/Src/main.c: In function 'init_PA1010D':
../Core/Src/main.c:797:36: warning: pointer targets in passing argument 1 of 'parse_nmea' differ in signedness [-Wpointer-sign]
  797 |                         parse_nmea(pa_buf);
      |                                    ^~~~~~
      |                                    |
      |                                    uint8_t * {aka unsigned char *}
../Core/Src/main.c:497:23: note: expected 'char *' but argument is of type 'uint8_t *' {aka 'unsigned char *'}
  497 | bool parse_nmea(char *buf){
      |                 ~~~~~~^~~
../Core/Src/main.c: In function 'HAL_UARTEx_RxEventCallback':
../Core/Src/main.c:1096:35: warning: pointer targets in initialization of 'char *' from 'uint8_t *' {aka 'unsigned char *'} differ in signedness [-Wpointer-sign]
 1096 |                 char *comma_pos = &rx_packet[Size - 3];  // Comma is 3 characters from the end (2 for checksum, 1 for comma)
      |                                   ^
../Core/Src/main.c:1104:69: warning: pointer targets in passing argument 1 of 'strtol' differ in signedness [-Wpointer-sign]
 1104 |                         uint8_t received_checksum = (uint8_t)strtol(&rx_packet[Size - 2], NULL, 16);  // Convert checksum to integer
      |                                                                     ^~~~~~~~~~~~~~~~~~~~
      |                                                                     |
      |                                                                     uint8_t * {aka unsigned char *}
In file included from ../Core/Src/main.c:29:
C:\ST\STM32CubeIDE_1.16.0\STM32CubeIDE\plugins\com.st.stm32cube.ide.mcu.externaltools.gnu-tools-for-stm32.12.3.rel1.win32_1.0.200.202406191623\tools\bin/../lib/gcc/arm-none-eabi/12.3.1/../../../../arm-none-eabi/include/stdlib.h:171:40: note: expected 'const char * restrict' but argument is of type 'uint8_t *' {aka 'unsigned char *'}
  171 | long    strtol (const char *__restrict __n, char **__restrict __end_PTR, int __base);
      |                 ~~~~~~~~~~~~~~~~~~~~~~~^~~
../Core/Src/main.c:1106:74: warning: pointer targets in passing argument 1 of 'calculate_checksum' differ in signedness [-Wpointer-sign]
 1106 |                         uint8_t calculated_checksum = calculate_checksum(&rx_packet[1]);
      |                                                                          ^~~~~~~~~~~~~
      |                                                                          |
      |                                                                          uint8_t * {aka unsigned char *}
../Core/Src/main.c:856:40: note: expected 'const char *' but argument is of type 'uint8_t *' {aka 'unsigned char *'}
  856 | uint8_t calculate_checksum(const char *data) {
      |                            ~~~~~~~~~~~~^~~~
../Core/Src/main.c:1110:56: warning: pointer targets in passing argument 2 of 'strcpy' differ in signedness [-Wpointer-sign]
 1110 |                                 strcpy(command_buffer, &rx_packet[1]);
      |                                                        ^~~~~~~~~~~~~
      |                                                        |
      |                                                        uint8_t * {aka unsigned char *}
In file included from ../Core/Src/main.c:26:
C:\ST\STM32CubeIDE_1.16.0\STM32CubeIDE\plugins\com.st.stm32cube.ide.mcu.externaltools.gnu-tools-for-stm32.12.3.rel1.win32_1.0.200.202406191623\tools\bin/../lib/gcc/arm-none-eabi/12.3.1/../../../../arm-none-eabi/include/string.h:38:36: note: expected 'const char * restrict' but argument is of type 'uint8_t *' {aka 'unsigned char *'}
   38 | char    *strcpy (char *__restrict, const char *__restrict);
      |                                    ^
../Core/Src/main.c:1117:62: warning: pointer targets in passing argument 2 of 'HAL_UARTEx_ReceiveToIdle_IT' differ in signedness [-Wpointer-sign]
 1117 |         uart_received = HAL_UARTEx_ReceiveToIdle_IT(&huart2, rx_data, RX_BFR_SIZE);
      |                                                              ^~~~~~~
      |                                                              |
      |                                                              char *
In file included from ../Core/Inc/stm32f4xx_hal_conf.h:411,
                 from ../Drivers/STM32F4xx_HAL_Driver/Inc/stm32f4xx_hal.h:29,
                 from ../Core/Inc/main.h:30,
                 from ../Core/Src/main.c:20:
../Drivers/STM32F4xx_HAL_Driver/Inc/stm32f4xx_hal_uart.h:757:83: note: expected 'uint8_t *' {aka 'unsigned char *'} but argument is of type 'char *'
  757 | HAL_StatusTypeDef HAL_UARTEx_ReceiveToIdle_IT(UART_HandleTypeDef *huart, uint8_t *pData, uint16_t Size);
      |                                                                          ~~~~~~~~~^~~~~
../Core/Src/main.c: In function 'main':
../Core/Src/main.c:1170:56: warning: pointer targets in passing argument 2 of 'HAL_UARTEx_ReceiveToIdle_IT' differ in signedness [-Wpointer-sign]
 1170 |   uart_received = HAL_UARTEx_ReceiveToIdle_IT(&huart2, rx_data, RX_BFR_SIZE);
      |                                                        ^~~~~~~
      |                                                        |
      |                                                        char *
../Drivers/STM32F4xx_HAL_Driver/Inc/stm32f4xx_hal_uart.h:757:83: note: expected 'uint8_t *' {aka 'unsigned char *'} but argument is of type 'char *'
  757 | HAL_StatusTypeDef HAL_UARTEx_ReceiveToIdle_IT(UART_HandleTypeDef *huart, uint8_t *pData, uint16_t Size);
      |                                                                          ~~~~~~~~~^~~~~
../Core/Src/main.c: In function 'handle_state':
../Core/Src/main.c:904:17: warning: 'strncpy' output truncated before terminating nul copying 13 bytes from a string of the same length [-Wstringop-truncation]
  904 |                 strncpy(state, "PROBE_RELEASE", strlen("PROBE_RELEASE"));
      |                 ^~~~~~~~~~~~~~~~~~~~~~~~~~~~~~~~~~~~~~~~~~~~~~~~~~~~~~~~
../Core/Src/main.c:911:17: warning: 'strncpy' output truncated before terminating nul copying 9 bytes from a string of the same length [-Wstringop-truncation]
  911 |                 strncpy(state, "ASCENDING", strlen("ASCENDING"));
      |                 ^~~~~~~~~~~~~~~~~~~~~~~~~~~~~~~~~~~~~~~~~~~~~~~~
../Core/Src/main.c:917:17: warning: 'strncpy' output truncated before terminating nul copying 6 bytes from a string of the same length [-Wstringop-truncation]
  917 |                 strncpy(state, "APOGEE", strlen("APOGEE"));
      |                 ^~~~~~~~~~~~~~~~~~~~~~~~~~~~~~~~~~~~~~~~~~
../Core/Src/main.c:923:17: warning: 'strncpy' output truncated before terminating nul copying 10 bytes from a string of the same length [-Wstringop-truncation]
  923 |                 strncpy(state, "DESCENDING", strlen("DESCENDING"));
      |                 ^~~~~~~~~~~~~~~~~~~~~~~~~~~~~~~~~~~~~~~~~~~~~~~~~~
../Core/Src/main.c:929:17: warning: 'strncpy' output truncated before terminating nul copying 6 bytes from a string of the same length [-Wstringop-truncation]
  929 |                 strncpy(state, "LANDED", strlen("LANDED"));
      |                 ^~~~~~~~~~~~~~~~~~~~~~~~~~~~~~~~~~~~~~~~~~
../Core/Src/main.c:935:17: warning: 'strncpy' output truncated before terminating nul copying 10 bytes from a string of the same length [-Wstringop-truncation]
  935 |                 strncpy(state, "LAUNCH_PAD", strlen("LAUNCH_PAD"));
      |                 ^~~~~~~~~~~~~~~~~~~~~~~~~~~~~~~~~~~~~~~~~~~~~~~~~~
../Core/Src/main.c: In function 'handle_command':
../Core/Src/main.c:1038:25: warning: 'strncpy' output truncated before terminating nul copying 12 bytes from a string of the same length [-Wstringop-truncation]
 1038 |                         strncpy(state, "LAUNCH-READY", strlen("LAUNCH-READY"));
      |                         ^~~~~~~~~~~~~~~~~~~~~~~~~~~~~~~~~~~~~~~~~~~~~~~~~~~~~~
../Core/Src/main.c:1025:60: warning: ':' directive output may be truncated writing 1 byte into a region of size between 0 and 4 [-Wformat-truncation=]
 1025 |                         snprintf(cmd_echo, 11, "ST%02d:%02d:%02d", mission_time_hr, mission_time_min, mission_time_sec);
      |                                                            ^
../Core/Src/main.c:1025:48: note: directive argument in the range [-128, 127]
 1025 |                         snprintf(cmd_echo, 11, "ST%02d:%02d:%02d", mission_time_hr, mission_time_min, mission_time_sec);
      |                                                ^~~~~~~~~~~~~~~~~~
../Core/Src/main.c:1025:25: note: 'snprintf' output between 11 and 17 bytes into a destination of size 11
 1025 |                         snprintf(cmd_echo, 11, "ST%02d:%02d:%02d", mission_time_hr, mission_time_min, mission_time_sec);
      |                         ^~~~~~~~~~~~~~~~~~~~~~~~~~~~~~~~~~~~~~~~~~~~~~~~~~~~~~~~~~~~~~~~~~~~~~~~~~~~~~~~~~~~~~~~~~~~~~~
arm-none-eabi-gcc -o "Nucleo_Flight_Software.elf" @"objects.list"   -mcpu=cortex-m4 -T"C:\Users\brady\repos\UCI-CanSat-24-25\In-Flight-Software\Nucleo_Flight_Software\STM32F412ZGTX_FLASH.ld" --specs=nosys.specs -Wl,-Map="Nucleo_Flight_Software.map" -Wl,--gc-sections -static -u _printf_float --specs=nano.specs -mfpu=fpv4-sp-d16 -mfloat-abi=hard -mthumb -Wl,--start-group -lc -lm -Wl,--end-group
Finished building target: Nucleo_Flight_Software.elf
 
arm-none-eabi-size  Nucleo_Flight_Software.elf 
arm-none-eabi-objdump -h -S Nucleo_Flight_Software.elf  > "Nucleo_Flight_Software.list"
   text	   data	    bss	    dec	    hex	filename
  61716	    668	   5200	  67584	  10800	Nucleo_Flight_Software.elf
Finished building: default.size.stdout
 
Finished building: Nucleo_Flight_Software.list
 
16:17:01 **** Incremental Build of configuration Debug for project Nucleo_Flight_Software ****
make -j20 all 
arm-none-eabi-gcc "../Core/Src/main.c" -mcpu=cortex-m4 -std=gnu11 -g3 -DDEBUG -DUSE_HAL_DRIVER -DSTM32F412Zx -c -I../Core/Inc -I../Drivers/STM32F4xx_HAL_Driver/Inc -I../Drivers/STM32F4xx_HAL_Driver/Inc/Legacy -I../Drivers/CMSIS/Device/ST/STM32F4xx/Include -I../Drivers/CMSIS/Include -O0 -ffunction-sections -fdata-sections -Wall -fstack-usage -fcyclomatic-complexity -MMD -MP -MF"Core/Src/main.d" -MT"Core/Src/main.o" --specs=nano.specs -mfpu=fpv4-sp-d16 -mfloat-abi=hard -mthumb -o "Core/Src/main.o"
../Core/Src/main.c: In function 'HAL_TIM_PeriodElapsedCallback':
../Core/Src/main.c:302:9: warning: implicit declaration of function 'calculate_speed' [-Wimplicit-function-declaration]
  302 |         calculate_speed();                        // Calculate speed based on pulse count
      |         ^~~~~~~~~~~~~~~
../Core/Src/main.c: At top level:
../Core/Src/main.c:308:6: warning: conflicting types for 'calculate_speed'; have 'void(void)'
  308 | void calculate_speed(void)
      |      ^~~~~~~~~~~~~~~
../Core/Src/main.c:302:9: note: previous implicit declaration of 'calculate_speed' with type 'void(void)'
  302 |         calculate_speed();                        // Calculate speed based on pulse count
      |         ^~~~~~~~~~~~~~~
../Core/Src/main.c: In function 'read_PA1010D':
../Core/Src/main.c:652:28: warning: pointer targets in passing argument 1 of 'parse_nmea' differ in signedness [-Wpointer-sign]
  652 |                 parse_nmea(pa_buf);
      |                            ^~~~~~
      |                            |
      |                            uint8_t * {aka unsigned char *}
../Core/Src/main.c:497:23: note: expected 'char *' but argument is of type 'uint8_t *' {aka 'unsigned char *'}
  497 | bool parse_nmea(char *buf){
      |                 ~~~~~~^~~
../Core/Src/main.c: In function 'init_PA1010D':
../Core/Src/main.c:797:36: warning: pointer targets in passing argument 1 of 'parse_nmea' differ in signedness [-Wpointer-sign]
  797 |                         parse_nmea(pa_buf);
      |                                    ^~~~~~
      |                                    |
      |                                    uint8_t * {aka unsigned char *}
../Core/Src/main.c:497:23: note: expected 'char *' but argument is of type 'uint8_t *' {aka 'unsigned char *'}
  497 | bool parse_nmea(char *buf){
      |                 ~~~~~~^~~
../Core/Src/main.c: In function 'HAL_UARTEx_RxEventCallback':
../Core/Src/main.c:1096:35: warning: pointer targets in initialization of 'char *' from 'uint8_t *' {aka 'unsigned char *'} differ in signedness [-Wpointer-sign]
 1096 |                 char *comma_pos = &rx_packet[Size - 3];  // Comma is 3 characters from the end (2 for checksum, 1 for comma)
      |                                   ^
../Core/Src/main.c:1104:69: warning: pointer targets in passing argument 1 of 'strtol' differ in signedness [-Wpointer-sign]
 1104 |                         uint8_t received_checksum = (uint8_t)strtol(&rx_packet[Size - 2], NULL, 16);  // Convert checksum to integer
      |                                                                     ^~~~~~~~~~~~~~~~~~~~
      |                                                                     |
      |                                                                     uint8_t * {aka unsigned char *}
In file included from ../Core/Src/main.c:29:
C:\ST\STM32CubeIDE_1.16.0\STM32CubeIDE\plugins\com.st.stm32cube.ide.mcu.externaltools.gnu-tools-for-stm32.12.3.rel1.win32_1.0.200.202406191623\tools\bin/../lib/gcc/arm-none-eabi/12.3.1/../../../../arm-none-eabi/include/stdlib.h:171:40: note: expected 'const char * restrict' but argument is of type 'uint8_t *' {aka 'unsigned char *'}
  171 | long    strtol (const char *__restrict __n, char **__restrict __end_PTR, int __base);
      |                 ~~~~~~~~~~~~~~~~~~~~~~~^~~
../Core/Src/main.c:1106:74: warning: pointer targets in passing argument 1 of 'calculate_checksum' differ in signedness [-Wpointer-sign]
 1106 |                         uint8_t calculated_checksum = calculate_checksum(&rx_packet[1]);
      |                                                                          ^~~~~~~~~~~~~
      |                                                                          |
      |                                                                          uint8_t * {aka unsigned char *}
../Core/Src/main.c:856:40: note: expected 'const char *' but argument is of type 'uint8_t *' {aka 'unsigned char *'}
  856 | uint8_t calculate_checksum(const char *data) {
      |                            ~~~~~~~~~~~~^~~~
../Core/Src/main.c:1110:56: warning: pointer targets in passing argument 2 of 'strcpy' differ in signedness [-Wpointer-sign]
 1110 |                                 strcpy(command_buffer, &rx_packet[1]);
      |                                                        ^~~~~~~~~~~~~
      |                                                        |
      |                                                        uint8_t * {aka unsigned char *}
In file included from ../Core/Src/main.c:26:
C:\ST\STM32CubeIDE_1.16.0\STM32CubeIDE\plugins\com.st.stm32cube.ide.mcu.externaltools.gnu-tools-for-stm32.12.3.rel1.win32_1.0.200.202406191623\tools\bin/../lib/gcc/arm-none-eabi/12.3.1/../../../../arm-none-eabi/include/string.h:38:36: note: expected 'const char * restrict' but argument is of type 'uint8_t *' {aka 'unsigned char *'}
   38 | char    *strcpy (char *__restrict, const char *__restrict);
      |                                    ^
../Core/Src/main.c:1117:62: warning: pointer targets in passing argument 2 of 'HAL_UARTEx_ReceiveToIdle_IT' differ in signedness [-Wpointer-sign]
 1117 |         uart_received = HAL_UARTEx_ReceiveToIdle_IT(&huart2, rx_data, RX_BFR_SIZE);
      |                                                              ^~~~~~~
      |                                                              |
      |                                                              char *
In file included from ../Core/Inc/stm32f4xx_hal_conf.h:411,
                 from ../Drivers/STM32F4xx_HAL_Driver/Inc/stm32f4xx_hal.h:29,
                 from ../Core/Inc/main.h:30,
                 from ../Core/Src/main.c:20:
../Drivers/STM32F4xx_HAL_Driver/Inc/stm32f4xx_hal_uart.h:757:83: note: expected 'uint8_t *' {aka 'unsigned char *'} but argument is of type 'char *'
  757 | HAL_StatusTypeDef HAL_UARTEx_ReceiveToIdle_IT(UART_HandleTypeDef *huart, uint8_t *pData, uint16_t Size);
      |                                                                          ~~~~~~~~~^~~~~
../Core/Src/main.c: In function 'main':
../Core/Src/main.c:1170:56: warning: pointer targets in passing argument 2 of 'HAL_UARTEx_ReceiveToIdle_IT' differ in signedness [-Wpointer-sign]
 1170 |   uart_received = HAL_UARTEx_ReceiveToIdle_IT(&huart2, rx_data, RX_BFR_SIZE);
      |                                                        ^~~~~~~
      |                                                        |
      |                                                        char *
../Drivers/STM32F4xx_HAL_Driver/Inc/stm32f4xx_hal_uart.h:757:83: note: expected 'uint8_t *' {aka 'unsigned char *'} but argument is of type 'char *'
  757 | HAL_StatusTypeDef HAL_UARTEx_ReceiveToIdle_IT(UART_HandleTypeDef *huart, uint8_t *pData, uint16_t Size);
      |                                                                          ~~~~~~~~~^~~~~
../Core/Src/main.c: In function 'handle_state':
../Core/Src/main.c:904:17: warning: 'strncpy' output truncated before terminating nul copying 13 bytes from a string of the same length [-Wstringop-truncation]
  904 |                 strncpy(state, "PROBE_RELEASE", strlen("PROBE_RELEASE"));
      |                 ^~~~~~~~~~~~~~~~~~~~~~~~~~~~~~~~~~~~~~~~~~~~~~~~~~~~~~~~
../Core/Src/main.c:911:17: warning: 'strncpy' output truncated before terminating nul copying 9 bytes from a string of the same length [-Wstringop-truncation]
  911 |                 strncpy(state, "ASCENDING", strlen("ASCENDING"));
      |                 ^~~~~~~~~~~~~~~~~~~~~~~~~~~~~~~~~~~~~~~~~~~~~~~~
../Core/Src/main.c:917:17: warning: 'strncpy' output truncated before terminating nul copying 6 bytes from a string of the same length [-Wstringop-truncation]
  917 |                 strncpy(state, "APOGEE", strlen("APOGEE"));
      |                 ^~~~~~~~~~~~~~~~~~~~~~~~~~~~~~~~~~~~~~~~~~
../Core/Src/main.c:923:17: warning: 'strncpy' output truncated before terminating nul copying 10 bytes from a string of the same length [-Wstringop-truncation]
  923 |                 strncpy(state, "DESCENDING", strlen("DESCENDING"));
      |                 ^~~~~~~~~~~~~~~~~~~~~~~~~~~~~~~~~~~~~~~~~~~~~~~~~~
../Core/Src/main.c:929:17: warning: 'strncpy' output truncated before terminating nul copying 6 bytes from a string of the same length [-Wstringop-truncation]
  929 |                 strncpy(state, "LANDED", strlen("LANDED"));
      |                 ^~~~~~~~~~~~~~~~~~~~~~~~~~~~~~~~~~~~~~~~~~
../Core/Src/main.c:935:17: warning: 'strncpy' output truncated before terminating nul copying 10 bytes from a string of the same length [-Wstringop-truncation]
  935 |                 strncpy(state, "LAUNCH_PAD", strlen("LAUNCH_PAD"));
      |                 ^~~~~~~~~~~~~~~~~~~~~~~~~~~~~~~~~~~~~~~~~~~~~~~~~~
../Core/Src/main.c: In function 'handle_command':
../Core/Src/main.c:1038:25: warning: 'strncpy' output truncated before terminating nul copying 12 bytes from a string of the same length [-Wstringop-truncation]
 1038 |                         strncpy(state, "LAUNCH-READY", strlen("LAUNCH-READY"));
      |                         ^~~~~~~~~~~~~~~~~~~~~~~~~~~~~~~~~~~~~~~~~~~~~~~~~~~~~~
../Core/Src/main.c:1025:60: warning: ':' directive output may be truncated writing 1 byte into a region of size between 0 and 4 [-Wformat-truncation=]
 1025 |                         snprintf(cmd_echo, 11, "ST%02d:%02d:%02d", mission_time_hr, mission_time_min, mission_time_sec);
      |                                                            ^
[...]
 1098 |                         uint8_t calculated_checksum = calculate_checksum(&rx_packet[1]);
      |                                                                          ^~~~~~~~~~~~~
      |                                                                          |
      |                                                                          uint8_t * {aka unsigned char *}
../Core/Src/main.c:848:40: note: expected 'const char *' but argument is of type 'uint8_t *' {aka 'unsigned char *'}
  848 | uint8_t calculate_checksum(const char *data) {
      |                            ~~~~~~~~~~~~^~~~
../Core/Src/main.c:1102:56: warning: pointer targets in passing argument 2 of 'strcpy' differ in signedness [-Wpointer-sign]
 1102 |                                 strcpy(command_buffer, &rx_packet[1]);
      |                                                        ^~~~~~~~~~~~~
      |                                                        |
      |                                                        uint8_t * {aka unsigned char *}
In file included from ../Core/Src/main.c:26:
C:\ST\STM32CubeIDE_1.16.0\STM32CubeIDE\plugins\com.st.stm32cube.ide.mcu.externaltools.gnu-tools-for-stm32.12.3.rel1.win32_1.0.200.202406191623\tools\bin/../lib/gcc/arm-none-eabi/12.3.1/../../../../arm-none-eabi/include/string.h:38:36: note: expected 'const char * restrict' but argument is of type 'uint8_t *' {aka 'unsigned char *'}
   38 | char    *strcpy (char *__restrict, const char *__restrict);
      |                                    ^
../Core/Src/main.c:1109:62: warning: pointer targets in passing argument 2 of 'HAL_UARTEx_ReceiveToIdle_IT' differ in signedness [-Wpointer-sign]
 1109 |         uart_received = HAL_UARTEx_ReceiveToIdle_IT(&huart2, rx_data, RX_BFR_SIZE);
      |                                                              ^~~~~~~
      |                                                              |
      |                                                              char *
In file included from ../Core/Inc/stm32f4xx_hal_conf.h:411,
                 from ../Drivers/STM32F4xx_HAL_Driver/Inc/stm32f4xx_hal.h:29,
                 from ../Core/Inc/main.h:30,
                 from ../Core/Src/main.c:20:
../Drivers/STM32F4xx_HAL_Driver/Inc/stm32f4xx_hal_uart.h:757:83: note: expected 'uint8_t *' {aka 'unsigned char *'} but argument is of type 'char *'
  757 | HAL_StatusTypeDef HAL_UARTEx_ReceiveToIdle_IT(UART_HandleTypeDef *huart, uint8_t *pData, uint16_t Size);
      |                                                                          ~~~~~~~~~^~~~~
../Core/Src/main.c: In function 'main':
../Core/Src/main.c:1162:56: warning: pointer targets in passing argument 2 of 'HAL_UARTEx_ReceiveToIdle_IT' differ in signedness [-Wpointer-sign]
 1162 |   uart_received = HAL_UARTEx_ReceiveToIdle_IT(&huart2, rx_data, RX_BFR_SIZE);
      |                                                        ^~~~~~~
      |                                                        |
      |                                                        char *
../Drivers/STM32F4xx_HAL_Driver/Inc/stm32f4xx_hal_uart.h:757:83: note: expected 'uint8_t *' {aka 'unsigned char *'} but argument is of type 'char *'
  757 | HAL_StatusTypeDef HAL_UARTEx_ReceiveToIdle_IT(UART_HandleTypeDef *huart, uint8_t *pData, uint16_t Size);
      |                                                                          ~~~~~~~~~^~~~~
../Core/Src/main.c: In function 'handle_state':
../Core/Src/main.c:896:17: warning: 'strncpy' output truncated before terminating nul copying 13 bytes from a string of the same length [-Wstringop-truncation]
  896 |                 strncpy(state, "PROBE_RELEASE", strlen("PROBE_RELEASE"));
      |                 ^~~~~~~~~~~~~~~~~~~~~~~~~~~~~~~~~~~~~~~~~~~~~~~~~~~~~~~~
../Core/Src/main.c:903:17: warning: 'strncpy' output truncated before terminating nul copying 9 bytes from a string of the same length [-Wstringop-truncation]
  903 |                 strncpy(state, "ASCENDING", strlen("ASCENDING"));
      |                 ^~~~~~~~~~~~~~~~~~~~~~~~~~~~~~~~~~~~~~~~~~~~~~~~
../Core/Src/main.c:909:17: warning: 'strncpy' output truncated before terminating nul copying 6 bytes from a string of the same length [-Wstringop-truncation]
  909 |                 strncpy(state, "APOGEE", strlen("APOGEE"));
      |                 ^~~~~~~~~~~~~~~~~~~~~~~~~~~~~~~~~~~~~~~~~~
../Core/Src/main.c:915:17: warning: 'strncpy' output truncated before terminating nul copying 10 bytes from a string of the same length [-Wstringop-truncation]
  915 |                 strncpy(state, "DESCENDING", strlen("DESCENDING"));
      |                 ^~~~~~~~~~~~~~~~~~~~~~~~~~~~~~~~~~~~~~~~~~~~~~~~~~
../Core/Src/main.c:921:17: warning: 'strncpy' output truncated before terminating nul copying 6 bytes from a string of the same length [-Wstringop-truncation]
  921 |                 strncpy(state, "LANDED", strlen("LANDED"));
      |                 ^~~~~~~~~~~~~~~~~~~~~~~~~~~~~~~~~~~~~~~~~~
../Core/Src/main.c:927:17: warning: 'strncpy' output truncated before terminating nul copying 10 bytes from a string of the same length [-Wstringop-truncation]
  927 |                 strncpy(state, "LAUNCH_PAD", strlen("LAUNCH_PAD"));
      |                 ^~~~~~~~~~~~~~~~~~~~~~~~~~~~~~~~~~~~~~~~~~~~~~~~~~
../Core/Src/main.c: In function 'handle_command':
../Core/Src/main.c:1030:25: warning: 'strncpy' output truncated before terminating nul copying 12 bytes from a string of the same length [-Wstringop-truncation]
 1030 |                         strncpy(state, "LAUNCH-READY", strlen("LAUNCH-READY"));
      |                         ^~~~~~~~~~~~~~~~~~~~~~~~~~~~~~~~~~~~~~~~~~~~~~~~~~~~~~
../Core/Src/main.c:1017:60: warning: ':' directive output may be truncated writing 1 byte into a region of size between 0 and 4 [-Wformat-truncation=]
 1017 |                         snprintf(cmd_echo, 11, "ST%02d:%02d:%02d", mission_time_hr, mission_time_min, mission_time_sec);
      |                                                            ^
../Core/Src/main.c:1017:48: note: directive argument in the range [-128, 127]
 1017 |                         snprintf(cmd_echo, 11, "ST%02d:%02d:%02d", mission_time_hr, mission_time_min, mission_time_sec);
      |                                                ^~~~~~~~~~~~~~~~~~
../Core/Src/main.c:1017:25: note: 'snprintf' output between 11 and 17 bytes into a destination of size 11
 1017 |                         snprintf(cmd_echo, 11, "ST%02d:%02d:%02d", mission_time_hr, mission_time_min, mission_time_sec);
      |                         ^~~~~~~~~~~~~~~~~~~~~~~~~~~~~~~~~~~~~~~~~~~~~~~~~~~~~~~~~~~~~~~~~~~~~~~~~~~~~~~~~~~~~~~~~~~~~~~
arm-none-eabi-gcc -o "Nucleo_Flight_Software.elf" @"objects.list"   -mcpu=cortex-m4 -T"C:\Users\brady\repos\UCI-CanSat-24-25\In-Flight-Software\Nucleo_Flight_Software\STM32F412ZGTX_FLASH.ld" --specs=nosys.specs -Wl,-Map="Nucleo_Flight_Software.map" -Wl,--gc-sections -static -u _printf_float --specs=nano.specs -mfpu=fpv4-sp-d16 -mfloat-abi=hard -mthumb -Wl,--start-group -lc -lm -Wl,--end-group
Finished building target: Nucleo_Flight_Software.elf
 
arm-none-eabi-size  Nucleo_Flight_Software.elf 
arm-none-eabi-objdump -h -S Nucleo_Flight_Software.elf  > "Nucleo_Flight_Software.list"
   text	   data	    bss	    dec	    hex	filename
  61724	    672	   5200	  67596	  1080c	Nucleo_Flight_Software.elf
Finished building: default.size.stdout
 
Finished building: Nucleo_Flight_Software.list
 
17:05:44 **** Incremental Build of configuration Debug for project Nucleo_Flight_Software ****
make -j20 all 
arm-none-eabi-size  Nucleo_Flight_Software.elf 
   text	   data	    bss	    dec	    hex	filename
  61724	    672	   5200	  67596	  1080c	Nucleo_Flight_Software.elf
Finished building: default.size.stdout
 
17:07:13 **** Incremental Build of configuration Debug for project Nucleo_Flight_Software ****
make -j20 all 
arm-none-eabi-gcc "../Core/Src/main.c" -mcpu=cortex-m4 -std=gnu11 -g3 -DDEBUG -DUSE_HAL_DRIVER -DSTM32F412Zx -c -I../Core/Inc -I../Drivers/STM32F4xx_HAL_Driver/Inc -I../Drivers/STM32F4xx_HAL_Driver/Inc/Legacy -I../Drivers/CMSIS/Device/ST/STM32F4xx/Include -I../Drivers/CMSIS/Include -O0 -ffunction-sections -fdata-sections -Wall -fstack-usage -fcyclomatic-complexity -MMD -MP -MF"Core/Src/main.d" -MT"Core/Src/main.o" --specs=nano.specs -mfpu=fpv4-sp-d16 -mfloat-abi=hard -mthumb -o "Core/Src/main.o"
../Core/Src/main.c: In function 'HAL_TIM_PeriodElapsedCallback':
../Core/Src/main.c:302:9: warning: implicit declaration of function 'calculate_speed' [-Wimplicit-function-declaration]
  302 |         calculate_speed();                        // Calculate speed based on pulse count
      |         ^~~~~~~~~~~~~~~
../Core/Src/main.c: At top level:
../Core/Src/main.c:308:6: warning: conflicting types for 'calculate_speed'; have 'void(void)'
  308 | void calculate_speed(void)
      |      ^~~~~~~~~~~~~~~
../Core/Src/main.c:302:9: note: previous implicit declaration of 'calculate_speed' with type 'void(void)'
  302 |         calculate_speed();                        // Calculate speed based on pulse count
      |         ^~~~~~~~~~~~~~~
../Core/Src/main.c: In function 'Stepper_Correction':
../Core/Src/main.c:338:9: warning: implicit declaration of function 'read_MMC5603' [-Wimplicit-function-declaration]
  338 |         read_MMC5603();
      |         ^~~~~~~~~~~~
../Core/Src/main.c: At top level:
../Core/Src/main.c:517:6: warning: conflicting types for 'read_MMC5603'; have 'void(void)'
  517 | void read_MMC5603(void) {
      |      ^~~~~~~~~~~~
../Core/Src/main.c:338:9: note: previous implicit declaration of 'read_MMC5603' with type 'void(void)'
  338 |         read_MMC5603();
      |         ^~~~~~~~~~~~
../Core/Src/main.c: In function 'read_PA1010D':
../Core/Src/main.c:644:28: warning: pointer targets in passing argument 1 of 'parse_nmea' differ in signedness [-Wpointer-sign]
  644 |                 parse_nmea(pa_buf);
      |                            ^~~~~~
      |                            |
      |                            uint8_t * {aka unsigned char *}
../Core/Src/main.c:489:23: note: expected 'char *' but argument is of type 'uint8_t *' {aka 'unsigned char *'}
  489 | bool parse_nmea(char *buf){
      |                 ~~~~~~^~~
../Core/Src/main.c: In function 'init_PA1010D':
../Core/Src/main.c:789:36: warning: pointer targets in passing argument 1 of 'parse_nmea' differ in signedness [-Wpointer-sign]
  789 |                         parse_nmea(pa_buf);
      |                                    ^~~~~~
      |                                    |
      |                                    uint8_t * {aka unsigned char *}
../Core/Src/main.c:489:23: note: expected 'char *' but argument is of type 'uint8_t *' {aka 'unsigned char *'}
  489 | bool parse_nmea(char *buf){
      |                 ~~~~~~^~~
../Core/Src/main.c: In function 'HAL_UARTEx_RxEventCallback':
../Core/Src/main.c:1088:35: warning: pointer targets in initialization of 'char *' from 'uint8_t *' {aka 'unsigned char *'} differ in signedness [-Wpointer-sign]
 1088 |                 char *comma_pos = &rx_packet[Size - 3];  // Comma is 3 characters from the end (2 for checksum, 1 for comma)
      |                                   ^
../Core/Src/main.c:1096:69: warning: pointer targets in passing argument 1 of 'strtol' differ in signedness [-Wpointer-sign]
 1096 |                         uint8_t received_checksum = (uint8_t)strtol(&rx_packet[Size - 2], NULL, 16);  // Convert checksum to integer
      |                                                                     ^~~~~~~~~~~~~~~~~~~~
      |                                                                     |
      |                                                                     uint8_t * {aka unsigned char *}
In file included from ../Core/Src/main.c:29:
C:\ST\STM32CubeIDE_1.16.0\STM32CubeIDE\plugins\com.st.stm32cube.ide.mcu.externaltools.gnu-tools-for-stm32.12.3.rel1.win32_1.0.200.202406191623\tools\bin/../lib/gcc/arm-none-eabi/12.3.1/../../../../arm-none-eabi/include/stdlib.h:171:40: note: expected 'const char * restrict' but argument is of type 'uint8_t *' {aka 'unsigned char *'}
  171 | long    strtol (const char *__restrict __n, char **__restrict __end_PTR, int __base);
      |                 ~~~~~~~~~~~~~~~~~~~~~~~^~~
../Core/Src/main.c:1098:74: warning: pointer targets in passing argument 1 of 'calculate_checksum' differ in signedness [-Wpointer-sign]
 1098 |                         uint8_t calculated_checksum = calculate_checksum(&rx_packet[1]);
      |                                                                          ^~~~~~~~~~~~~
      |                                                                          |
      |                                                                          uint8_t * {aka unsigned char *}
../Core/Src/main.c:848:40: note: expected 'const char *' but argument is of type 'uint8_t *' {aka 'unsigned char *'}
  848 | uint8_t calculate_checksum(const char *data) {
      |                            ~~~~~~~~~~~~^~~~
../Core/Src/main.c:1102:56: warning: pointer targets in passing argument 2 of 'strcpy' differ in signedness [-Wpointer-sign]
 1102 |                                 strcpy(command_buffer, &rx_packet[1]);
      |                                                        ^~~~~~~~~~~~~
      |                                                        |
      |                                                        uint8_t * {aka unsigned char *}
In file included from ../Core/Src/main.c:26:
C:\ST\STM32CubeIDE_1.16.0\STM32CubeIDE\plugins\com.st.stm32cube.ide.mcu.externaltools.gnu-tools-for-stm32.12.3.rel1.win32_1.0.200.202406191623\tools\bin/../lib/gcc/arm-none-eabi/12.3.1/../../../../arm-none-eabi/include/string.h:38:36: note: expected 'const char * restrict' but argument is of type 'uint8_t *' {aka 'unsigned char *'}
   38 | char    *strcpy (char *__restrict, const char *__restrict);
      |                                    ^
../Core/Src/main.c:1109:62: warning: pointer targets in passing argument 2 of 'HAL_UARTEx_ReceiveToIdle_IT' differ in signedness [-Wpointer-sign]
 1109 |         uart_received = HAL_UARTEx_ReceiveToIdle_IT(&huart2, rx_data, RX_BFR_SIZE);
      |                                                              ^~~~~~~
      |                                                              |
      |                                                              char *
In file included from ../Core/Inc/stm32f4xx_hal_conf.h:411,
                 from ../Drivers/STM32F4xx_HAL_Driver/Inc/stm32f4xx_hal.h:29,
                 from ../Core/Inc/main.h:30,
                 from ../Core/Src/main.c:20:
../Drivers/STM32F4xx_HAL_Driver/Inc/stm32f4xx_hal_uart.h:757:83: note: expected 'uint8_t *' {aka 'unsigned char *'} but argument is of type 'char *'
  757 | HAL_StatusTypeDef HAL_UARTEx_ReceiveToIdle_IT(UART_HandleTypeDef *huart, uint8_t *pData, uint16_t Size);
      |                                                                          ~~~~~~~~~^~~~~
../Core/Src/main.c: In function 'main':
../Core/Src/main.c:1162:56: warning: pointer targets in passing argument 2 of 'HAL_UARTEx_ReceiveToIdle_IT' differ in signedness [-Wpointer-sign]
 1162 |   uart_received = HAL_UARTEx_ReceiveToIdle_IT(&huart2, rx_data, RX_BFR_SIZE);
      |                                                        ^~~~~~~
      |                                                        |
      |                                                        char *
../Drivers/STM32F4xx_HAL_Driver/Inc/stm32f4xx_hal_uart.h:757:83: note: expected 'uint8_t *' {aka 'unsigned char *'} but argument is of type 'char *'
  757 | HAL_StatusTypeDef HAL_UARTEx_ReceiveToIdle_IT(UART_HandleTypeDef *huart, uint8_t *pData, uint16_t Size);
      |                                                                          ~~~~~~~~~^~~~~
../Core/Src/main.c: In function 'handle_state':
../Core/Src/main.c:896:17: warning: 'strncpy' output truncated before terminating nul copying 13 bytes from a string of the same length [-Wstringop-truncation]
  896 |                 strncpy(state, "PROBE_RELEASE", strlen("PROBE_RELEASE"));
      |                 ^~~~~~~~~~~~~~~~~~~~~~~~~~~~~~~~~~~~~~~~~~~~~~~~~~~~~~~~
../Core/Src/main.c:903:17: warning: 'strncpy' output truncated before terminating nul copying 9 bytes from a string of the same length [-Wstringop-truncation]
  903 |                 strncpy(state, "ASCENDING", strlen("ASCENDING"));
      |                 ^~~~~~~~~~~~~~~~~~~~~~~~~~~~~~~~~~~~~~~~~~~~~~~~
../Core/Src/main.c:909:17: warning: 'strncpy' output truncated before terminating nul copying 6 bytes from a string of the same length [-Wstringop-truncation]
  909 |                 strncpy(state, "APOGEE", strlen("APOGEE"));
      |                 ^~~~~~~~~~~~~~~~~~~~~~~~~~~~~~~~~~~~~~~~~~
../Core/Src/main.c:915:17: warning: 'strncpy' output truncated before terminating nul copying 10 bytes from a string of the same length [-Wstringop-truncation]
  915 |                 strncpy(state, "DESCENDING", strlen("DESCENDING"));
      |                 ^~~~~~~~~~~~~~~~~~~~~~~~~~~~~~~~~~~~~~~~~~~~~~~~~~
../Core/Src/main.c:921:17: warning: 'strncpy' output truncated before terminating nul copying 6 bytes from a string of the same length [-Wstringop-truncation]
  921 |                 strncpy(state, "LANDED", strlen("LANDED"));
      |                 ^~~~~~~~~~~~~~~~~~~~~~~~~~~~~~~~~~~~~~~~~~
../Core/Src/main.c:927:17: warning: 'strncpy' output truncated before terminating nul copying 10 bytes from a string of the same length [-Wstringop-truncation]
  927 |                 strncpy(state, "LAUNCH_PAD", strlen("LAUNCH_PAD"));
      |                 ^~~~~~~~~~~~~~~~~~~~~~~~~~~~~~~~~~~~~~~~~~~~~~~~~~
../Core/Src/main.c: In function 'handle_command':
../Core/Src/main.c:1030:25: warning: 'strncpy' output truncated before terminating nul copying 12 bytes from a string of the same length [-Wstringop-truncation]
 1030 |                         strncpy(state, "LAUNCH-READY", strlen("LAUNCH-READY"));
      |                         ^~~~~~~~~~~~~~~~~~~~~~~~~~~~~~~~~~~~~~~~~~~~~~~~~~~~~~
../Core/Src/main.c:1017:60: warning: ':' directive output may be truncated writing 1 byte into a region of size between 0 and 4 [-Wformat-truncation=]
 1017 |                         snprintf(cmd_echo, 11, "ST%02d:%02d:%02d", mission_time_hr, mission_time_min, mission_time_sec);
      |                                                            ^
../Core/Src/main.c:1017:48: note: directive argument in the range [-128, 127]
 1017 |                         snprintf(cmd_echo, 11, "ST%02d:%02d:%02d", mission_time_hr, mission_time_min, mission_time_sec);
      |                                                ^~~~~~~~~~~~~~~~~~
../Core/Src/main.c:1017:25: note: 'snprintf' output between 11 and 17 bytes into a destination of size 11
 1017 |                         snprintf(cmd_echo, 11, "ST%02d:%02d:%02d", mission_time_hr, mission_time_min, mission_time_sec);
      |                         ^~~~~~~~~~~~~~~~~~~~~~~~~~~~~~~~~~~~~~~~~~~~~~~~~~~~~~~~~~~~~~~~~~~~~~~~~~~~~~~~~~~~~~~~~~~~~~~
arm-none-eabi-gcc -o "Nucleo_Flight_Software.elf" @"objects.list"   -mcpu=cortex-m4 -T"C:\Users\brady\repos\UCI-CanSat-24-25\In-Flight-Software\Nucleo_Flight_Software\STM32F412ZGTX_FLASH.ld" --specs=nosys.specs -Wl,-Map="Nucleo_Flight_Software.map" -Wl,--gc-sections -static -u _printf_float --specs=nano.specs -mfpu=fpv4-sp-d16 -mfloat-abi=hard -mthumb -Wl,--start-group -lc -lm -Wl,--end-group
Finished building target: Nucleo_Flight_Software.elf
 
arm-none-eabi-size  Nucleo_Flight_Software.elf 
arm-none-eabi-objdump -h -S Nucleo_Flight_Software.elf  > "Nucleo_Flight_Software.list"
   text	   data	    bss	    dec	    hex	filename
  61716	    672	   5200	  67588	  10804	Nucleo_Flight_Software.elf
Finished building: default.size.stdout
 
Finished building: Nucleo_Flight_Software.list
 
