17:57:15 **** Incremental Build of configuration Debug for project Nucleo_Flight_Software ****
make -j20 all 
arm-none-eabi-gcc "../Core/Src/main.c" -mcpu=cortex-m4 -std=gnu11 -g3 -DDEBUG -DUSE_HAL_DRIVER -DSTM32F412Zx -c -I../Core/Inc -I../Drivers/STM32F4xx_HAL_Driver/Inc -I../Drivers/STM32F4xx_HAL_Driver/Inc/Legacy -I../Drivers/CMSIS/Device/ST/STM32F4xx/Include -I../Drivers/CMSIS/Include -O0 -ffunction-sections -fdata-sections -Wall -fstack-usage -fcyclomatic-complexity -MMD -MP -MF"Core/Src/main.d" -MT"Core/Src/main.o" --specs=nano.specs -mfpu=fpv4-sp-d16 -mfloat-abi=hard -mthumb -o "Core/Src/main.o"
arm-none-eabi-gcc "../Core/Src/stm32f4xx_hal_msp.c" -mcpu=cortex-m4 -std=gnu11 -g3 -DDEBUG -DUSE_HAL_DRIVER -DSTM32F412Zx -c -I../Core/Inc -I../Drivers/STM32F4xx_HAL_Driver/Inc -I../Drivers/STM32F4xx_HAL_Driver/Inc/Legacy -I../Drivers/CMSIS/Device/ST/STM32F4xx/Include -I../Drivers/CMSIS/Include -O0 -ffunction-sections -fdata-sections -Wall -fstack-usage -fcyclomatic-complexity -MMD -MP -MF"Core/Src/stm32f4xx_hal_msp.d" -MT"Core/Src/stm32f4xx_hal_msp.o" --specs=nano.specs -mfpu=fpv4-sp-d16 -mfloat-abi=hard -mthumb -o "Core/Src/stm32f4xx_hal_msp.o"
arm-none-eabi-gcc "../Core/Src/stm32f4xx_it.c" -mcpu=cortex-m4 -std=gnu11 -g3 -DDEBUG -DUSE_HAL_DRIVER -DSTM32F412Zx -c -I../Core/Inc -I../Drivers/STM32F4xx_HAL_Driver/Inc -I../Drivers/STM32F4xx_HAL_Driver/Inc/Legacy -I../Drivers/CMSIS/Device/ST/STM32F4xx/Include -I../Drivers/CMSIS/Include -O0 -ffunction-sections -fdata-sections -Wall -fstack-usage -fcyclomatic-complexity -MMD -MP -MF"Core/Src/stm32f4xx_it.d" -MT"Core/Src/stm32f4xx_it.o" --specs=nano.specs -mfpu=fpv4-sp-d16 -mfloat-abi=hard -mthumb -o "Core/Src/stm32f4xx_it.o"
../Core/Src/main.c: In function 'HAL_TIM_PeriodElapsedCallback':
../Core/Src/main.c:305:9: warning: implicit declaration of function 'calculate_speed' [-Wimplicit-function-declaration]
  305 |         calculate_speed();                        // Calculate speed based on pulse count
      |         ^~~~~~~~~~~~~~~
../Core/Src/main.c: At top level:
../Core/Src/main.c:311:6: warning: conflicting types for 'calculate_speed'; have 'void(void)'
  311 | void calculate_speed(void)
      |      ^~~~~~~~~~~~~~~
../Core/Src/main.c:305:9: note: previous implicit declaration of 'calculate_speed' with type 'void(void)'
  305 |         calculate_speed();                        // Calculate speed based on pulse count
      |         ^~~~~~~~~~~~~~~
../Core/Src/main.c: In function 'Stepper_Correction':
../Core/Src/main.c:341:9: warning: implicit declaration of function 'read_MMC5603' [-Wimplicit-function-declaration]
  341 |         read_MMC5603();
      |         ^~~~~~~~~~~~
../Core/Src/main.c: At top level:
../Core/Src/main.c:529:6: warning: conflicting types for 'read_MMC5603'; have 'void(void)'
  529 | void read_MMC5603(void) {
      |      ^~~~~~~~~~~~
../Core/Src/main.c:341:9: note: previous implicit declaration of 'read_MMC5603' with type 'void(void)'
  341 |         read_MMC5603();
      |         ^~~~~~~~~~~~
../Core/Src/main.c: In function 'read_PA1010D':
../Core/Src/main.c:656:28: warning: pointer targets in passing argument 1 of 'parse_nmea' differ in signedness [-Wpointer-sign]
  656 |                 parse_nmea(pa_buf);
      |                            ^~~~~~
      |                            |
      |                            uint8_t * {aka unsigned char *}
../Core/Src/main.c:501:23: note: expected 'char *' but argument is of type 'uint8_t *' {aka 'unsigned char *'}
  501 | bool parse_nmea(char *buf){
      |                 ~~~~~~^~~
../Core/Src/main.c: In function 'init_PA1010D':
../Core/Src/main.c:801:36: warning: pointer targets in passing argument 1 of 'parse_nmea' differ in signedness [-Wpointer-sign]
  801 |                         parse_nmea(pa_buf);
      |                                    ^~~~~~
      |                                    |
      |                                    uint8_t * {aka unsigned char *}
../Core/Src/main.c:501:23: note: expected 'char *' but argument is of type 'uint8_t *' {aka 'unsigned char *'}
  501 | bool parse_nmea(char *buf){
      |                 ~~~~~~^~~
../Core/Src/main.c: In function 'HAL_UARTEx_RxEventCallback':
../Core/Src/main.c:1119:35: warning: pointer targets in initialization of 'char *' from 'uint8_t *' {aka 'unsigned char *'} differ in signedness [-Wpointer-sign]
 1119 |                 char *comma_pos = &rx_packet[Size - 3];  // Comma is 3 characters from the end (2 for checksum, 1 for comma)
      |                                   ^
../Core/Src/main.c:1127:69: warning: pointer targets in passing argument 1 of 'strtol' differ in signedness [-Wpointer-sign]
 1127 |                         uint8_t received_checksum = (uint8_t)strtol(&rx_packet[Size - 2], NULL, 16);  // Convert checksum to integer
      |                                                                     ^~~~~~~~~~~~~~~~~~~~
      |                                                                     |
      |                                                                     uint8_t * {aka unsigned char *}
In file included from ../Core/Src/main.c:29:
C:\ST\STM32CubeIDE_1.16.0\STM32CubeIDE\plugins\com.st.stm32cube.ide.mcu.externaltools.gnu-tools-for-stm32.12.3.rel1.win32_1.0.200.202406191623\tools\bin/../lib/gcc/arm-none-eabi/12.3.1/../../../../arm-none-eabi/include/stdlib.h:171:40: note: expected 'const char * restrict' but argument is of type 'uint8_t *' {aka 'unsigned char *'}
  171 | long    strtol (const char *__restrict __n, char **__restrict __end_PTR, int __base);
      |                 ~~~~~~~~~~~~~~~~~~~~~~~^~~
../Core/Src/main.c:1129:74: warning: pointer targets in passing argument 1 of 'calculate_checksum' differ in signedness [-Wpointer-sign]
 1129 |                         uint8_t calculated_checksum = calculate_checksum(&rx_packet[1]);
      |                                                                          ^~~~~~~~~~~~~
      |                                                                          |
      |                                                                          uint8_t * {aka unsigned char *}
../Core/Src/main.c:862:40: note: expected 'const char *' but argument is of type 'uint8_t *' {aka 'unsigned char *'}
  862 | uint8_t calculate_checksum(const char *data) {
      |                            ~~~~~~~~~~~~^~~~
../Core/Src/main.c:1133:56: warning: pointer targets in passing argument 2 of 'strcpy' differ in signedness [-Wpointer-sign]
 1133 |                                 strcpy(command_buffer, &rx_packet[1]);
      |                                                        ^~~~~~~~~~~~~
      |                                                        |
      |                                                        uint8_t * {aka unsigned char *}
In file included from ../Core/Src/main.c:26:
C:\ST\STM32CubeIDE_1.16.0\STM32CubeIDE\plugins\com.st.stm32cube.ide.mcu.externaltools.gnu-tools-for-stm32.12.3.rel1.win32_1.0.200.202406191623\tools\bin/../lib/gcc/arm-none-eabi/12.3.1/../../../../arm-none-eabi/include/string.h:38:36: note: expected 'const char * restrict' but argument is of type 'uint8_t *' {aka 'unsigned char *'}
   38 | char    *strcpy (char *__restrict, const char *__restrict);
      |                                    ^
../Core/Src/main.c:1140:62: warning: pointer targets in passing argument 2 of 'HAL_UARTEx_ReceiveToIdle_IT' differ in signedness [-Wpointer-sign]
 1140 |         uart_received = HAL_UARTEx_ReceiveToIdle_IT(&huart2, rx_data, RX_BFR_SIZE);
      |                                                              ^~~~~~~
      |                                                              |
      |                                                              char *
In file included from ../Core/Inc/stm32f4xx_hal_conf.h:411,
                 from ../Drivers/STM32F4xx_HAL_Driver/Inc/stm32f4xx_hal.h:29,
                 from ../Core/Inc/main.h:30,
                 from ../Core/Src/main.c:20:
../Drivers/STM32F4xx_HAL_Driver/Inc/stm32f4xx_hal_uart.h:757:83: note: expected 'uint8_t *' {aka 'unsigned char *'} but argument is of type 'char *'
  757 | HAL_StatusTypeDef HAL_UARTEx_ReceiveToIdle_IT(UART_HandleTypeDef *huart, uint8_t *pData, uint16_t Size);
      |                                                                          ~~~~~~~~~^~~~~
../Core/Src/main.c: In function 'main':
../Core/Src/main.c:1193:56: warning: pointer targets in passing argument 2 of 'HAL_UARTEx_ReceiveToIdle_IT' differ in signedness [-Wpointer-sign]
 1193 |   uart_received = HAL_UARTEx_ReceiveToIdle_IT(&huart2, rx_data, RX_BFR_SIZE);
      |                                                        ^~~~~~~
      |                                                        |
      |                                                        char *
../Drivers/STM32F4xx_HAL_Driver/Inc/stm32f4xx_hal_uart.h:757:83: note: expected 'uint8_t *' {aka 'unsigned char *'} but argument is of type 'char *'
  757 | HAL_StatusTypeDef HAL_UARTEx_ReceiveToIdle_IT(UART_HandleTypeDef *huart, uint8_t *pData, uint16_t Size);
      |                                                                          ~~~~~~~~~^~~~~
../Core/Src/main.c: In function 'handle_state':
../Core/Src/main.c:910:17: warning: 'strncpy' output truncated before terminating nul copying 13 bytes from a string of the same length [-Wstringop-truncation]
  910 |                 strncpy(state, "PROBE_RELEASE", strlen("PROBE_RELEASE"));
      |                 ^~~~~~~~~~~~~~~~~~~~~~~~~~~~~~~~~~~~~~~~~~~~~~~~~~~~~~~~
../Core/Src/main.c:917:17: warning: 'strncpy' output truncated before terminating nul copying 9 bytes from a string of the same length [-Wstringop-truncation]
  917 |                 strncpy(state, "ASCENDING", strlen("ASCENDING"));
      |                 ^~~~~~~~~~~~~~~~~~~~~~~~~~~~~~~~~~~~~~~~~~~~~~~~
../Core/Src/main.c:923:17: warning: 'strncpy' output truncated before terminating nul copying 6 bytes from a string of the same length [-Wstringop-truncation]
  923 |                 strncpy(state, "APOGEE", strlen("APOGEE"));
      |                 ^~~~~~~~~~~~~~~~~~~~~~~~~~~~~~~~~~~~~~~~~~
../Core/Src/main.c:929:17: warning: 'strncpy' output truncated before terminating nul copying 10 bytes from a string of the same length [-Wstringop-truncation]
  929 |                 strncpy(state, "DESCENDING", strlen("DESCENDING"));
      |                 ^~~~~~~~~~~~~~~~~~~~~~~~~~~~~~~~~~~~~~~~~~~~~~~~~~
../Core/Src/main.c:935:17: warning: 'strncpy' output truncated before terminating nul copying 6 bytes from a string of the same length [-Wstringop-truncation]
  935 |                 strncpy(state, "LANDED", strlen("LANDED"));
      |                 ^~~~~~~~~~~~~~~~~~~~~~~~~~~~~~~~~~~~~~~~~~
../Core/Src/main.c:941:17: warning: 'strncpy' output truncated before terminating nul copying 10 bytes from a string of the same length [-Wstringop-truncation]
  941 |                 strncpy(state, "LAUNCH_PAD", strlen("LAUNCH_PAD"));
      |                 ^~~~~~~~~~~~~~~~~~~~~~~~~~~~~~~~~~~~~~~~~~~~~~~~~~
../Core/Src/main.c: In function 'handle_command':
../Core/Src/main.c:1044:25: warning: 'strncpy' output truncated before terminating nul copying 12 bytes from a string of the same length [-Wstringop-truncation]
 1044 |                         strncpy(state, "LAUNCH-READY", strlen("LAUNCH-READY"));
      |                         ^~~~~~~~~~~~~~~~~~~~~~~~~~~~~~~~~~~~~~~~~~~~~~~~~~~~~~
../Core/Src/main.c:1031:60: warning: ':' directive output may be truncated writing 1 byte into a region of size between 0 and 4 [-Wformat-truncation=]
 1031 |                         snprintf(cmd_echo, 11, "ST%02d:%02d:%02d", mission_time_hr, mission_time_min, mission_time_sec);
      |                                                            ^
../Core/Src/main.c:1031:48: note: directive argument in the range [-128, 127]
 1031 |                         snprintf(cmd_echo, 11, "ST%02d:%02d:%02d", mission_time_hr, mission_time_min, mission_time_sec);
      |                                                ^~~~~~~~~~~~~~~~~~
../Core/Src/main.c:1031:25: note: 'snprintf' output between 11 and 17 bytes into a destination of size 11
 1031 |                         snprintf(cmd_echo, 11, "ST%02d:%02d:%02d", mission_time_hr, mission_time_min, mission_time_sec);
      |                         ^~~~~~~~~~~~~~~~~~~~~~~~~~~~~~~~~~~~~~~~~~~~~~~~~~~~~~~~~~~~~~~~~~~~~~~~~~~~~~~~~~~~~~~~~~~~~~~
arm-none-eabi-gcc -o "Nucleo_Flight_Software.elf" @"objects.list"   -mcpu=cortex-m4 -T"C:\Users\brady\repos\UCI-CanSat-24-25\In-Flight-Software\Nucleo_Flight_Software\STM32F412ZGTX_FLASH.ld" --specs=nosys.specs -Wl,-Map="Nucleo_Flight_Software.map" -Wl,--gc-sections -static -u _printf_float --specs=nano.specs -mfpu=fpv4-sp-d16 -mfloat-abi=hard -mthumb -Wl,--start-group -lc -lm -Wl,--end-group
Finished building target: Nucleo_Flight_Software.elf
 
arm-none-eabi-size  Nucleo_Flight_Software.elf 
arm-none-eabi-objdump -h -S Nucleo_Flight_Software.elf  > "Nucleo_Flight_Software.list"
   text	   data	    bss	    dec	    hex	filename
  61332	    672	   5248	  67252	  106b4	Nucleo_Flight_Software.elf
Finished building: default.size.stdout
 
Finished building: Nucleo_Flight_Software.list
 
17:57:22 **** Incremental Build of configuration Debug for project Nucleo_Flight_Software ****
make -j20 all 
arm-none-eabi-size  Nucleo_Flight_Software.elf 
   text	   data	    bss	    dec	    hex	filename
  61332	    672	   5248	  67252	  106b4	Nucleo_Flight_Software.elf
Finished building: default.size.stdout
 
18:00:44 **** Incremental Build of configuration Debug for project Nucleo_Flight_Software ****
make -j20 all 
arm-none-eabi-gcc "../Core/Src/main.c" -mcpu=cortex-m4 -std=gnu11 -g3 -DDEBUG -DUSE_HAL_DRIVER -DSTM32F412Zx -c -I../Core/Inc -I../Drivers/STM32F4xx_HAL_Driver/Inc -I../Drivers/STM32F4xx_HAL_Driver/Inc/Legacy -I../Drivers/CMSIS/Device/ST/STM32F4xx/Include -I../Drivers/CMSIS/Include -O0 -ffunction-sections -fdata-sections -Wall -fstack-usage -fcyclomatic-complexity -MMD -MP -MF"Core/Src/main.d" -MT"Core/Src/main.o" --specs=nano.specs -mfpu=fpv4-sp-d16 -mfloat-abi=hard -mthumb -o "Core/Src/main.o"
../Core/Src/main.c: In function 'HAL_TIM_PeriodElapsedCallback':
../Core/Src/main.c:305:9: warning: implicit declaration of function 'calculate_speed' [-Wimplicit-function-declaration]
  305 |         calculate_speed();                        // Calculate speed based on pulse count
      |         ^~~~~~~~~~~~~~~
../Core/Src/main.c: At top level:
../Core/Src/main.c:311:6: warning: conflicting types for 'calculate_speed'; have 'void(void)'
  311 | void calculate_speed(void)
      |      ^~~~~~~~~~~~~~~
../Core/Src/main.c:305:9: note: previous implicit declaration of 'calculate_speed' with type 'void(void)'
  305 |         calculate_speed();                        // Calculate speed based on pulse count
      |         ^~~~~~~~~~~~~~~
../Core/Src/main.c: In function 'Stepper_Correction':
../Core/Src/main.c:341:9: warning: implicit declaration of function 'read_MMC5603' [-Wimplicit-function-declaration]
  341 |         read_MMC5603();
      |         ^~~~~~~~~~~~
../Core/Src/main.c: At top level:
../Core/Src/main.c:529:6: warning: conflicting types for 'read_MMC5603'; have 'void(void)'
  529 | void read_MMC5603(void) {
      |      ^~~~~~~~~~~~
../Core/Src/main.c:341:9: note: previous implicit declaration of 'read_MMC5603' with type 'void(void)'
  341 |         read_MMC5603();
      |         ^~~~~~~~~~~~
../Core/Src/main.c: In function 'read_PA1010D':
../Core/Src/main.c:656:28: warning: pointer targets in passing argument 1 of 'parse_nmea' differ in signedness [-Wpointer-sign]
  656 |                 parse_nmea(pa_buf);
      |                            ^~~~~~
      |                            |
      |                            uint8_t * {aka unsigned char *}
../Core/Src/main.c:501:23: note: expected 'char *' but argument is of type 'uint8_t *' {aka 'unsigned char *'}
  501 | bool parse_nmea(char *buf){
      |                 ~~~~~~^~~
../Core/Src/main.c: In function 'init_PA1010D':
../Core/Src/main.c:801:36: warning: pointer targets in passing argument 1 of 'parse_nmea' differ in signedness [-Wpointer-sign]
  801 |                         parse_nmea(pa_buf);
      |                                    ^~~~~~
      |                                    |
      |                                    uint8_t * {aka unsigned char *}
../Core/Src/main.c:501:23: note: expected 'char *' but argument is of type 'uint8_t *' {aka 'unsigned char *'}
  501 | bool parse_nmea(char *buf){
      |                 ~~~~~~^~~
../Core/Src/main.c: In function 'HAL_UARTEx_RxEventCallback':
../Core/Src/main.c:1119:35: warning: pointer targets in initialization of 'char *' from 'uint8_t *' {aka 'unsigned char *'} differ in signedness [-Wpointer-sign]
 1119 |                 char *comma_pos = &rx_packet[Size - 3];  // Comma is 3 characters from the end (2 for checksum, 1 for comma)
      |                                   ^
../Core/Src/main.c:1127:69: warning: pointer targets in passing argument 1 of 'strtol' differ in signedness [-Wpointer-sign]
 1127 |                         uint8_t received_checksum = (uint8_t)strtol(&rx_packet[Size - 2], NULL, 16);  // Convert checksum to integer
      |                                                                     ^~~~~~~~~~~~~~~~~~~~
      |                                                                     |
      |                                                                     uint8_t * {aka unsigned char *}
In file included from ../Core/Src/main.c:29:
C:\ST\STM32CubeIDE_1.16.0\STM32CubeIDE\plugins\com.st.stm32cube.ide.mcu.externaltools.gnu-tools-for-stm32.12.3.rel1.win32_1.0.200.202406191623\tools\bin/../lib/gcc/arm-none-eabi/12.3.1/../../../../arm-none-eabi/include/stdlib.h:171:40: note: expected 'const char * restrict' but argument is of type 'uint8_t *' {aka 'unsigned char *'}
  171 | long    strtol (const char *__restrict __n, char **__restrict __end_PTR, int __base);
      |                 ~~~~~~~~~~~~~~~~~~~~~~~^~~
../Core/Src/main.c:1129:74: warning: pointer targets in passing argument 1 of 'calculate_checksum' differ in signedness [-Wpointer-sign]
 1129 |                         uint8_t calculated_checksum = calculate_checksum(&rx_packet[1]);
      |                                                                          ^~~~~~~~~~~~~
      |                                                                          |
      |                                                                          uint8_t * {aka unsigned char *}
../Core/Src/main.c:862:40: note: expected 'const char *' but argument is of type 'uint8_t *' {aka 'unsigned char *'}
  862 | uint8_t calculate_checksum(const char *data) {
      |                            ~~~~~~~~~~~~^~~~
../Core/Src/main.c:1133:56: warning: pointer targets in passing argument 2 of 'strcpy' differ in signedness [-Wpointer-sign]
 1133 |                                 strcpy(command_buffer, &rx_packet[1]);
      |                                                        ^~~~~~~~~~~~~
      |                                                        |
      |                                                        uint8_t * {aka unsigned char *}
In file included from ../Core/Src/main.c:26:
C:\ST\STM32CubeIDE_1.16.0\STM32CubeIDE\plugins\com.st.stm32cube.ide.mcu.externaltools.gnu-tools-for-stm32.12.3.rel1.win32_1.0.200.202406191623\tools\bin/../lib/gcc/arm-none-eabi/12.3.1/../../../../arm-none-eabi/include/string.h:38:36: note: expected 'const char * restrict' but argument is of type 'uint8_t *' {aka 'unsigned char *'}
   38 | char    *strcpy (char *__restrict, const char *__restrict);
      |                                    ^
../Core/Src/main.c:1140:62: warning: pointer targets in passing argument 2 of 'HAL_UARTEx_ReceiveToIdle_IT' differ in signedness [-Wpointer-sign]
 1140 |         uart_received = HAL_UARTEx_ReceiveToIdle_IT(&huart2, rx_data, RX_BFR_SIZE);
      |                                                              ^~~~~~~
      |                                                              |
      |                                                              char *
In file included from ../Core/Inc/stm32f4xx_hal_conf.h:411,
                 from ../Drivers/STM32F4xx_HAL_Driver/Inc/stm32f4xx_hal.h:29,
                 from ../Core/Inc/main.h:30,
                 from ../Core/Src/main.c:20:
../Drivers/STM32F4xx_HAL_Driver/Inc/stm32f4xx_hal_uart.h:757:83: note: expected 'uint8_t *' {aka 'unsigned char *'} but argument is of type 'char *'
  757 | HAL_StatusTypeDef HAL_UARTEx_ReceiveToIdle_IT(UART_HandleTypeDef *huart, uint8_t *pData, uint16_t Size);
      |                                                                          ~~~~~~~~~^~~~~
../Core/Src/main.c: In function 'main':
../Core/Src/main.c:1193:56: warning: pointer targets in passing argument 2 of 'HAL_UARTEx_ReceiveToIdle_IT' differ in signedness [-Wpointer-sign]
 1193 |   uart_received = HAL_UARTEx_ReceiveToIdle_IT(&huart2, rx_data, RX_BFR_SIZE);
      |                                                        ^~~~~~~
      |                                                        |
      |                                                        char *
../Drivers/STM32F4xx_HAL_Driver/Inc/stm32f4xx_hal_uart.h:757:83: note: expected 'uint8_t *' {aka 'unsigned char *'} but argument is of type 'char *'
  757 | HAL_StatusTypeDef HAL_UARTEx_ReceiveToIdle_IT(UART_HandleTypeDef *huart, uint8_t *pData, uint16_t Size);
      |                                                                          ~~~~~~~~~^~~~~
../Core/Src/main.c: In function 'handle_state':
../Core/Src/main.c:910:17: warning: 'strncpy' output truncated before terminating nul copying 13 bytes from a string of the same length [-Wstringop-truncation]
  910 |                 strncpy(state, "PROBE_RELEASE", strlen("PROBE_RELEASE"));
      |                 ^~~~~~~~~~~~~~~~~~~~~~~~~~~~~~~~~~~~~~~~~~~~~~~~~~~~~~~~
../Core/Src/main.c:917:17: warning: 'strncpy' output truncated before terminating nul copying 9 bytes from a string of the same length [-Wstringop-truncation]
  917 |                 strncpy(state, "ASCENDING", strlen("ASCENDING"));
      |                 ^~~~~~~~~~~~~~~~~~~~~~~~~~~~~~~~~~~~~~~~~~~~~~~~
../Core/Src/main.c:923:17: warning: 'strncpy' output truncated before terminating nul copying 6 bytes from a string of the same length [-Wstringop-truncation]
  923 |                 strncpy(state, "APOGEE", strlen("APOGEE"));
      |                 ^~~~~~~~~~~~~~~~~~~~~~~~~~~~~~~~~~~~~~~~~~
../Core/Src/main.c:929:17: warning: 'strncpy' output truncated before terminating nul copying 10 bytes from a string of the same length [-Wstringop-truncation]
  929 |                 strncpy(state, "DESCENDING", strlen("DESCENDING"));
      |                 ^~~~~~~~~~~~~~~~~~~~~~~~~~~~~~~~~~~~~~~~~~~~~~~~~~
../Core/Src/main.c:935:17: warning: 'strncpy' output truncated before terminating nul copying 6 bytes from a string of the same length [-Wstringop-truncation]
  935 |                 strncpy(state, "LANDED", strlen("LANDED"));
      |                 ^~~~~~~~~~~~~~~~~~~~~~~~~~~~~~~~~~~~~~~~~~
../Core/Src/main.c:941:17: warning: 'strncpy' output truncated before terminating nul copying 10 bytes from a string of the same length [-Wstringop-truncation]
  941 |                 strncpy(state, "LAUNCH_PAD", strlen("LAUNCH_PAD"));
      |                 ^~~~~~~~~~~~~~~~~~~~~~~~~~~~~~~~~~~~~~~~~~~~~~~~~~
../Core/Src/main.c: In function 'handle_command':
../Core/Src/main.c:1044:25: warning: 'strncpy' output truncated before terminating nul copying 12 bytes from a string of the same length [-Wstringop-truncation]
 1044 |                         strncpy(state, "LAUNCH-READY", strlen("LAUNCH-READY"));
      |                         ^~~~~~~~~~~~~~~~~~~~~~~~~~~~~~~~~~~~~~~~~~~~~~~~~~~~~~
../Core/Src/main.c:1031:60: warning: ':' directive output may be truncated writing 1 byte into a region of size between 0 and 4 [-Wformat-truncation=]
 1031 |                         snprintf(cmd_echo, 11, "ST%02d:%02d:%02d", mission_time_hr, mission_time_min, mission_time_sec);
      |                                                            ^
../Core/Src/main.c:1031:48: note: directive argument in the range [-128, 127]
 1031 |                         snprintf(cmd_echo, 11, "ST%02d:%02d:%02d", mission_time_hr, mission_time_min, mission_time_sec);
      |                                                ^~~~~~~~~~~~~~~~~~
../Core/Src/main.c:1031:25: note: 'snprintf' output between 11 and 17 bytes into a destination of size 11
 1031 |                         snprintf(cmd_echo, 11, "ST%02d:%02d:%02d", mission_time_hr, mission_time_min, mission_time_sec);
      |                         ^~~~~~~~~~~~~~~~~~~~~~~~~~~~~~~~~~~~~~~~~~~~~~~~~~~~~~~~~~~~~~~~~~~~~~~~~~~~~~~~~~~~~~~~~~~~~~~
arm-none-eabi-gcc -o "Nucleo_Flight_Software.elf" @"objects.list"   -mcpu=cortex-m4 -T"C:\Users\brady\repos\UCI-CanSat-24-25\In-Flight-Software\Nucleo_Flight_Software\STM32F412ZGTX_FLASH.ld" --specs=nosys.specs -Wl,-Map="Nucleo_Flight_Software.map" -Wl,--gc-sections -static -u _printf_float --specs=nano.specs -mfpu=fpv4-sp-d16 -mfloat-abi=hard -mthumb -Wl,--start-group -lc -lm -Wl,--end-group
Finished building target: Nucleo_Flight_Software.elf
 
arm-none-eabi-size  Nucleo_Flight_Software.elf 
arm-none-eabi-objdump -h -S Nucleo_Flight_Software.elf  > "Nucleo_Flight_Software.list"
   text	   data	    bss	    dec	    hex	filename
  61324	    672	   5248	  67244	  106ac	Nucleo_Flight_Software.elf
Finished building: default.size.stdout
 
Finished building: Nucleo_Flight_Software.list
 
18:06:32 **** Incremental Build of configuration Debug for project Nucleo_Flight_Software ****
make -j20 all 
arm-none-eabi-gcc "../Core/Src/main.c" -mcpu=cortex-m4 -std=gnu11 -g3 -DDEBUG -DUSE_HAL_DRIVER -DSTM32F412Zx -c -I../Core/Inc -I../Drivers/STM32F4xx_HAL_Driver/Inc -I../Drivers/STM32F4xx_HAL_Driver/Inc/Legacy -I../Drivers/CMSIS/Device/ST/STM32F4xx/Include -I../Drivers/CMSIS/Include -O0 -ffunction-sections -fdata-sections -Wall -fstack-usage -fcyclomatic-complexity -MMD -MP -MF"Core/Src/main.d" -MT"Core/Src/main.o" --specs=nano.specs -mfpu=fpv4-sp-d16 -mfloat-abi=hard -mthumb -o "Core/Src/main.o"
../Core/Src/main.c: In function 'HAL_TIM_PeriodElapsedCallback':
../Core/Src/main.c:305:9: warning: implicit declaration of function 'calculate_speed' [-Wimplicit-function-declaration]
  305 |         calculate_speed();                        // Calculate speed based on pulse count
      |         ^~~~~~~~~~~~~~~
../Core/Src/main.c: At top level:
../Core/Src/main.c:312:6: warning: conflicting types for 'calculate_speed'; have 'void(void)'
  312 | void calculate_speed(void)
      |      ^~~~~~~~~~~~~~~
../Core/Src/main.c:305:9: note: previous implicit declaration of 'calculate_speed' with type 'void(void)'
  305 |         calculate_speed();                        // Calculate speed based on pulse count
      |         ^~~~~~~~~~~~~~~
../Core/Src/main.c: In function 'Stepper_Correction':
../Core/Src/main.c:342:9: warning: implicit declaration of function 'read_MMC5603' [-Wimplicit-function-declaration]
  342 |         read_MMC5603();
      |         ^~~~~~~~~~~~
../Core/Src/main.c: At top level:
../Core/Src/main.c:530:6: warning: conflicting types for 'read_MMC5603'; have 'void(void)'
  530 | void read_MMC5603(void) {
      |      ^~~~~~~~~~~~
../Core/Src/main.c:342:9: note: previous implicit declaration of 'read_MMC5603' with type 'void(void)'
  342 |         read_MMC5603();
      |         ^~~~~~~~~~~~
../Core/Src/main.c: In function 'read_PA1010D':
../Core/Src/main.c:657:28: warning: pointer targets in passing argument 1 of 'parse_nmea' differ in signedness [-Wpointer-sign]
  657 |                 parse_nmea(pa_buf);
      |                            ^~~~~~
      |                            |
      |                            uint8_t * {aka unsigned char *}
../Core/Src/main.c:502:23: note: expected 'char *' but argument is of type 'uint8_t *' {aka 'unsigned char *'}
  502 | bool parse_nmea(char *buf){
      |                 ~~~~~~^~~
../Core/Src/main.c: In function 'init_PA1010D':
../Core/Src/main.c:802:36: warning: pointer targets in passing argument 1 of 'parse_nmea' differ in signedness [-Wpointer-sign]
  802 |                         parse_nmea(pa_buf);
      |                                    ^~~~~~
      |                                    |
      |                                    uint8_t * {aka unsigned char *}
../Core/Src/main.c:502:23: note: expected 'char *' but argument is of type 'uint8_t *' {aka 'unsigned char *'}
  502 | bool parse_nmea(char *buf){
      |                 ~~~~~~^~~
../Core/Src/main.c: In function 'HAL_UARTEx_RxEventCallback':
../Core/Src/main.c:1120:35: warning: pointer targets in initialization of 'char *' from 'uint8_t *' {aka 'unsigned char *'} differ in signedness [-Wpointer-sign]
 1120 |                 char *comma_pos = &rx_packet[Size - 3];  // Comma is 3 characters from the end (2 for checksum, 1 for comma)
      |                                   ^
../Core/Src/main.c:1128:69: warning: pointer targets in passing argument 1 of 'strtol' differ in signedness [-Wpointer-sign]
 1128 |                         uint8_t received_checksum = (uint8_t)strtol(&rx_packet[Size - 2], NULL, 16);  // Convert checksum to integer
      |                                                                     ^~~~~~~~~~~~~~~~~~~~
      |                                                                     |
      |                                                                     uint8_t * {aka unsigned char *}
In file included from ../Core/Src/main.c:29:
C:\ST\STM32CubeIDE_1.16.0\STM32CubeIDE\plugins\com.st.stm32cube.ide.mcu.externaltools.gnu-tools-for-stm32.12.3.rel1.win32_1.0.200.202406191623\tools\bin/../lib/gcc/arm-none-eabi/12.3.1/../../../../arm-none-eabi/include/stdlib.h:171:40: note: expected 'const char * restrict' but argument is of type 'uint8_t *' {aka 'unsigned char *'}
  171 | long    strtol (const char *__restrict __n, char **__restrict __end_PTR, int __base);
      |                 ~~~~~~~~~~~~~~~~~~~~~~~^~~
../Core/Src/main.c:1130:74: warning: pointer targets in passing argument 1 of 'calculate_checksum' differ in signedness [-Wpointer-sign]
 1130 |                         uint8_t calculated_checksum = calculate_checksum(&rx_packet[1]);
      |                                                                          ^~~~~~~~~~~~~
      |                                                                          |
      |                                                                          uint8_t * {aka unsigned char *}
../Core/Src/main.c:863:40: note: expected 'const char *' but argument is of type 'uint8_t *' {aka 'unsigned char *'}
  863 | uint8_t calculate_checksum(const char *data) {
      |                            ~~~~~~~~~~~~^~~~
../Core/Src/main.c:1134:56: warning: pointer targets in passing argument 2 of 'strcpy' differ in signedness [-Wpointer-sign]
 1134 |                                 strcpy(command_buffer, &rx_packet[1]);
      |                                                        ^~~~~~~~~~~~~
      |                                                        |
      |                                                        uint8_t * {aka unsigned char *}
In file included from ../Core/Src/main.c:26:
C:\ST\STM32CubeIDE_1.16.0\STM32CubeIDE\plugins\com.st.stm32cube.ide.mcu.externaltools.gnu-tools-for-stm32.12.3.rel1.win32_1.0.200.202406191623\tools\bin/../lib/gcc/arm-none-eabi/12.3.1/../../../../arm-none-eabi/include/string.h:38:36: note: expected 'const char * restrict' but argument is of type 'uint8_t *' {aka 'unsigned char *'}
   38 | char    *strcpy (char *__restrict, const char *__restrict);
      |                                    ^
../Core/Src/main.c:1141:62: warning: pointer targets in passing argument 2 of 'HAL_UARTEx_ReceiveToIdle_IT' differ in signedness [-Wpointer-sign]
 1141 |         uart_received = HAL_UARTEx_ReceiveToIdle_IT(&huart2, rx_data, RX_BFR_SIZE);
      |                                                              ^~~~~~~
      |                                                              |
      |                                                              char *
In file included from ../Core/Inc/stm32f4xx_hal_conf.h:411,
                 from ../Drivers/STM32F4xx_HAL_Driver/Inc/stm32f4xx_hal.h:29,
                 from ../Core/Inc/main.h:30,
                 from ../Core/Src/main.c:20:
../Drivers/STM32F4xx_HAL_Driver/Inc/stm32f4xx_hal_uart.h:757:83: note: expected 'uint8_t *' {aka 'unsigned char *'} but argument is of type 'char *'
  757 | HAL_StatusTypeDef HAL_UARTEx_ReceiveToIdle_IT(UART_HandleTypeDef *huart, uint8_t *pData, uint16_t Size);
      |                                                                          ~~~~~~~~~^~~~~
../Core/Src/main.c: In function 'main':
../Core/Src/main.c:1194:56: warning: pointer targets in passing argument 2 of 'HAL_UARTEx_ReceiveToIdle_IT' differ in signedness [-Wpointer-sign]
 1194 |   uart_received = HAL_UARTEx_ReceiveToIdle_IT(&huart2, rx_data, RX_BFR_SIZE);
      |                                                        ^~~~~~~
      |                                                        |
      |                                                        char *
../Drivers/STM32F4xx_HAL_Driver/Inc/stm32f4xx_hal_uart.h:757:83: note: expected 'uint8_t *' {aka 'unsigned char *'} but argument is of type 'char *'
  757 | HAL_StatusTypeDef HAL_UARTEx_ReceiveToIdle_IT(UART_HandleTypeDef *huart, uint8_t *pData, uint16_t Size);
      |                                                                          ~~~~~~~~~^~~~~
../Core/Src/main.c: In function 'handle_state':
../Core/Src/main.c:911:17: warning: 'strncpy' output truncated before terminating nul copying 13 bytes from a string of the same length [-Wstringop-truncation]
  911 |                 strncpy(state, "PROBE_RELEASE", strlen("PROBE_RELEASE"));
      |                 ^~~~~~~~~~~~~~~~~~~~~~~~~~~~~~~~~~~~~~~~~~~~~~~~~~~~~~~~
../Core/Src/main.c:918:17: warning: 'strncpy' output truncated before terminating nul copying 9 bytes from a string of the same length [-Wstringop-truncation]
  918 |                 strncpy(state, "ASCENDING", strlen("ASCENDING"));
      |                 ^~~~~~~~~~~~~~~~~~~~~~~~~~~~~~~~~~~~~~~~~~~~~~~~
../Core/Src/main.c:924:17: warning: 'strncpy' output truncated before terminating nul copying 6 bytes from a string of the same length [-Wstringop-truncation]
  924 |                 strncpy(state, "APOGEE", strlen("APOGEE"));
      |                 ^~~~~~~~~~~~~~~~~~~~~~~~~~~~~~~~~~~~~~~~~~
../Core/Src/main.c:930:17: warning: 'strncpy' output truncated before terminating nul copying 10 bytes from a string of the same length [-Wstringop-truncation]
  930 |                 strncpy(state, "DESCENDING", strlen("DESCENDING"));
      |                 ^~~~~~~~~~~~~~~~~~~~~~~~~~~~~~~~~~~~~~~~~~~~~~~~~~
../Core/Src/main.c:936:17: warning: 'strncpy' output truncated before terminating nul copying 6 bytes from a string of the same length [-Wstringop-truncation]
  936 |                 strncpy(state, "LANDED", strlen("LANDED"));
      |                 ^~~~~~~~~~~~~~~~~~~~~~~~~~~~~~~~~~~~~~~~~~
../Core/Src/main.c:942:17: warning: 'strncpy' output truncated before terminating nul copying 10 bytes from a string of the same length [-Wstringop-truncation]
  942 |                 strncpy(state, "LAUNCH_PAD", strlen("LAUNCH_PAD"));
      |                 ^~~~~~~~~~~~~~~~~~~~~~~~~~~~~~~~~~~~~~~~~~~~~~~~~~
../Core/Src/main.c: In function 'handle_command':
../Core/Src/main.c:1045:25: warning: 'strncpy' output truncated before terminating nul copying 12 bytes from a string of the same length [-Wstringop-truncation]
 1045 |                         strncpy(state, "LAUNCH-READY", strlen("LAUNCH-READY"));
      |                         ^~~~~~~~~~~~~~~~~~~~~~~~~~~~~~~~~~~~~~~~~~~~~~~~~~~~~~
../Core/Src/main.c:1032:60: warning: ':' directive output may be truncated writing 1 byte into a region of size between 0 and 4 [-Wformat-truncation=]
 1032 |                         snprintf(cmd_echo, 11, "ST%02d:%02d:%02d", mission_time_hr, mission_time_min, mission_time_sec);
      |                                                            ^
../Core/Src/main.c:1032:48: note: directive argument in the range [-128, 127]
 1032 |                         snprintf(cmd_echo, 11, "ST%02d:%02d:%02d", mission_time_hr, mission_time_min, mission_time_sec);
      |                                                ^~~~~~~~~~~~~~~~~~
../Core/Src/main.c:1032:25: note: 'snprintf' output between 11 and 17 bytes into a destination of size 11
 1032 |                         snprintf(cmd_echo, 11, "ST%02d:%02d:%02d", mission_time_hr, mission_time_min, mission_time_sec);
      |                         ^~~~~~~~~~~~~~~~~~~~~~~~~~~~~~~~~~~~~~~~~~~~~~~~~~~~~~~~~~~~~~~~~~~~~~~~~~~~~~~~~~~~~~~~~~~~~~~
arm-none-eabi-gcc -o "Nucleo_Flight_Software.elf" @"objects.list"   -mcpu=cortex-m4 -T"C:\Users\brady\repos\UCI-CanSat-24-25\In-Flight-Software\Nucleo_Flight_Software\STM32F412ZGTX_FLASH.ld" --specs=nosys.specs -Wl,-Map="Nucleo_Flight_Software.map" -Wl,--gc-sections -static -u _printf_float --specs=nano.specs -mfpu=fpv4-sp-d16 -mfloat-abi=hard -mthumb -Wl,--start-group -lc -lm -Wl,--end-group
Finished building target: Nucleo_Flight_Software.elf
 
arm-none-eabi-size  Nucleo_Flight_Software.elf 
arm-none-eabi-objdump -h -S Nucleo_Flight_Software.elf  > "Nucleo_Flight_Software.list"
   text	   data	    bss	    dec	    hex	filename
  61324	    672	   5248	  67244	  106ac	Nucleo_Flight_Software.elf
Finished building: default.size.stdout
 
Finished building: Nucleo_Flight_Software.list
 
18:09:40 **** Incremental Build of configuration Debug for project Nucleo_Flight_Software ****
make -j20 all 
arm-none-eabi-gcc "../Core/Src/main.c" -mcpu=cortex-m4 -std=gnu11 -g3 -DDEBUG -DUSE_HAL_DRIVER -DSTM32F412Zx -c -I../Core/Inc -I../Drivers/STM32F4xx_HAL_Driver/Inc -I../Drivers/STM32F4xx_HAL_Driver/Inc/Legacy -I../Drivers/CMSIS/Device/ST/STM32F4xx/Include -I../Drivers/CMSIS/Include -O0 -ffunction-sections -fdata-sections -Wall -fstack-usage -fcyclomatic-complexity -MMD -MP -MF"Core/Src/main.d" -MT"Core/Src/main.o" --specs=nano.specs -mfpu=fpv4-sp-d16 -mfloat-abi=hard -mthumb -o "Core/Src/main.o"
arm-none-eabi-gcc "../Core/Src/stm32f4xx_hal_msp.c" -mcpu=cortex-m4 -std=gnu11 -g3 -DDEBUG -DUSE_HAL_DRIVER -DSTM32F412Zx -c -I../Core/Inc -I../Drivers/STM32F4xx_HAL_Driver/Inc -I../Drivers/STM32F4xx_HAL_Driver/Inc/Legacy -I../Drivers/CMSIS/Device/ST/STM32F4xx/Include -I../Drivers/CMSIS/Include -O0 -ffunction-sections -fdata-sections -Wall -fstack-usage -fcyclomatic-complexity -MMD -MP -MF"Core/Src/stm32f4xx_hal_msp.d" -MT"Core/Src/stm32f4xx_hal_msp.o" --specs=nano.specs -mfpu=fpv4-sp-d16 -mfloat-abi=hard -mthumb -o "Core/Src/stm32f4xx_hal_msp.o"
arm-none-eabi-gcc "../Core/Src/stm32f4xx_it.c" -mcpu=cortex-m4 -std=gnu11 -g3 -DDEBUG -DUSE_HAL_DRIVER -DSTM32F412Zx -c -I../Core/Inc -I../Drivers/STM32F4xx_HAL_Driver/Inc -I../Drivers/STM32F4xx_HAL_Driver/Inc/Legacy -I../Drivers/CMSIS/Device/ST/STM32F4xx/Include -I../Drivers/CMSIS/Include -O0 -ffunction-sections -fdata-sections -Wall -fstack-usage -fcyclomatic-complexity -MMD -MP -MF"Core/Src/stm32f4xx_it.d" -MT"Core/Src/stm32f4xx_it.o" --specs=nano.specs -mfpu=fpv4-sp-d16 -mfloat-abi=hard -mthumb -o "Core/Src/stm32f4xx_it.o"
../Core/Src/main.c: In function 'HAL_TIM_PeriodElapsedCallback':
../Core/Src/main.c:305:9: warning: implicit declaration of function 'calculate_speed' [-Wimplicit-function-declaration]
  305 |         calculate_speed();                        // Calculate speed based on pulse count
      |         ^~~~~~~~~~~~~~~
../Core/Src/main.c: At top level:
../Core/Src/main.c:312:6: warning: conflicting types for 'calculate_speed'; have 'void(void)'
  312 | void calculate_speed(void)
      |      ^~~~~~~~~~~~~~~
../Core/Src/main.c:305:9: note: previous implicit declaration of 'calculate_speed' with type 'void(void)'
  305 |         calculate_speed();                        // Calculate speed based on pulse count
      |         ^~~~~~~~~~~~~~~
../Core/Src/main.c: In function 'Stepper_Correction':
../Core/Src/main.c:342:9: warning: implicit declaration of function 'read_MMC5603' [-Wimplicit-function-declaration]
  342 |         read_MMC5603();
      |         ^~~~~~~~~~~~
../Core/Src/main.c: At top level:
../Core/Src/main.c:530:6: warning: conflicting types for 'read_MMC5603'; have 'void(void)'
  530 | void read_MMC5603(void) {
      |      ^~~~~~~~~~~~
../Core/Src/main.c:342:9: note: previous implicit declaration of 'read_MMC5603' with type 'void(void)'
  342 |         read_MMC5603();
      |         ^~~~~~~~~~~~
../Core/Src/main.c: In function 'read_PA1010D':
../Core/Src/main.c:657:28: warning: pointer targets in passing argument 1 of 'parse_nmea' differ in signedness [-Wpointer-sign]
  657 |                 parse_nmea(pa_buf);
      |                            ^~~~~~
      |                            |
      |                            uint8_t * {aka unsigned char *}
../Core/Src/main.c:502:23: note: expected 'char *' but argument is of type 'uint8_t *' {aka 'unsigned char *'}
  502 | bool parse_nmea(char *buf){
      |                 ~~~~~~^~~
../Core/Src/main.c: In function 'init_PA1010D':
../Core/Src/main.c:802:36: warning: pointer targets in passing argument 1 of 'parse_nmea' differ in signedness [-Wpointer-sign]
  802 |                         parse_nmea(pa_buf);
      |                                    ^~~~~~
      |                                    |
      |                                    uint8_t * {aka unsigned char *}
../Core/Src/main.c:502:23: note: expected 'char *' but argument is of type 'uint8_t *' {aka 'unsigned char *'}
  502 | bool parse_nmea(char *buf){
      |                 ~~~~~~^~~
../Core/Src/main.c: In function 'HAL_UARTEx_RxEventCallback':
../Core/Src/main.c:1120:35: warning: pointer targets in initialization of 'char *' from 'uint8_t *' {aka 'unsigned char *'} differ in signedness [-Wpointer-sign]
 1120 |                 char *comma_pos = &rx_packet[Size - 3];  // Comma is 3 characters from the end (2 for checksum, 1 for comma)
      |                                   ^
../Core/Src/main.c:1128:69: warning: pointer targets in passing argument 1 of 'strtol' differ in signedness [-Wpointer-sign]
 1128 |                         uint8_t received_checksum = (uint8_t)strtol(&rx_packet[Size - 2], NULL, 16);  // Convert checksum to integer
      |                                                                     ^~~~~~~~~~~~~~~~~~~~
      |                                                                     |
      |                                                                     uint8_t * {aka unsigned char *}
In file included from ../Core/Src/main.c:29:
C:\ST\STM32CubeIDE_1.16.0\STM32CubeIDE\plugins\com.st.stm32cube.ide.mcu.externaltools.gnu-tools-for-stm32.12.3.rel1.win32_1.0.200.202406191623\tools\bin/../lib/gcc/arm-none-eabi/12.3.1/../../../../arm-none-eabi/include/stdlib.h:171:40: note: expected 'const char * restrict' but argument is of type 'uint8_t *' {aka 'unsigned char *'}
  171 | long    strtol (const char *__restrict __n, char **__restrict __end_PTR, int __base);
      |                 ~~~~~~~~~~~~~~~~~~~~~~~^~~
../Core/Src/main.c:1130:74: warning: pointer targets in passing argument 1 of 'calculate_checksum' differ in signedness [-Wpointer-sign]
 1130 |                         uint8_t calculated_checksum = calculate_checksum(&rx_packet[1]);
      |                                                                          ^~~~~~~~~~~~~
      |                                                                          |
      |                                                                          uint8_t * {aka unsigned char *}
../Core/Src/main.c:863:40: note: expected 'const char *' but argument is of type 'uint8_t *' {aka 'unsigned char *'}
  863 | uint8_t calculate_checksum(const char *data) {
      |                            ~~~~~~~~~~~~^~~~
../Core/Src/main.c:1134:56: warning: pointer targets in passing argument 2 of 'strcpy' differ in signedness [-Wpointer-sign]
 1134 |                                 strcpy(command_buffer, &rx_packet[1]);
      |                                                        ^~~~~~~~~~~~~
      |                                                        |
      |                                                        uint8_t * {aka unsigned char *}
In file included from ../Core/Src/main.c:26:
C:\ST\STM32CubeIDE_1.16.0\STM32CubeIDE\plugins\com.st.stm32cube.ide.mcu.externaltools.gnu-tools-for-stm32.12.3.rel1.win32_1.0.200.202406191623\tools\bin/../lib/gcc/arm-none-eabi/12.3.1/../../../../arm-none-eabi/include/string.h:38:36: note: expected 'const char * restrict' but argument is of type 'uint8_t *' {aka 'unsigned char *'}
   38 | char    *strcpy (char *__restrict, const char *__restrict);
      |                                    ^
../Core/Src/main.c:1141:62: warning: pointer targets in passing argument 2 of 'HAL_UARTEx_ReceiveToIdle_IT' differ in signedness [-Wpointer-sign]
 1141 |         uart_received = HAL_UARTEx_ReceiveToIdle_IT(&huart2, rx_data, RX_BFR_SIZE);
      |                                                              ^~~~~~~
      |                                                              |
      |                                                              char *
In file included from ../Core/Inc/stm32f4xx_hal_conf.h:411,
                 from ../Drivers/STM32F4xx_HAL_Driver/Inc/stm32f4xx_hal.h:29,
                 from ../Core/Inc/main.h:30,
                 from ../Core/Src/main.c:20:
../Drivers/STM32F4xx_HAL_Driver/Inc/stm32f4xx_hal_uart.h:757:83: note: expected 'uint8_t *' {aka 'unsigned char *'} but argument is of type 'char *'
  757 | HAL_StatusTypeDef HAL_UARTEx_ReceiveToIdle_IT(UART_HandleTypeDef *huart, uint8_t *pData, uint16_t Size);
      |                                                                          ~~~~~~~~~^~~~~
../Core/Src/main.c: In function 'main':
../Core/Src/main.c:1194:56: warning: pointer targets in passing argument 2 of 'HAL_UARTEx_ReceiveToIdle_IT' differ in signedness [-Wpointer-sign]
 1194 |   uart_received = HAL_UARTEx_ReceiveToIdle_IT(&huart2, rx_data, RX_BFR_SIZE);
      |                                                        ^~~~~~~
      |                                                        |
      |                                                        char *
../Drivers/STM32F4xx_HAL_Driver/Inc/stm32f4xx_hal_uart.h:757:83: note: expected 'uint8_t *' {aka 'unsigned char *'} but argument is of type 'char *'
  757 | HAL_StatusTypeDef HAL_UARTEx_ReceiveToIdle_IT(UART_HandleTypeDef *huart, uint8_t *pData, uint16_t Size);
      |                                                                          ~~~~~~~~~^~~~~
../Core/Src/main.c: In function 'handle_state':
../Core/Src/main.c:911:17: warning: 'strncpy' output truncated before terminating nul copying 13 bytes from a string of the same length [-Wstringop-truncation]
  911 |                 strncpy(state, "PROBE_RELEASE", strlen("PROBE_RELEASE"));
      |                 ^~~~~~~~~~~~~~~~~~~~~~~~~~~~~~~~~~~~~~~~~~~~~~~~~~~~~~~~
../Core/Src/main.c:918:17: warning: 'strncpy' output truncated before terminating nul copying 9 bytes from a string of the same length [-Wstringop-truncation]
  918 |                 strncpy(state, "ASCENDING", strlen("ASCENDING"));
      |                 ^~~~~~~~~~~~~~~~~~~~~~~~~~~~~~~~~~~~~~~~~~~~~~~~
../Core/Src/main.c:924:17: warning: 'strncpy' output truncated before terminating nul copying 6 bytes from a string of the same length [-Wstringop-truncation]
  924 |                 strncpy(state, "APOGEE", strlen("APOGEE"));
      |                 ^~~~~~~~~~~~~~~~~~~~~~~~~~~~~~~~~~~~~~~~~~
../Core/Src/main.c:930:17: warning: 'strncpy' output truncated before terminating nul copying 10 bytes from a string of the same length [-Wstringop-truncation]
  930 |                 strncpy(state, "DESCENDING", strlen("DESCENDING"));
      |                 ^~~~~~~~~~~~~~~~~~~~~~~~~~~~~~~~~~~~~~~~~~~~~~~~~~
../Core/Src/main.c:936:17: warning: 'strncpy' output truncated before terminating nul copying 6 bytes from a string of the same length [-Wstringop-truncation]
  936 |                 strncpy(state, "LANDED", strlen("LANDED"));
      |                 ^~~~~~~~~~~~~~~~~~~~~~~~~~~~~~~~~~~~~~~~~~
../Core/Src/main.c:942:17: warning: 'strncpy' output truncated before terminating nul copying 10 bytes from a string of the same length [-Wstringop-truncation]
  942 |                 strncpy(state, "LAUNCH_PAD", strlen("LAUNCH_PAD"));
      |                 ^~~~~~~~~~~~~~~~~~~~~~~~~~~~~~~~~~~~~~~~~~~~~~~~~~
../Core/Src/main.c: In function 'handle_command':
../Core/Src/main.c:1045:25: warning: 'strncpy' output truncated before terminating nul copying 12 bytes from a string of the same length [-Wstringop-truncation]
 1045 |                         strncpy(state, "LAUNCH-READY", strlen("LAUNCH-READY"));
      |                         ^~~~~~~~~~~~~~~~~~~~~~~~~~~~~~~~~~~~~~~~~~~~~~~~~~~~~~
../Core/Src/main.c:1032:60: warning: ':' directive output may be truncated writing 1 byte into a region of size between 0 and 4 [-Wformat-truncation=]
 1032 |                         snprintf(cmd_echo, 11, "ST%02d:%02d:%02d", mission_time_hr, mission_time_min, mission_time_sec);
      |                                                            ^
../Core/Src/main.c:1032:48: note: directive argument in the range [-128, 127]
 1032 |                         snprintf(cmd_echo, 11, "ST%02d:%02d:%02d", mission_time_hr, mission_time_min, mission_time_sec);
      |                                                ^~~~~~~~~~~~~~~~~~
../Core/Src/main.c:1032:25: note: 'snprintf' output between 11 and 17 bytes into a destination of size 11
 1032 |                         snprintf(cmd_echo, 11, "ST%02d:%02d:%02d", mission_time_hr, mission_time_min, mission_time_sec);
      |                         ^~~~~~~~~~~~~~~~~~~~~~~~~~~~~~~~~~~~~~~~~~~~~~~~~~~~~~~~~~~~~~~~~~~~~~~~~~~~~~~~~~~~~~~~~~~~~~~
arm-none-eabi-gcc -o "Nucleo_Flight_Software.elf" @"objects.list"   -mcpu=cortex-m4 -T"C:\Users\brady\repos\UCI-CanSat-24-25\In-Flight-Software\Nucleo_Flight_Software\STM32F412ZGTX_FLASH.ld" --specs=nosys.specs -Wl,-Map="Nucleo_Flight_Software.map" -Wl,--gc-sections -static -u _printf_float --specs=nano.specs -mfpu=fpv4-sp-d16 -mfloat-abi=hard -mthumb -Wl,--start-group -lc -lm -Wl,--end-group
Finished building target: Nucleo_Flight_Software.elf
 
arm-none-eabi-size  Nucleo_Flight_Software.elf 
arm-none-eabi-objdump -h -S Nucleo_Flight_Software.elf  > "Nucleo_Flight_Software.list"
   text	   data	    bss	    dec	    hex	filename
  62084	    672	   5248	  68004	  109a4	Nucleo_Flight_Software.elf
Finished building: default.size.stdout
 
Finished building: Nucleo_Flight_Software.list
 
18:12:09 **** Incremental Build of configuration Debug for project Nucleo_Flight_Software ****
make -j20 all 
arm-none-eabi-gcc "../Core/Src/main.c" -mcpu=cortex-m4 -std=gnu11 -g3 -DDEBUG -DUSE_HAL_DRIVER -DSTM32F412Zx -c -I../Core/Inc -I../Drivers/STM32F4xx_HAL_Driver/Inc -I../Drivers/STM32F4xx_HAL_Driver/Inc/Legacy -I../Drivers/CMSIS/Device/ST/STM32F4xx/Include -I../Drivers/CMSIS/Include -O0 -ffunction-sections -fdata-sections -Wall -fstack-usage -fcyclomatic-complexity -MMD -MP -MF"Core/Src/main.d" -MT"Core/Src/main.o" --specs=nano.specs -mfpu=fpv4-sp-d16 -mfloat-abi=hard -mthumb -o "Core/Src/main.o"
../Core/Src/main.c: In function 'Stepper_Correction':
../Core/Src/main.c:342:9: warning: implicit declaration of function 'read_MMC5603' [-Wimplicit-function-declaration]
  342 |         read_MMC5603();
      |         ^~~~~~~~~~~~
../Core/Src/main.c: At top level:
../Core/Src/main.c:530:6: warning: conflicting types for 'read_MMC5603'; have 'void(void)'
  530 | void read_MMC5603(void) {
      |      ^~~~~~~~~~~~
../Core/Src/main.c:342:9: note: previous implicit declaration of 'read_MMC5603' with type 'void(void)'
  342 |         read_MMC5603();
      |         ^~~~~~~~~~~~
../Core/Src/main.c: In function 'read_PA1010D':
../Core/Src/main.c:657:28: warning: pointer targets in passing argument 1 of 'parse_nmea' differ in signedness [-Wpointer-sign]
  657 |                 parse_nmea(pa_buf);
      |                            ^~~~~~
      |                            |
      |                            uint8_t * {aka unsigned char *}
../Core/Src/main.c:502:23: note: expected 'char *' but argument is of type 'uint8_t *' {aka 'unsigned char *'}
  502 | bool parse_nmea(char *buf){
      |                 ~~~~~~^~~
../Core/Src/main.c: In function 'init_PA1010D':
../Core/Src/main.c:802:36: warning: pointer targets in passing argument 1 of 'parse_nmea' differ in signedness [-Wpointer-sign]
  802 |                         parse_nmea(pa_buf);
      |                                    ^~~~~~
      |                                    |
      |                                    uint8_t * {aka unsigned char *}
../Core/Src/main.c:502:23: note: expected 'char *' but argument is of type 'uint8_t *' {aka 'unsigned char *'}
  502 | bool parse_nmea(char *buf){
      |                 ~~~~~~^~~
../Core/Src/main.c: In function 'HAL_UARTEx_RxEventCallback':
../Core/Src/main.c:1120:35: warning: pointer targets in initialization of 'char *' from 'uint8_t *' {aka 'unsigned char *'} differ in signedness [-Wpointer-sign]
 1120 |                 char *comma_pos = &rx_packet[Size - 3];  // Comma is 3 characters from the end (2 for checksum, 1 for comma)
      |                                   ^
../Core/Src/main.c:1128:69: warning: pointer targets in passing argument 1 of 'strtol' differ in signedness [-Wpointer-sign]
 1128 |                         uint8_t received_checksum = (uint8_t)strtol(&rx_packet[Size - 2], NULL, 16);  // Convert checksum to integer
      |                                                                     ^~~~~~~~~~~~~~~~~~~~
      |                                                                     |
      |                                                                     uint8_t * {aka unsigned char *}
In file included from ../Core/Src/main.c:29:
C:\ST\STM32CubeIDE_1.16.0\STM32CubeIDE\plugins\com.st.stm32cube.ide.mcu.externaltools.gnu-tools-for-stm32.12.3.rel1.win32_1.0.200.202406191623\tools\bin/../lib/gcc/arm-none-eabi/12.3.1/../../../../arm-none-eabi/include/stdlib.h:171:40: note: expected 'const char * restrict' but argument is of type 'uint8_t *' {aka 'unsigned char *'}
  171 | long    strtol (const char *__restrict __n, char **__restrict __end_PTR, int __base);
      |                 ~~~~~~~~~~~~~~~~~~~~~~~^~~
../Core/Src/main.c:1130:74: warning: pointer targets in passing argument 1 of 'calculate_checksum' differ in signedness [-Wpointer-sign]
 1130 |                         uint8_t calculated_checksum = calculate_checksum(&rx_packet[1]);
      |                                                                          ^~~~~~~~~~~~~
      |                                                                          |
      |                                                                          uint8_t * {aka unsigned char *}
../Core/Src/main.c:863:40: note: expected 'const char *' but argument is of type 'uint8_t *' {aka 'unsigned char *'}
  863 | uint8_t calculate_checksum(const char *data) {
      |                            ~~~~~~~~~~~~^~~~
../Core/Src/main.c:1134:56: warning: pointer targets in passing argument 2 of 'strcpy' differ in signedness [-Wpointer-sign]
 1134 |                                 strcpy(command_buffer, &rx_packet[1]);
      |                                                        ^~~~~~~~~~~~~
      |                                                        |
      |                                                        uint8_t * {aka unsigned char *}
In file included from ../Core/Src/main.c:26:
C:\ST\STM32CubeIDE_1.16.0\STM32CubeIDE\plugins\com.st.stm32cube.ide.mcu.externaltools.gnu-tools-for-stm32.12.3.rel1.win32_1.0.200.202406191623\tools\bin/../lib/gcc/arm-none-eabi/12.3.1/../../../../arm-none-eabi/include/string.h:38:36: note: expected 'const char * restrict' but argument is of type 'uint8_t *' {aka 'unsigned char *'}
   38 | char    *strcpy (char *__restrict, const char *__restrict);
      |                                    ^
../Core/Src/main.c:1141:62: warning: pointer targets in passing argument 2 of 'HAL_UARTEx_ReceiveToIdle_IT' differ in signedness [-Wpointer-sign]
 1141 |         uart_received = HAL_UARTEx_ReceiveToIdle_IT(&huart2, rx_data, RX_BFR_SIZE);
      |                                                              ^~~~~~~
      |                                                              |
      |                                                              char *
In file included from ../Core/Inc/stm32f4xx_hal_conf.h:411,
                 from ../Drivers/STM32F4xx_HAL_Driver/Inc/stm32f4xx_hal.h:29,
                 from ../Core/Inc/main.h:30,
                 from ../Core/Src/main.c:20:
../Drivers/STM32F4xx_HAL_Driver/Inc/stm32f4xx_hal_uart.h:757:83: note: expected 'uint8_t *' {aka 'unsigned char *'} but argument is of type 'char *'
  757 | HAL_StatusTypeDef HAL_UARTEx_ReceiveToIdle_IT(UART_HandleTypeDef *huart, uint8_t *pData, uint16_t Size);
      |                                                                          ~~~~~~~~~^~~~~
../Core/Src/main.c: In function 'main':
../Core/Src/main.c:1194:56: warning: pointer targets in passing argument 2 of 'HAL_UARTEx_ReceiveToIdle_IT' differ in signedness [-Wpointer-sign]
 1194 |   uart_received = HAL_UARTEx_ReceiveToIdle_IT(&huart2, rx_data, RX_BFR_SIZE);
      |                                                        ^~~~~~~
      |                                                        |
      |                                                        char *
../Drivers/STM32F4xx_HAL_Driver/Inc/stm32f4xx_hal_uart.h:757:83: note: expected 'uint8_t *' {aka 'unsigned char *'} but argument is of type 'char *'
  757 | HAL_StatusTypeDef HAL_UARTEx_ReceiveToIdle_IT(UART_HandleTypeDef *huart, uint8_t *pData, uint16_t Size);
      |                                                                          ~~~~~~~~~^~~~~
../Core/Src/main.c: In function 'handle_state':
../Core/Src/main.c:911:17: warning: 'strncpy' output truncated before terminating nul copying 13 bytes from a string of the same length [-Wstringop-truncation]
  911 |                 strncpy(state, "PROBE_RELEASE", strlen("PROBE_RELEASE"));
      |                 ^~~~~~~~~~~~~~~~~~~~~~~~~~~~~~~~~~~~~~~~~~~~~~~~~~~~~~~~
../Core/Src/main.c:918:17: warning: 'strncpy' output truncated before terminating nul copying 9 bytes from a string of the same length [-Wstringop-truncation]
  918 |                 strncpy(state, "ASCENDING", strlen("ASCENDING"));
      |                 ^~~~~~~~~~~~~~~~~~~~~~~~~~~~~~~~~~~~~~~~~~~~~~~~
../Core/Src/main.c:924:17: warning: 'strncpy' output truncated before terminating nul copying 6 bytes from a string of the same length [-Wstringop-truncation]
  924 |                 strncpy(state, "APOGEE", strlen("APOGEE"));
      |                 ^~~~~~~~~~~~~~~~~~~~~~~~~~~~~~~~~~~~~~~~~~
../Core/Src/main.c:930:17: warning: 'strncpy' output truncated before terminating nul copying 10 bytes from a string of the same length [-Wstringop-truncation]
  930 |                 strncpy(state, "DESCENDING", strlen("DESCENDING"));
      |                 ^~~~~~~~~~~~~~~~~~~~~~~~~~~~~~~~~~~~~~~~~~~~~~~~~~
../Core/Src/main.c:936:17: warning: 'strncpy' output truncated before terminating nul copying 6 bytes from a string of the same length [-Wstringop-truncation]
  936 |                 strncpy(state, "LANDED", strlen("LANDED"));
      |                 ^~~~~~~~~~~~~~~~~~~~~~~~~~~~~~~~~~~~~~~~~~
../Core/Src/main.c:942:17: warning: 'strncpy' output truncated before terminating nul copying 10 bytes from a string of the same length [-Wstringop-truncation]
  942 |                 strncpy(state, "LAUNCH_PAD", strlen("LAUNCH_PAD"));
      |                 ^~~~~~~~~~~~~~~~~~~~~~~~~~~~~~~~~~~~~~~~~~~~~~~~~~
../Core/Src/main.c: In function 'handle_command':
../Core/Src/main.c:1045:25: warning: 'strncpy' output truncated before terminating nul copying 12 bytes from a string of the same length [-Wstringop-truncation]
 1045 |                         strncpy(state, "LAUNCH-READY", strlen("LAUNCH-READY"));
      |                         ^~~~~~~~~~~~~~~~~~~~~~~~~~~~~~~~~~~~~~~~~~~~~~~~~~~~~~
../Core/Src/main.c:1032:60: warning: ':' directive output may be truncated writing 1 byte into a region of size between 0 and 4 [-Wformat-truncation=]
 1032 |                         snprintf(cmd_echo, 11, "ST%02d:%02d:%02d", mission_time_hr, mission_time_min, mission_time_sec);
      |                                                            ^
../Core/Src/main.c:1032:48: note: directive argument in the range [-128, 127]
 1032 |                         snprintf(cmd_echo, 11, "ST%02d:%02d:%02d", mission_time_hr, mission_time_min, mission_time_sec);
      |                                                ^~~~~~~~~~~~~~~~~~
../Core/Src/main.c:1032:25: note: 'snprintf' output between 11 and 17 bytes into a destination of size 11
 1032 |                         snprintf(cmd_echo, 11, "ST%02d:%02d:%02d", mission_time_hr, mission_time_min, mission_time_sec);
      |                         ^~~~~~~~~~~~~~~~~~~~~~~~~~~~~~~~~~~~~~~~~~~~~~~~~~~~~~~~~~~~~~~~~~~~~~~~~~~~~~~~~~~~~~~~~~~~~~~
arm-none-eabi-gcc -o "Nucleo_Flight_Software.elf" @"objects.list"   -mcpu=cortex-m4 -T"C:\Users\brady\repos\UCI-CanSat-24-25\In-Flight-Software\Nucleo_Flight_Software\STM32F412ZGTX_FLASH.ld" --specs=nosys.specs -Wl,-Map="Nucleo_Flight_Software.map" -Wl,--gc-sections -static -u _printf_float --specs=nano.specs -mfpu=fpv4-sp-d16 -mfloat-abi=hard -mthumb -Wl,--start-group -lc -lm -Wl,--end-group
Finished building target: Nucleo_Flight_Software.elf
 
arm-none-eabi-size  Nucleo_Flight_Software.elf 
arm-none-eabi-objdump -h -S Nucleo_Flight_Software.elf  > "Nucleo_Flight_Software.list"
   text	   data	    bss	    dec	    hex	filename
  62020	    672	   5248	  67940	  10964	Nucleo_Flight_Software.elf
Finished building: default.size.stdout
 
Finished building: Nucleo_Flight_Software.list
 
18:16:18 **** Incremental Build of configuration Debug for project Nucleo_Flight_Software ****
make -j20 all 
arm-none-eabi-gcc "../Core/Src/main.c" -mcpu=cortex-m4 -std=gnu11 -g3 -DDEBUG -DUSE_HAL_DRIVER -DSTM32F412Zx -c -I../Core/Inc -I../Drivers/STM32F4xx_HAL_Driver/Inc -I../Drivers/STM32F4xx_HAL_Driver/Inc/Legacy -I../Drivers/CMSIS/Device/ST/STM32F4xx/Include -I../Drivers/CMSIS/Include -O0 -ffunction-sections -fdata-sections -Wall -fstack-usage -fcyclomatic-complexity -MMD -MP -MF"Core/Src/main.d" -MT"Core/Src/main.o" --specs=nano.specs -mfpu=fpv4-sp-d16 -mfloat-abi=hard -mthumb -o "Core/Src/main.o"
../Core/Src/main.c: In function 'Stepper_Correction':
../Core/Src/main.c:341:9: warning: implicit declaration of function 'read_MMC5603' [-Wimplicit-function-declaration]
  341 |         read_MMC5603();
      |         ^~~~~~~~~~~~
../Core/Src/main.c: At top level:
../Core/Src/main.c:529:6: warning: conflicting types for 'read_MMC5603'; have 'void(void)'
  529 | void read_MMC5603(void) {
      |      ^~~~~~~~~~~~
../Core/Src/main.c:341:9: note: previous implicit declaration of 'read_MMC5603' with type 'void(void)'
  341 |         read_MMC5603();
      |         ^~~~~~~~~~~~
../Core/Src/main.c: In function 'read_PA1010D':
../Core/Src/main.c:656:28: warning: pointer targets in passing argument 1 of 'parse_nmea' differ in signedness [-Wpointer-sign]
  656 |                 parse_nmea(pa_buf);
      |                            ^~~~~~
      |                            |
      |                            uint8_t * {aka unsigned char *}
../Core/Src/main.c:501:23: note: expected 'char *' but argument is of type 'uint8_t *' {aka 'unsigned char *'}
  501 | bool parse_nmea(char *buf){
      |                 ~~~~~~^~~
../Core/Src/main.c: In function 'init_PA1010D':
../Core/Src/main.c:801:36: warning: pointer targets in passing argument 1 of 'parse_nmea' differ in signedness [-Wpointer-sign]
  801 |                         parse_nmea(pa_buf);
      |                                    ^~~~~~
      |                                    |
      |                                    uint8_t * {aka unsigned char *}
../Core/Src/main.c:501:23: note: expected 'char *' but argument is of type 'uint8_t *' {aka 'unsigned char *'}
  501 | bool parse_nmea(char *buf){
      |                 ~~~~~~^~~
../Core/Src/main.c: In function 'HAL_UARTEx_RxEventCallback':
../Core/Src/main.c:1119:35: warning: pointer targets in initialization of 'char *' from 'uint8_t *' {aka 'unsigned char *'} differ in signedness [-Wpointer-sign]
 1119 |                 char *comma_pos = &rx_packet[Size - 3];  // Comma is 3 characters from the end (2 for checksum, 1 for comma)
      |                                   ^
../Core/Src/main.c:1127:69: warning: pointer targets in passing argument 1 of 'strtol' differ in signedness [-Wpointer-sign]
 1127 |                         uint8_t received_checksum = (uint8_t)strtol(&rx_packet[Size - 2], NULL, 16);  // Convert checksum to integer
      |                                                                     ^~~~~~~~~~~~~~~~~~~~
      |                                                                     |
      |                                                                     uint8_t * {aka unsigned char *}
In file included from ../Core/Src/main.c:29:
C:\ST\STM32CubeIDE_1.16.0\STM32CubeIDE\plugins\com.st.stm32cube.ide.mcu.externaltools.gnu-tools-for-stm32.12.3.rel1.win32_1.0.200.202406191623\tools\bin/../lib/gcc/arm-none-eabi/12.3.1/../../../../arm-none-eabi/include/stdlib.h:171:40: note: expected 'const char * restrict' but argument is of type 'uint8_t *' {aka 'unsigned char *'}
  171 | long    strtol (const char *__restrict __n, char **__restrict __end_PTR, int __base);
      |                 ~~~~~~~~~~~~~~~~~~~~~~~^~~
../Core/Src/main.c:1129:74: warning: pointer targets in passing argument 1 of 'calculate_checksum' differ in signedness [-Wpointer-sign]
 1129 |                         uint8_t calculated_checksum = calculate_checksum(&rx_packet[1]);
      |                                                                          ^~~~~~~~~~~~~
      |                                                                          |
      |                                                                          uint8_t * {aka unsigned char *}
../Core/Src/main.c:862:40: note: expected 'const char *' but argument is of type 'uint8_t *' {aka 'unsigned char *'}
  862 | uint8_t calculate_checksum(const char *data) {
      |                            ~~~~~~~~~~~~^~~~
../Core/Src/main.c:1133:56: warning: pointer targets in passing argument 2 of 'strcpy' differ in signedness [-Wpointer-sign]
 1133 |                                 strcpy(command_buffer, &rx_packet[1]);
      |                                                        ^~~~~~~~~~~~~
      |                                                        |
      |                                                        uint8_t * {aka unsigned char *}
In file included from ../Core/Src/main.c:26:
C:\ST\STM32CubeIDE_1.16.0\STM32CubeIDE\plugins\com.st.stm32cube.ide.mcu.externaltools.gnu-tools-for-stm32.12.3.rel1.win32_1.0.200.202406191623\tools\bin/../lib/gcc/arm-none-eabi/12.3.1/../../../../arm-none-eabi/include/string.h:38:36: note: expected 'const char * restrict' but argument is of type 'uint8_t *' {aka 'unsigned char *'}
   38 | char    *strcpy (char *__restrict, const char *__restrict);
      |                                    ^
../Core/Src/main.c:1140:62: warning: pointer targets in passing argument 2 of 'HAL_UARTEx_ReceiveToIdle_IT' differ in signedness [-Wpointer-sign]
 1140 |         uart_received = HAL_UARTEx_ReceiveToIdle_IT(&huart2, rx_data, RX_BFR_SIZE);
      |                                                              ^~~~~~~
      |                                                              |
      |                                                              char *
In file included from ../Core/Inc/stm32f4xx_hal_conf.h:411,
                 from ../Drivers/STM32F4xx_HAL_Driver/Inc/stm32f4xx_hal.h:29,
                 from ../Core/Inc/main.h:30,
                 from ../Core/Src/main.c:20:
../Drivers/STM32F4xx_HAL_Driver/Inc/stm32f4xx_hal_uart.h:757:83: note: expected 'uint8_t *' {aka 'unsigned char *'} but argument is of type 'char *'
  757 | HAL_StatusTypeDef HAL_UARTEx_ReceiveToIdle_IT(UART_HandleTypeDef *huart, uint8_t *pData, uint16_t Size);
      |                                                                          ~~~~~~~~~^~~~~
../Core/Src/main.c: In function 'main':
../Core/Src/main.c:1193:56: warning: pointer targets in passing argument 2 of 'HAL_UARTEx_ReceiveToIdle_IT' differ in signedness [-Wpointer-sign]
 1193 |   uart_received = HAL_UARTEx_ReceiveToIdle_IT(&huart2, rx_data, RX_BFR_SIZE);
      |                                                        ^~~~~~~
      |                                                        |
      |                                                        char *
../Drivers/STM32F4xx_HAL_Driver/Inc/stm32f4xx_hal_uart.h:757:83: note: expected 'uint8_t *' {aka 'unsigned char *'} but argument is of type 'char *'
  757 | HAL_StatusTypeDef HAL_UARTEx_ReceiveToIdle_IT(UART_HandleTypeDef *huart, uint8_t *pData, uint16_t Size);
      |                                                                          ~~~~~~~~~^~~~~
../Core/Src/main.c: In function 'handle_state':
../Core/Src/main.c:910:17: warning: 'strncpy' output truncated before terminating nul copying 13 bytes from a string of the same length [-Wstringop-truncation]
  910 |                 strncpy(state, "PROBE_RELEASE", strlen("PROBE_RELEASE"));
      |                 ^~~~~~~~~~~~~~~~~~~~~~~~~~~~~~~~~~~~~~~~~~~~~~~~~~~~~~~~
../Core/Src/main.c:917:17: warning: 'strncpy' output truncated before terminating nul copying 9 bytes from a string of the same length [-Wstringop-truncation]
  917 |                 strncpy(state, "ASCENDING", strlen("ASCENDING"));
      |                 ^~~~~~~~~~~~~~~~~~~~~~~~~~~~~~~~~~~~~~~~~~~~~~~~
../Core/Src/main.c:923:17: warning: 'strncpy' output truncated before terminating nul copying 6 bytes from a string of the same length [-Wstringop-truncation]
  923 |                 strncpy(state, "APOGEE", strlen("APOGEE"));
      |                 ^~~~~~~~~~~~~~~~~~~~~~~~~~~~~~~~~~~~~~~~~~
../Core/Src/main.c:929:17: warning: 'strncpy' output truncated before terminating nul copying 10 bytes from a string of the same length [-Wstringop-truncation]
  929 |                 strncpy(state, "DESCENDING", strlen("DESCENDING"));
      |                 ^~~~~~~~~~~~~~~~~~~~~~~~~~~~~~~~~~~~~~~~~~~~~~~~~~
../Core/Src/main.c:935:17: warning: 'strncpy' output truncated before terminating nul copying 6 bytes from a string of the same length [-Wstringop-truncation]
  935 |                 strncpy(state, "LANDED", strlen("LANDED"));
      |                 ^~~~~~~~~~~~~~~~~~~~~~~~~~~~~~~~~~~~~~~~~~
../Core/Src/main.c:941:17: warning: 'strncpy' output truncated before terminating nul copying 10 bytes from a string of the same length [-Wstringop-truncation]
  941 |                 strncpy(state, "LAUNCH_PAD", strlen("LAUNCH_PAD"));
      |                 ^~~~~~~~~~~~~~~~~~~~~~~~~~~~~~~~~~~~~~~~~~~~~~~~~~
../Core/Src/main.c: In function 'handle_command':
../Core/Src/main.c:1044:25: warning: 'strncpy' output truncated before terminating nul copying 12 bytes from a string of the same length [-Wstringop-truncation]
 1044 |                         strncpy(state, "LAUNCH-READY", strlen("LAUNCH-READY"));
      |                         ^~~~~~~~~~~~~~~~~~~~~~~~~~~~~~~~~~~~~~~~~~~~~~~~~~~~~~
../Core/Src/main.c:1031:60: warning: ':' directive output may be truncated writing 1 byte into a region of size between 0 and 4 [-Wformat-truncation=]
 1031 |                         snprintf(cmd_echo, 11, "ST%02d:%02d:%02d", mission_time_hr, mission_time_min, mission_time_sec);
      |                                                            ^
../Core/Src/main.c:1031:48: note: directive argument in the range [-128, 127]
 1031 |                         snprintf(cmd_echo, 11, "ST%02d:%02d:%02d", mission_time_hr, mission_time_min, mission_time_sec);
      |                                                ^~~~~~~~~~~~~~~~~~
../Core/Src/main.c:1031:25: note: 'snprintf' output between 11 and 17 bytes into a destination of size 11
 1031 |                         snprintf(cmd_echo, 11, "ST%02d:%02d:%02d", mission_time_hr, mission_time_min, mission_time_sec);
      |                         ^~~~~~~~~~~~~~~~~~~~~~~~~~~~~~~~~~~~~~~~~~~~~~~~~~~~~~~~~~~~~~~~~~~~~~~~~~~~~~~~~~~~~~~~~~~~~~~
arm-none-eabi-gcc -o "Nucleo_Flight_Software.elf" @"objects.list"   -mcpu=cortex-m4 -T"C:\Users\brady\repos\UCI-CanSat-24-25\In-Flight-Software\Nucleo_Flight_Software\STM32F412ZGTX_FLASH.ld" --specs=nosys.specs -Wl,-Map="Nucleo_Flight_Software.map" -Wl,--gc-sections -static -u _printf_float --specs=nano.specs -mfpu=fpv4-sp-d16 -mfloat-abi=hard -mthumb -Wl,--start-group -lc -lm -Wl,--end-group
C:/ST/STM32CubeIDE_1.16.0/STM32CubeIDE/plugins/com.st.stm32cube.ide.mcu.externaltools.gnu-tools-for-stm32.12.3.rel1.win32_1.0.200.202406191623/tools/bin/../lib/gcc/arm-none-eabi/12.3.1/../../../../arm-none-eabi/bin/ld.exe: ./Drivers/STM32F4xx_HAL_Driver/Src/stm32f4xx_hal_tim.o: in function `HAL_TIM_IRQHandler':
C:/Users/brady/repos/UCI-CanSat-24-25/In-Flight-Software/Nucleo_Flight_Software/Debug/../Drivers/STM32F4xx_HAL_Driver/Src/stm32f4xx_hal_tim.c:3824: multiple definition of `HAL_TIM_IRQHandler'; ./Core/Src/main.o:C:/Users/brady/repos/UCI-CanSat-24-25/In-Flight-Software/Nucleo_Flight_Software/Debug/../Core/Src/main.c:308: first defined here
collect2.exe: error: ld returned 1 exit status
make: *** [makefile:64: Nucleo_Flight_Software.elf] Error 1
"make -j20 all" terminated with exit code 2. Build might be incomplete.
18:19:46 **** Incremental Build of configuration Debug for project Nucleo_Flight_Software ****
make -j20 all 
arm-none-eabi-gcc "../Core/Src/main.c" -mcpu=cortex-m4 -std=gnu11 -g3 -DDEBUG -DUSE_HAL_DRIVER -DSTM32F412Zx -c -I../Core/Inc -I../Drivers/STM32F4xx_HAL_Driver/Inc -I../Drivers/STM32F4xx_HAL_Driver/Inc/Legacy -I../Drivers/CMSIS/Device/ST/STM32F4xx/Include -I../Drivers/CMSIS/Include -O0 -ffunction-sections -fdata-sections -Wall -fstack-usage -fcyclomatic-complexity -MMD -MP -MF"Core/Src/main.d" -MT"Core/Src/main.o" --specs=nano.specs -mfpu=fpv4-sp-d16 -mfloat-abi=hard -mthumb -o "Core/Src/main.o"
arm-none-eabi-gcc "../Core/Src/stm32f4xx_it.c" -mcpu=cortex-m4 -std=gnu11 -g3 -DDEBUG -DUSE_HAL_DRIVER -DSTM32F412Zx -c -I../Core/Inc -I../Drivers/STM32F4xx_HAL_Driver/Inc -I../Drivers/STM32F4xx_HAL_Driver/Inc/Legacy -I../Drivers/CMSIS/Device/ST/STM32F4xx/Include -I../Drivers/CMSIS/Include -O0 -ffunction-sections -fdata-sections -Wall -fstack-usage -fcyclomatic-complexity -MMD -MP -MF"Core/Src/stm32f4xx_it.d" -MT"Core/Src/stm32f4xx_it.o" --specs=nano.specs -mfpu=fpv4-sp-d16 -mfloat-abi=hard -mthumb -o "Core/Src/stm32f4xx_it.o"
../Core/Src/main.c: In function 'Stepper_Correction':
../Core/Src/main.c:332:9: warning: implicit declaration of function 'read_MMC5603' [-Wimplicit-function-declaration]
  332 |         read_MMC5603();
      |         ^~~~~~~~~~~~
../Core/Src/main.c: At top level:
../Core/Src/main.c:520:6: warning: conflicting types for 'read_MMC5603'; have 'void(void)'
  520 | void read_MMC5603(void) {
      |      ^~~~~~~~~~~~
../Core/Src/main.c:332:9: note: previous implicit declaration of 'read_MMC5603' with type 'void(void)'
  332 |         read_MMC5603();
      |         ^~~~~~~~~~~~
../Core/Src/main.c: In function 'read_PA1010D':
../Core/Src/main.c:647:28: warning: pointer targets in passing argument 1 of 'parse_nmea' differ in signedness [-Wpointer-sign]
  647 |                 parse_nmea(pa_buf);
      |                            ^~~~~~
      |                            |
      |                            uint8_t * {aka unsigned char *}
../Core/Src/main.c:492:23: note: expected 'char *' but argument is of type 'uint8_t *' {aka 'unsigned char *'}
  492 | bool parse_nmea(char *buf){
      |                 ~~~~~~^~~
../Core/Src/main.c: In function 'init_PA1010D':
../Core/Src/main.c:792:36: warning: pointer targets in passing argument 1 of 'parse_nmea' differ in signedness [-Wpointer-sign]
  792 |                         parse_nmea(pa_buf);
      |                                    ^~~~~~
      |                                    |
      |                                    uint8_t * {aka unsigned char *}
../Core/Src/main.c:492:23: note: expected 'char *' but argument is of type 'uint8_t *' {aka 'unsigned char *'}
  492 | bool parse_nmea(char *buf){
      |                 ~~~~~~^~~
../Core/Src/main.c: In function 'HAL_UARTEx_RxEventCallback':
../Core/Src/main.c:1111:35: warning: pointer targets in initialization of 'char *' from 'uint8_t *' {aka 'unsigned char *'} differ in signedness [-Wpointer-sign]
 1111 |                 char *comma_pos = &rx_packet[Size - 3];  // Comma is 3 characters from the end (2 for checksum, 1 for comma)
      |                                   ^
../Core/Src/main.c:1119:69: warning: pointer targets in passing argument 1 of 'strtol' differ in signedness [-Wpointer-sign]
 1119 |                         uint8_t received_checksum = (uint8_t)strtol(&rx_packet[Size - 2], NULL, 16);  // Convert checksum to integer
      |                                                                     ^~~~~~~~~~~~~~~~~~~~
      |                                                                     |
      |                                                                     uint8_t * {aka unsigned char *}
In file included from ../Core/Src/main.c:29:
C:\ST\STM32CubeIDE_1.16.0\STM32CubeIDE\plugins\com.st.stm32cube.ide.mcu.externaltools.gnu-tools-for-stm32.12.3.rel1.win32_1.0.200.202406191623\tools\bin/../lib/gcc/arm-none-eabi/12.3.1/../../../../arm-none-eabi/include/stdlib.h:171:40: note: expected 'const char * restrict' but argument is of type 'uint8_t *' {aka 'unsigned char *'}
  171 | long    strtol (const char *__restrict __n, char **__restrict __end_PTR, int __base);
      |                 ~~~~~~~~~~~~~~~~~~~~~~~^~~
../Core/Src/main.c:1121:74: warning: pointer targets in passing argument 1 of 'calculate_checksum' differ in signedness [-Wpointer-sign]
 1121 |                         uint8_t calculated_checksum = calculate_checksum(&rx_packet[1]);
      |                                                                          ^~~~~~~~~~~~~
      |                                                                          |
      |                                                                          uint8_t * {aka unsigned char *}
../Core/Src/main.c:854:40: note: expected 'const char *' but argument is of type 'uint8_t *' {aka 'unsigned char *'}
  854 | uint8_t calculate_checksum(const char *data) {
      |                            ~~~~~~~~~~~~^~~~
../Core/Src/main.c:1125:56: warning: pointer targets in passing argument 2 of 'strcpy' differ in signedness [-Wpointer-sign]
 1125 |                                 strcpy(command_buffer, &rx_packet[1]);
      |                                                        ^~~~~~~~~~~~~
      |                                                        |
      |                                                        uint8_t * {aka unsigned char *}
In file included from ../Core/Src/main.c:26:
[...]
 1112 |                         uint8_t received_checksum = (uint8_t)strtol(&rx_packet[Size - 2], NULL, 16);  // Convert checksum to integer
      |                                                                     ^~~~~~~~~~~~~~~~~~~~
      |                                                                     |
      |                                                                     uint8_t * {aka unsigned char *}
In file included from ../Core/Src/main.c:29:
C:\ST\STM32CubeIDE_1.16.0\STM32CubeIDE\plugins\com.st.stm32cube.ide.mcu.externaltools.gnu-tools-for-stm32.12.3.rel1.win32_1.0.200.202406191623\tools\bin/../lib/gcc/arm-none-eabi/12.3.1/../../../../arm-none-eabi/include/stdlib.h:171:40: note: expected 'const char * restrict' but argument is of type 'uint8_t *' {aka 'unsigned char *'}
  171 | long    strtol (const char *__restrict __n, char **__restrict __end_PTR, int __base);
      |                 ~~~~~~~~~~~~~~~~~~~~~~~^~~
../Core/Src/main.c:1114:74: warning: pointer targets in passing argument 1 of 'calculate_checksum' differ in signedness [-Wpointer-sign]
 1114 |                         uint8_t calculated_checksum = calculate_checksum(&rx_packet[1]);
      |                                                                          ^~~~~~~~~~~~~
      |                                                                          |
      |                                                                          uint8_t * {aka unsigned char *}
../Core/Src/main.c:847:40: note: expected 'const char *' but argument is of type 'uint8_t *' {aka 'unsigned char *'}
  847 | uint8_t calculate_checksum(const char *data) {
      |                            ~~~~~~~~~~~~^~~~
../Core/Src/main.c:1118:56: warning: pointer targets in passing argument 2 of 'strcpy' differ in signedness [-Wpointer-sign]
 1118 |                                 strcpy(command_buffer, &rx_packet[1]);
      |                                                        ^~~~~~~~~~~~~
      |                                                        |
      |                                                        uint8_t * {aka unsigned char *}
In file included from ../Core/Src/main.c:26:
C:\ST\STM32CubeIDE_1.16.0\STM32CubeIDE\plugins\com.st.stm32cube.ide.mcu.externaltools.gnu-tools-for-stm32.12.3.rel1.win32_1.0.200.202406191623\tools\bin/../lib/gcc/arm-none-eabi/12.3.1/../../../../arm-none-eabi/include/string.h:38:36: note: expected 'const char * restrict' but argument is of type 'uint8_t *' {aka 'unsigned char *'}
   38 | char    *strcpy (char *__restrict, const char *__restrict);
      |                                    ^
../Core/Src/main.c:1125:62: warning: pointer targets in passing argument 2 of 'HAL_UARTEx_ReceiveToIdle_IT' differ in signedness [-Wpointer-sign]
 1125 |         uart_received = HAL_UARTEx_ReceiveToIdle_IT(&huart2, rx_data, RX_BFR_SIZE);
      |                                                              ^~~~~~~
      |                                                              |
      |                                                              char *
In file included from ../Core/Inc/stm32f4xx_hal_conf.h:411,
                 from ../Drivers/STM32F4xx_HAL_Driver/Inc/stm32f4xx_hal.h:29,
                 from ../Core/Inc/main.h:30,
                 from ../Core/Src/main.c:20:
../Drivers/STM32F4xx_HAL_Driver/Inc/stm32f4xx_hal_uart.h:757:83: note: expected 'uint8_t *' {aka 'unsigned char *'} but argument is of type 'char *'
  757 | HAL_StatusTypeDef HAL_UARTEx_ReceiveToIdle_IT(UART_HandleTypeDef *huart, uint8_t *pData, uint16_t Size);
      |                                                                          ~~~~~~~~~^~~~~
../Core/Src/main.c: In function 'main':
../Core/Src/main.c:1178:56: warning: pointer targets in passing argument 2 of 'HAL_UARTEx_ReceiveToIdle_IT' differ in signedness [-Wpointer-sign]
 1178 |   uart_received = HAL_UARTEx_ReceiveToIdle_IT(&huart2, rx_data, RX_BFR_SIZE);
      |                                                        ^~~~~~~
      |                                                        |
      |                                                        char *
../Drivers/STM32F4xx_HAL_Driver/Inc/stm32f4xx_hal_uart.h:757:83: note: expected 'uint8_t *' {aka 'unsigned char *'} but argument is of type 'char *'
  757 | HAL_StatusTypeDef HAL_UARTEx_ReceiveToIdle_IT(UART_HandleTypeDef *huart, uint8_t *pData, uint16_t Size);
      |                                                                          ~~~~~~~~~^~~~~
../Core/Src/main.c: In function 'handle_state':
../Core/Src/main.c:895:17: warning: 'strncpy' output truncated before terminating nul copying 13 bytes from a string of the same length [-Wstringop-truncation]
  895 |                 strncpy(state, "PROBE_RELEASE", strlen("PROBE_RELEASE"));
      |                 ^~~~~~~~~~~~~~~~~~~~~~~~~~~~~~~~~~~~~~~~~~~~~~~~~~~~~~~~
../Core/Src/main.c:902:17: warning: 'strncpy' output truncated before terminating nul copying 9 bytes from a string of the same length [-Wstringop-truncation]
  902 |                 strncpy(state, "ASCENDING", strlen("ASCENDING"));
      |                 ^~~~~~~~~~~~~~~~~~~~~~~~~~~~~~~~~~~~~~~~~~~~~~~~
../Core/Src/main.c:908:17: warning: 'strncpy' output truncated before terminating nul copying 6 bytes from a string of the same length [-Wstringop-truncation]
  908 |                 strncpy(state, "APOGEE", strlen("APOGEE"));
      |                 ^~~~~~~~~~~~~~~~~~~~~~~~~~~~~~~~~~~~~~~~~~
../Core/Src/main.c:914:17: warning: 'strncpy' output truncated before terminating nul copying 10 bytes from a string of the same length [-Wstringop-truncation]
  914 |                 strncpy(state, "DESCENDING", strlen("DESCENDING"));
      |                 ^~~~~~~~~~~~~~~~~~~~~~~~~~~~~~~~~~~~~~~~~~~~~~~~~~
../Core/Src/main.c:920:17: warning: 'strncpy' output truncated before terminating nul copying 6 bytes from a string of the same length [-Wstringop-truncation]
  920 |                 strncpy(state, "LANDED", strlen("LANDED"));
      |                 ^~~~~~~~~~~~~~~~~~~~~~~~~~~~~~~~~~~~~~~~~~
../Core/Src/main.c:926:17: warning: 'strncpy' output truncated before terminating nul copying 10 bytes from a string of the same length [-Wstringop-truncation]
  926 |                 strncpy(state, "LAUNCH_PAD", strlen("LAUNCH_PAD"));
      |                 ^~~~~~~~~~~~~~~~~~~~~~~~~~~~~~~~~~~~~~~~~~~~~~~~~~
../Core/Src/main.c: In function 'handle_command':
../Core/Src/main.c:1029:25: warning: 'strncpy' output truncated before terminating nul copying 12 bytes from a string of the same length [-Wstringop-truncation]
 1029 |                         strncpy(state, "LAUNCH-READY", strlen("LAUNCH-READY"));
      |                         ^~~~~~~~~~~~~~~~~~~~~~~~~~~~~~~~~~~~~~~~~~~~~~~~~~~~~~
../Core/Src/main.c:1016:60: warning: ':' directive output may be truncated writing 1 byte into a region of size between 0 and 4 [-Wformat-truncation=]
 1016 |                         snprintf(cmd_echo, 11, "ST%02d:%02d:%02d", mission_time_hr, mission_time_min, mission_time_sec);
      |                                                            ^
../Core/Src/main.c:1016:48: note: directive argument in the range [-128, 127]
 1016 |                         snprintf(cmd_echo, 11, "ST%02d:%02d:%02d", mission_time_hr, mission_time_min, mission_time_sec);
      |                                                ^~~~~~~~~~~~~~~~~~
../Core/Src/main.c:1016:25: note: 'snprintf' output between 11 and 17 bytes into a destination of size 11
 1016 |                         snprintf(cmd_echo, 11, "ST%02d:%02d:%02d", mission_time_hr, mission_time_min, mission_time_sec);
      |                         ^~~~~~~~~~~~~~~~~~~~~~~~~~~~~~~~~~~~~~~~~~~~~~~~~~~~~~~~~~~~~~~~~~~~~~~~~~~~~~~~~~~~~~~~~~~~~~~
arm-none-eabi-gcc -o "Nucleo_Flight_Software.elf" @"objects.list"   -mcpu=cortex-m4 -T"C:\Users\brady\repos\UCI-CanSat-24-25\In-Flight-Software\Nucleo_Flight_Software\STM32F412ZGTX_FLASH.ld" --specs=nosys.specs -Wl,-Map="Nucleo_Flight_Software.map" -Wl,--gc-sections -static -u _printf_float --specs=nano.specs -mfpu=fpv4-sp-d16 -mfloat-abi=hard -mthumb -Wl,--start-group -lc -lm -Wl,--end-group
Finished building target: Nucleo_Flight_Software.elf
 
arm-none-eabi-size  Nucleo_Flight_Software.elf 
arm-none-eabi-objdump -h -S Nucleo_Flight_Software.elf  > "Nucleo_Flight_Software.list"
   text	   data	    bss	    dec	    hex	filename
  62044	    672	   5248	  67964	  1097c	Nucleo_Flight_Software.elf
Finished building: default.size.stdout
 
Finished building: Nucleo_Flight_Software.list
 
16:13:32 **** Incremental Build of configuration Debug for project Nucleo_Flight_Software ****
make -j20 all 
arm-none-eabi-gcc "../Core/Src/main.c" -mcpu=cortex-m4 -std=gnu11 -g3 -DDEBUG -DUSE_HAL_DRIVER -DSTM32F412Zx -c -I../Core/Inc -I../Drivers/STM32F4xx_HAL_Driver/Inc -I../Drivers/STM32F4xx_HAL_Driver/Inc/Legacy -I../Drivers/CMSIS/Device/ST/STM32F4xx/Include -I../Drivers/CMSIS/Include -O0 -ffunction-sections -fdata-sections -Wall -fstack-usage -fcyclomatic-complexity -MMD -MP -MF"Core/Src/main.d" -MT"Core/Src/main.o" --specs=nano.specs -mfpu=fpv4-sp-d16 -mfloat-abi=hard -mthumb -o "Core/Src/main.o"
../Core/Src/main.c: In function 'Stepper_Correction':
../Core/Src/main.c:325:9: warning: implicit declaration of function 'read_MMC5603' [-Wimplicit-function-declaration]
  325 |         read_MMC5603();
      |         ^~~~~~~~~~~~
../Core/Src/main.c: At top level:
../Core/Src/main.c:513:6: warning: conflicting types for 'read_MMC5603'; have 'void(void)'
  513 | void read_MMC5603(void) {
      |      ^~~~~~~~~~~~
../Core/Src/main.c:325:9: note: previous implicit declaration of 'read_MMC5603' with type 'void(void)'
  325 |         read_MMC5603();
      |         ^~~~~~~~~~~~
../Core/Src/main.c: In function 'read_PA1010D':
../Core/Src/main.c:640:28: warning: pointer targets in passing argument 1 of 'parse_nmea' differ in signedness [-Wpointer-sign]
  640 |                 parse_nmea(pa_buf);
      |                            ^~~~~~
      |                            |
      |                            uint8_t * {aka unsigned char *}
../Core/Src/main.c:485:23: note: expected 'char *' but argument is of type 'uint8_t *' {aka 'unsigned char *'}
  485 | bool parse_nmea(char *buf){
      |                 ~~~~~~^~~
../Core/Src/main.c: In function 'init_PA1010D':
../Core/Src/main.c:785:36: warning: pointer targets in passing argument 1 of 'parse_nmea' differ in signedness [-Wpointer-sign]
  785 |                         parse_nmea(pa_buf);
      |                                    ^~~~~~
      |                                    |
      |                                    uint8_t * {aka unsigned char *}
../Core/Src/main.c:485:23: note: expected 'char *' but argument is of type 'uint8_t *' {aka 'unsigned char *'}
  485 | bool parse_nmea(char *buf){
      |                 ~~~~~~^~~
../Core/Src/main.c: In function 'HAL_UARTEx_RxEventCallback':
../Core/Src/main.c:1104:35: warning: pointer targets in initialization of 'char *' from 'uint8_t *' {aka 'unsigned char *'} differ in signedness [-Wpointer-sign]
 1104 |                 char *comma_pos = &rx_packet[Size - 3];  // Comma is 3 characters from the end (2 for checksum, 1 for comma)
      |                                   ^
../Core/Src/main.c:1112:69: warning: pointer targets in passing argument 1 of 'strtol' differ in signedness [-Wpointer-sign]
 1112 |                         uint8_t received_checksum = (uint8_t)strtol(&rx_packet[Size - 2], NULL, 16);  // Convert checksum to integer
      |                                                                     ^~~~~~~~~~~~~~~~~~~~
      |                                                                     |
      |                                                                     uint8_t * {aka unsigned char *}
In file included from ../Core/Src/main.c:29:
C:\ST\STM32CubeIDE_1.16.0\STM32CubeIDE\plugins\com.st.stm32cube.ide.mcu.externaltools.gnu-tools-for-stm32.12.3.rel1.win32_1.0.200.202406191623\tools\bin/../lib/gcc/arm-none-eabi/12.3.1/../../../../arm-none-eabi/include/stdlib.h:171:40: note: expected 'const char * restrict' but argument is of type 'uint8_t *' {aka 'unsigned char *'}
  171 | long    strtol (const char *__restrict __n, char **__restrict __end_PTR, int __base);
      |                 ~~~~~~~~~~~~~~~~~~~~~~~^~~
../Core/Src/main.c:1114:74: warning: pointer targets in passing argument 1 of 'calculate_checksum' differ in signedness [-Wpointer-sign]
 1114 |                         uint8_t calculated_checksum = calculate_checksum(&rx_packet[1]);
      |                                                                          ^~~~~~~~~~~~~
      |                                                                          |
      |                                                                          uint8_t * {aka unsigned char *}
../Core/Src/main.c:847:40: note: expected 'const char *' but argument is of type 'uint8_t *' {aka 'unsigned char *'}
  847 | uint8_t calculate_checksum(const char *data) {
      |                            ~~~~~~~~~~~~^~~~
../Core/Src/main.c:1118:56: warning: pointer targets in passing argument 2 of 'strcpy' differ in signedness [-Wpointer-sign]
 1118 |                                 strcpy(command_buffer, &rx_packet[1]);
      |                                                        ^~~~~~~~~~~~~
      |                                                        |
      |                                                        uint8_t * {aka unsigned char *}
In file included from ../Core/Src/main.c:26:
C:\ST\STM32CubeIDE_1.16.0\STM32CubeIDE\plugins\com.st.stm32cube.ide.mcu.externaltools.gnu-tools-for-stm32.12.3.rel1.win32_1.0.200.202406191623\tools\bin/../lib/gcc/arm-none-eabi/12.3.1/../../../../arm-none-eabi/include/string.h:38:36: note: expected 'const char * restrict' but argument is of type 'uint8_t *' {aka 'unsigned char *'}
   38 | char    *strcpy (char *__restrict, const char *__restrict);
      |                                    ^
../Core/Src/main.c:1125:62: warning: pointer targets in passing argument 2 of 'HAL_UARTEx_ReceiveToIdle_IT' differ in signedness [-Wpointer-sign]
 1125 |         uart_received = HAL_UARTEx_ReceiveToIdle_IT(&huart2, rx_data, RX_BFR_SIZE);
      |                                                              ^~~~~~~
      |                                                              |
      |                                                              char *
In file included from ../Core/Inc/stm32f4xx_hal_conf.h:411,
                 from ../Drivers/STM32F4xx_HAL_Driver/Inc/stm32f4xx_hal.h:29,
                 from ../Core/Inc/main.h:30,
                 from ../Core/Src/main.c:20:
../Drivers/STM32F4xx_HAL_Driver/Inc/stm32f4xx_hal_uart.h:757:83: note: expected 'uint8_t *' {aka 'unsigned char *'} but argument is of type 'char *'
  757 | HAL_StatusTypeDef HAL_UARTEx_ReceiveToIdle_IT(UART_HandleTypeDef *huart, uint8_t *pData, uint16_t Size);
      |                                                                          ~~~~~~~~~^~~~~
../Core/Src/main.c: In function 'main':
../Core/Src/main.c:1178:56: warning: pointer targets in passing argument 2 of 'HAL_UARTEx_ReceiveToIdle_IT' differ in signedness [-Wpointer-sign]
 1178 |   uart_received = HAL_UARTEx_ReceiveToIdle_IT(&huart2, rx_data, RX_BFR_SIZE);
      |                                                        ^~~~~~~
      |                                                        |
      |                                                        char *
../Drivers/STM32F4xx_HAL_Driver/Inc/stm32f4xx_hal_uart.h:757:83: note: expected 'uint8_t *' {aka 'unsigned char *'} but argument is of type 'char *'
  757 | HAL_StatusTypeDef HAL_UARTEx_ReceiveToIdle_IT(UART_HandleTypeDef *huart, uint8_t *pData, uint16_t Size);
      |                                                                          ~~~~~~~~~^~~~~
../Core/Src/main.c: In function 'handle_state':
../Core/Src/main.c:895:17: warning: 'strncpy' output truncated before terminating nul copying 13 bytes from a string of the same length [-Wstringop-truncation]
  895 |                 strncpy(state, "PROBE_RELEASE", strlen("PROBE_RELEASE"));
      |                 ^~~~~~~~~~~~~~~~~~~~~~~~~~~~~~~~~~~~~~~~~~~~~~~~~~~~~~~~
../Core/Src/main.c:902:17: warning: 'strncpy' output truncated before terminating nul copying 9 bytes from a string of the same length [-Wstringop-truncation]
  902 |                 strncpy(state, "ASCENDING", strlen("ASCENDING"));
      |                 ^~~~~~~~~~~~~~~~~~~~~~~~~~~~~~~~~~~~~~~~~~~~~~~~
../Core/Src/main.c:908:17: warning: 'strncpy' output truncated before terminating nul copying 6 bytes from a string of the same length [-Wstringop-truncation]
  908 |                 strncpy(state, "APOGEE", strlen("APOGEE"));
      |                 ^~~~~~~~~~~~~~~~~~~~~~~~~~~~~~~~~~~~~~~~~~
../Core/Src/main.c:914:17: warning: 'strncpy' output truncated before terminating nul copying 10 bytes from a string of the same length [-Wstringop-truncation]
  914 |                 strncpy(state, "DESCENDING", strlen("DESCENDING"));
      |                 ^~~~~~~~~~~~~~~~~~~~~~~~~~~~~~~~~~~~~~~~~~~~~~~~~~
../Core/Src/main.c:920:17: warning: 'strncpy' output truncated before terminating nul copying 6 bytes from a string of the same length [-Wstringop-truncation]
  920 |                 strncpy(state, "LANDED", strlen("LANDED"));
      |                 ^~~~~~~~~~~~~~~~~~~~~~~~~~~~~~~~~~~~~~~~~~
../Core/Src/main.c:926:17: warning: 'strncpy' output truncated before terminating nul copying 10 bytes from a string of the same length [-Wstringop-truncation]
  926 |                 strncpy(state, "LAUNCH_PAD", strlen("LAUNCH_PAD"));
      |                 ^~~~~~~~~~~~~~~~~~~~~~~~~~~~~~~~~~~~~~~~~~~~~~~~~~
../Core/Src/main.c: In function 'handle_command':
../Core/Src/main.c:1029:25: warning: 'strncpy' output truncated before terminating nul copying 12 bytes from a string of the same length [-Wstringop-truncation]
 1029 |                         strncpy(state, "LAUNCH-READY", strlen("LAUNCH-READY"));
      |                         ^~~~~~~~~~~~~~~~~~~~~~~~~~~~~~~~~~~~~~~~~~~~~~~~~~~~~~
../Core/Src/main.c:1016:60: warning: ':' directive output may be truncated writing 1 byte into a region of size between 0 and 4 [-Wformat-truncation=]
 1016 |                         snprintf(cmd_echo, 11, "ST%02d:%02d:%02d", mission_time_hr, mission_time_min, mission_time_sec);
      |                                                            ^
../Core/Src/main.c:1016:48: note: directive argument in the range [-128, 127]
 1016 |                         snprintf(cmd_echo, 11, "ST%02d:%02d:%02d", mission_time_hr, mission_time_min, mission_time_sec);
      |                                                ^~~~~~~~~~~~~~~~~~
../Core/Src/main.c:1016:25: note: 'snprintf' output between 11 and 17 bytes into a destination of size 11
 1016 |                         snprintf(cmd_echo, 11, "ST%02d:%02d:%02d", mission_time_hr, mission_time_min, mission_time_sec);
      |                         ^~~~~~~~~~~~~~~~~~~~~~~~~~~~~~~~~~~~~~~~~~~~~~~~~~~~~~~~~~~~~~~~~~~~~~~~~~~~~~~~~~~~~~~~~~~~~~~
arm-none-eabi-gcc -o "Nucleo_Flight_Software.elf" @"objects.list"   -mcpu=cortex-m4 -T"C:\Users\brady\repos\UCI-CanSat-24-25\In-Flight-Software\Nucleo_Flight_Software\STM32F412ZGTX_FLASH.ld" --specs=nosys.specs -Wl,-Map="Nucleo_Flight_Software.map" -Wl,--gc-sections -static -u _printf_float --specs=nano.specs -mfpu=fpv4-sp-d16 -mfloat-abi=hard -mthumb -Wl,--start-group -lc -lm -Wl,--end-group
Finished building target: Nucleo_Flight_Software.elf
 
arm-none-eabi-size  Nucleo_Flight_Software.elf 
arm-none-eabi-objdump -h -S Nucleo_Flight_Software.elf  > "Nucleo_Flight_Software.list"
   text	   data	    bss	    dec	    hex	filename
  62036	    672	   5248	  67956	  10974	Nucleo_Flight_Software.elf
Finished building: default.size.stdout
 
Finished building: Nucleo_Flight_Software.list
 
