22:29:16 **** Incremental Build of configuration Debug for project Nucleo_Flight_Software ****
make -j20 all 
arm-none-eabi-gcc "../Core/Src/main.c" -mcpu=cortex-m4 -std=gnu11 -g3 -DDEBUG -DUSE_HAL_DRIVER -DSTM32F412Zx -c -I../Core/Inc -I../Drivers/STM32F4xx_HAL_Driver/Inc -I../Drivers/STM32F4xx_HAL_Driver/Inc/Legacy -I../Drivers/CMSIS/Device/ST/STM32F4xx/Include -I../Drivers/CMSIS/Include -O0 -ffunction-sections -fdata-sections -Wall -fstack-usage -fcyclomatic-complexity -MMD -MP -MF"Core/Src/main.d" -MT"Core/Src/main.o" --specs=nano.specs -mfpu=fpv4-sp-d16 -mfloat-abi=hard -mthumb -o "Core/Src/main.o"
../Core/Src/main.c: In function 'read_PA1010D':
../Core/Src/main.c:554:28: warning: pointer targets in passing argument 1 of 'parse_nmea' differ in signedness [-Wpointer-sign]
  554 |                 parse_nmea(pa_buf);
      |                            ^~~~~~
      |                            |
      |                            uint8_t * {aka unsigned char *}
../Core/Src/main.c:399:23: note: expected 'char *' but argument is of type 'uint8_t *' {aka 'unsigned char *'}
  399 | bool parse_nmea(char *buf){
      |                 ~~~~~~^~~
../Core/Src/main.c: In function 'init_PA1010D':
../Core/Src/main.c:672:36: warning: pointer targets in passing argument 1 of 'parse_nmea' differ in signedness [-Wpointer-sign]
  672 |                         parse_nmea(pa_buf);
      |                                    ^~~~~~
      |                                    |
      |                                    uint8_t * {aka unsigned char *}
../Core/Src/main.c:399:23: note: expected 'char *' but argument is of type 'uint8_t *' {aka 'unsigned char *'}
  399 | bool parse_nmea(char *buf){
      |                 ~~~~~~^~~
../Core/Src/main.c: In function 'HAL_UARTEx_RxEventCallback':
../Core/Src/main.c:975:35: warning: pointer targets in initialization of 'char *' from 'uint8_t *' {aka 'unsigned char *'} differ in signedness [-Wpointer-sign]
  975 |                 char *comma_pos = &rx_packet[Size - 3];  // Comma is 3 characters from the end (2 for checksum, 1 for comma)
      |                                   ^
../Core/Src/main.c:983:69: warning: pointer targets in passing argument 1 of 'strtol' differ in signedness [-Wpointer-sign]
  983 |                         uint8_t received_checksum = (uint8_t)strtol(&rx_packet[Size - 2], NULL, 16);  // Convert checksum to integer
      |                                                                     ^~~~~~~~~~~~~~~~~~~~
      |                                                                     |
      |                                                                     uint8_t * {aka unsigned char *}
In file included from ../Core/Src/main.c:29:
C:\ST\STM32CubeIDE_1.16.0\STM32CubeIDE\plugins\com.st.stm32cube.ide.mcu.externaltools.gnu-tools-for-stm32.12.3.rel1.win32_1.0.200.202406191623\tools\bin/../lib/gcc/arm-none-eabi/12.3.1/../../../../arm-none-eabi/include/stdlib.h:171:40: note: expected 'const char * restrict' but argument is of type 'uint8_t *' {aka 'unsigned char *'}
  171 | long    strtol (const char *__restrict __n, char **__restrict __end_PTR, int __base);
      |                 ~~~~~~~~~~~~~~~~~~~~~~~^~~
../Core/Src/main.c:985:74: warning: pointer targets in passing argument 1 of 'calculate_checksum' differ in signedness [-Wpointer-sign]
  985 |                         uint8_t calculated_checksum = calculate_checksum(&rx_packet[1]);
      |                                                                          ^~~~~~~~~~~~~
      |                                                                          |
      |                                                                          uint8_t * {aka unsigned char *}
../Core/Src/main.c:729:40: note: expected 'const char *' but argument is of type 'uint8_t *' {aka 'unsigned char *'}
  729 | uint8_t calculate_checksum(const char *data) {
      |                            ~~~~~~~~~~~~^~~~
../Core/Src/main.c:989:56: warning: pointer targets in passing argument 2 of 'strcpy' differ in signedness [-Wpointer-sign]
  989 |                                 strcpy(command_buffer, &rx_packet[1]);
      |                                                        ^~~~~~~~~~~~~
      |                                                        |
      |                                                        uint8_t * {aka unsigned char *}
In file included from ../Core/Src/main.c:26:
C:\ST\STM32CubeIDE_1.16.0\STM32CubeIDE\plugins\com.st.stm32cube.ide.mcu.externaltools.gnu-tools-for-stm32.12.3.rel1.win32_1.0.200.202406191623\tools\bin/../lib/gcc/arm-none-eabi/12.3.1/../../../../arm-none-eabi/include/string.h:38:36: note: expected 'const char * restrict' but argument is of type 'uint8_t *' {aka 'unsigned char *'}
   38 | char    *strcpy (char *__restrict, const char *__restrict);
      |                                    ^
../Core/Src/main.c:996:62: warning: pointer targets in passing argument 2 of 'HAL_UARTEx_ReceiveToIdle_IT' differ in signedness [-Wpointer-sign]
  996 |         uart_received = HAL_UARTEx_ReceiveToIdle_IT(&huart2, rx_data, RX_BFR_SIZE);
      |                                                              ^~~~~~~
      |                                                              |
      |                                                              char *
In file included from ../Core/Inc/stm32f4xx_hal_conf.h:411,
                 from ../Drivers/STM32F4xx_HAL_Driver/Inc/stm32f4xx_hal.h:29,
                 from ../Core/Inc/main.h:30,
                 from ../Core/Src/main.c:20:
../Drivers/STM32F4xx_HAL_Driver/Inc/stm32f4xx_hal_uart.h:757:83: note: expected 'uint8_t *' {aka 'unsigned char *'} but argument is of type 'char *'
  757 | HAL_StatusTypeDef HAL_UARTEx_ReceiveToIdle_IT(UART_HandleTypeDef *huart, uint8_t *pData, uint16_t Size);
      |                                                                          ~~~~~~~~~^~~~~
../Core/Src/main.c: In function 'main':
../Core/Src/main.c:1072:56: warning: pointer targets in passing argument 2 of 'HAL_UARTEx_ReceiveToIdle_IT' differ in signedness [-Wpointer-sign]
 1072 |   uart_received = HAL_UARTEx_ReceiveToIdle_IT(&huart2, rx_data, RX_BFR_SIZE);
      |                                                        ^~~~~~~
      |                                                        |
      |                                                        char *
../Drivers/STM32F4xx_HAL_Driver/Inc/stm32f4xx_hal_uart.h:757:83: note: expected 'uint8_t *' {aka 'unsigned char *'} but argument is of type 'char *'
  757 | HAL_StatusTypeDef HAL_UARTEx_ReceiveToIdle_IT(UART_HandleTypeDef *huart, uint8_t *pData, uint16_t Size);
      |                                                                          ~~~~~~~~~^~~~~
../Core/Src/main.c: In function 'handle_state':
../Core/Src/main.c:777:17: warning: 'strncpy' output truncated before terminating nul copying 13 bytes from a string of the same length [-Wstringop-truncation]
  777 |                 strncpy(state, "PROBE_RELEASE", strlen("PROBE_RELEASE"));
      |                 ^~~~~~~~~~~~~~~~~~~~~~~~~~~~~~~~~~~~~~~~~~~~~~~~~~~~~~~~
../Core/Src/main.c:784:17: warning: 'strncpy' output truncated before terminating nul copying 9 bytes from a string of the same length [-Wstringop-truncation]
  784 |                 strncpy(state, "ASCENDING", strlen("ASCENDING"));
      |                 ^~~~~~~~~~~~~~~~~~~~~~~~~~~~~~~~~~~~~~~~~~~~~~~~
../Core/Src/main.c:790:17: warning: 'strncpy' output truncated before terminating nul copying 6 bytes from a string of the same length [-Wstringop-truncation]
  790 |                 strncpy(state, "APOGEE", strlen("APOGEE"));
      |                 ^~~~~~~~~~~~~~~~~~~~~~~~~~~~~~~~~~~~~~~~~~
../Core/Src/main.c:796:17: warning: 'strncpy' output truncated before terminating nul copying 10 bytes from a string of the same length [-Wstringop-truncation]
  796 |                 strncpy(state, "DESCENDING", strlen("DESCENDING"));
      |                 ^~~~~~~~~~~~~~~~~~~~~~~~~~~~~~~~~~~~~~~~~~~~~~~~~~
../Core/Src/main.c:802:17: warning: 'strncpy' output truncated before terminating nul copying 6 bytes from a string of the same length [-Wstringop-truncation]
  802 |                 strncpy(state, "LANDED", strlen("LANDED"));
      |                 ^~~~~~~~~~~~~~~~~~~~~~~~~~~~~~~~~~~~~~~~~~
../Core/Src/main.c:808:17: warning: 'strncpy' output truncated before terminating nul copying 10 bytes from a string of the same length [-Wstringop-truncation]
  808 |                 strncpy(state, "LAUNCH_PAD", strlen("LAUNCH_PAD"));
      |                 ^~~~~~~~~~~~~~~~~~~~~~~~~~~~~~~~~~~~~~~~~~~~~~~~~~
../Core/Src/main.c: In function 'handle_command':
../Core/Src/main.c:911:25: warning: 'strncpy' output truncated before terminating nul copying 12 bytes from a string of the same length [-Wstringop-truncation]
  911 |                         strncpy(state, "LAUNCH-READY", strlen("LAUNCH-READY"));
      |                         ^~~~~~~~~~~~~~~~~~~~~~~~~~~~~~~~~~~~~~~~~~~~~~~~~~~~~~
../Core/Src/main.c:898:60: warning: ':' directive output may be truncated writing 1 byte into a region of size between 0 and 4 [-Wformat-truncation=]
  898 |                         snprintf(cmd_echo, 11, "ST%02d:%02d:%02d", mission_time_hr, mission_time_min, mission_time_sec);
      |                                                            ^
../Core/Src/main.c:898:48: note: directive argument in the range [-128, 127]
  898 |                         snprintf(cmd_echo, 11, "ST%02d:%02d:%02d", mission_time_hr, mission_time_min, mission_time_sec);
      |                                                ^~~~~~~~~~~~~~~~~~
../Core/Src/main.c:898:25: note: 'snprintf' output between 11 and 17 bytes into a destination of size 11
  898 |                         snprintf(cmd_echo, 11, "ST%02d:%02d:%02d", mission_time_hr, mission_time_min, mission_time_sec);
      |                         ^~~~~~~~~~~~~~~~~~~~~~~~~~~~~~~~~~~~~~~~~~~~~~~~~~~~~~~~~~~~~~~~~~~~~~~~~~~~~~~~~~~~~~~~~~~~~~~
arm-none-eabi-gcc -o "Nucleo_Flight_Software.elf" @"objects.list"   -mcpu=cortex-m4 -T"C:\Users\brady\repos\UCI-CanSat-24-25\In-Flight-Software\Nucleo_Flight_Software\STM32F412ZGTX_FLASH.ld" --specs=nosys.specs -Wl,-Map="Nucleo_Flight_Software.map" -Wl,--gc-sections -static -u _printf_float --specs=nano.specs -mfpu=fpv4-sp-d16 -mfloat-abi=hard -mthumb -Wl,--start-group -lc -lm -Wl,--end-group
Finished building target: Nucleo_Flight_Software.elf
 
arm-none-eabi-size  Nucleo_Flight_Software.elf 
arm-none-eabi-objdump -h -S Nucleo_Flight_Software.elf  > "Nucleo_Flight_Software.list"
   text	   data	    bss	    dec	    hex	filename
  56284	    668	   5004	  61956	   f204	Nucleo_Flight_Software.elf
Finished building: default.size.stdout
 
Finished building: Nucleo_Flight_Software.list
 

22:29:17 Build Finished. 0 errors, 16 warnings. (took 1s.424ms)

