15:16:27 **** Incremental Build of configuration Debug for project Nucleo_Flight_Software ****
make -j20 all 
arm-none-eabi-gcc "../Core/Src/main.c" -mcpu=cortex-m4 -std=gnu11 -g3 -DDEBUG -DUSE_HAL_DRIVER -DSTM32F412Zx -c -I../Core/Inc -I../Drivers/STM32F4xx_HAL_Driver/Inc -I../Drivers/STM32F4xx_HAL_Driver/Inc/Legacy -I../Drivers/CMSIS/Device/ST/STM32F4xx/Include -I../Drivers/CMSIS/Include -O0 -ffunction-sections -fdata-sections -Wall -fstack-usage -fcyclomatic-complexity -MMD -MP -MF"Core/Src/main.d" -MT"Core/Src/main.o" --specs=nano.specs -mfpu=fpv4-sp-d16 -mfloat-abi=hard -mthumb -o "Core/Src/main.o"
../Core/Src/main.c: In function 'read_PA1010D':
../Core/Src/main.c:401:20: warning: pointer targets in passing argument 1 of 'parse_nmea' differ in signedness [-Wpointer-sign]
  401 |         parse_nmea(pa_buf);
      |                    ^~~~~~
      |                    |
      |                    uint8_t * {aka unsigned char *}
../Core/Src/main.c:252:23: note: expected 'char *' but argument is of type 'uint8_t *' {aka 'unsigned char *'}
  252 | bool parse_nmea(char *buf){
      |                 ~~~~~~^~~
../Core/Src/main.c: In function 'init_PA1010D':
../Core/Src/main.c:515:36: warning: pointer targets in passing argument 1 of 'parse_nmea' differ in signedness [-Wpointer-sign]
  515 |                         parse_nmea(pa_buf);
      |                                    ^~~~~~
      |                                    |
      |                                    uint8_t * {aka unsigned char *}
../Core/Src/main.c:252:23: note: expected 'char *' but argument is of type 'uint8_t *' {aka 'unsigned char *'}
  252 | bool parse_nmea(char *buf){
      |                 ~~~~~~^~~
../Core/Src/main.c: In function 'create_telemetry':
../Core/Src/main.c:568:125: warning: format '%d' expects argument of type 'int', but argument 23 has type 'double' [-Wformat=]
  568 |                                 "@1=%s,%02d:%02d:%02d,%d,%c,%s,%.1f,%.1f,%.1f,%.1f,%.1f,%.1f,%.1f,%.1f,%.1f,%.1f,%.1f,%.1f,%d,%02d:%02d:%02d,%.1f,%.4f,%.4f,%d,%s",
      |                                                                                                                            ~^
      |                                                                                                                             |
      |                                                                                                                             int
      |                                                                                                                            %f
......
  586 |                                 mag_z,
      |                                 ~~~~~                                                                                        
      |                                 |
      |                                 double
../Core/Src/main.c:568:130: warning: format '%d' expects argument of type 'int', but argument 24 has type 'double' [-Wformat=]
  568 |                                 "@1=%s,%02d:%02d:%02d,%d,%c,%s,%.1f,%.1f,%.1f,%.1f,%.1f,%.1f,%.1f,%.1f,%.1f,%.1f,%.1f,%.1f,%d,%02d:%02d:%02d,%.1f,%.4f,%.4f,%d,%s",
      |                                                                                                                               ~~~^
      |                                                                                                                                  |
      |                                                                                                                                  int
      |                                                                                                                               %02f
......
  587 |                                 auto_gyro_rotation_rate,
      |                                 ~~~~~~~~~~~~~~~~~~~~~~~                                                                           
      |                                 |
      |                                 double
../Core/Src/main.c:568:145: warning: format '%f' expects argument of type 'double', but argument 27 has type 'int' [-Wformat=]
  568 |                                 "@1=%s,%02d:%02d:%02d,%d,%c,%s,%.1f,%.1f,%.1f,%.1f,%.1f,%.1f,%.1f,%.1f,%.1f,%.1f,%.1f,%.1f,%d,%02d:%02d:%02d,%.1f,%.4f,%.4f,%d,%s",
      |                                                                                                                                              ~~~^
      |                                                                                                                                                 |
      |                                                                                                                                                 double
      |                                                                                                                                              %.1d
......
  588 |                                 gps_time_hr, gps_time_min, gps_time_sec,
      |                                                            ~~~~~~~~~~~~                                                                          
      |                                                            |
      |                                                            int
../Core/Src/main.c:568:158: warning: format '%d' expects argument of type 'int', but argument 30 has type 'double' [-Wformat=]
  568 |                                 "@1=%s,%02d:%02d:%02d,%d,%c,%s,%.1f,%.1f,%.1f,%.1f,%.1f,%.1f,%.1f,%.1f,%.1f,%.1f,%.1f,%.1f,%d,%02d:%02d:%02d,%.1f,%.4f,%.4f,%d,%s",
      |                                                                                                                                                             ~^
      |                                                                                                                                                              |
      |                                                                                                                                                              int
      |                                                                                                                                                             %f
......
  591 |                                 gps_longitude,
      |                                 ~~~~~~~~~~~~~                                                                                                                 
      |                                 |
      |                                 double
../Core/Src/main.c:568:161: warning: format '%s' expects argument of type 'char *', but argument 31 has type 'int' [-Wformat=]
  568 |                                 "@1=%s,%02d:%02d:%02d,%d,%c,%s,%.1f,%.1f,%.1f,%.1f,%.1f,%.1f,%.1f,%.1f,%.1f,%.1f,%.1f,%.1f,%d,%02d:%02d:%02d,%.1f,%.4f,%.4f,%d,%s",
      |                                                                                                                                                                ~^
      |                                                                                                                                                                 |
      |                                                                                                                                                                 char *
      |                                                                                                                                                                %d
......
  592 |                                 gps_sats,
      |                                 ~~~~~~~~                                                                                                                         
      |                                 |
      |                                 int
../Core/Src/main.c:568:33: warning: too many arguments for format [-Wformat-extra-args]
  568 |                                 "@1=%s,%02d:%02d:%02d,%d,%c,%s,%.1f,%.1f,%.1f,%.1f,%.1f,%.1f,%.1f,%.1f,%.1f,%.1f,%.1f,%.1f,%d,%02d:%02d:%02d,%.1f,%.4f,%.4f,%d,%s",
      |                                 ^~~~~~~~~~~~~~~~~~~~~~~~~~~~~~~~~~~~~~~~~~~~~~~~~~~~~~~~~~~~~~~~~~~~~~~~~~~~~~~~~~~~~~~~~~~~~~~~~~~~~~~~~~~~~~~~~~~~~~~~~~~~~~~~~~
../Core/Src/main.c:598:21: warning: multi-character character constant [-Wmultichar]
  598 |         memset(ret, '/0', sizeof(ret));
      |                     ^~~~
../Core/Src/main.c:598:33: warning: argument to 'sizeof' in 'memset' call is the same expression as the destination; did you mean to provide an explicit length? [-Wsizeof-pointer-memaccess]
  598 |         memset(ret, '/0', sizeof(ret));
      |                                 ^
../Core/Src/main.c: In function 'handle_command':
../Core/Src/main.c:762:63: warning: conversion lacks type at end of format [-Wformat=]
  762 |                         snprintf(cmd_echo, 11, "ST%02d:%02d:%02", mission_time_hr, mission_time_min, mission_time_sec);
      |                                                               ^
../Core/Src/main.c:762:48: warning: too many arguments for format [-Wformat-extra-args]
  762 |                         snprintf(cmd_echo, 11, "ST%02d:%02d:%02", mission_time_hr, mission_time_min, mission_time_sec);
      |                                                ^~~~~~~~~~~~~~~~~
../Core/Src/main.c: In function 'HAL_UARTEx_RxEventCallback':
../Core/Src/main.c:826:62: warning: pointer targets in passing argument 2 of 'HAL_UARTEx_ReceiveToIdle_IT' differ in signedness [-Wpointer-sign]
  826 |         uart_received = HAL_UARTEx_ReceiveToIdle_IT(&huart2, rx_data, RX_BFR_SIZE);
      |                                                              ^~~~~~~
      |                                                              |
      |                                                              char *
In file included from ../Core/Inc/stm32f4xx_hal_conf.h:411,
                 from ../Drivers/STM32F4xx_HAL_Driver/Inc/stm32f4xx_hal.h:29,
                 from ../Core/Inc/main.h:30,
                 from ../Core/Src/main.c:20:
../Drivers/STM32F4xx_HAL_Driver/Inc/stm32f4xx_hal_uart.h:757:83: note: expected 'uint8_t *' {aka 'unsigned char *'} but argument is of type 'char *'
  757 | HAL_StatusTypeDef HAL_UARTEx_ReceiveToIdle_IT(UART_HandleTypeDef *huart, uint8_t *pData, uint16_t Size);
      |                                                                          ~~~~~~~~~^~~~~
../Core/Src/main.c: In function 'main':
../Core/Src/main.c:867:56: warning: pointer targets in passing argument 2 of 'HAL_UARTEx_ReceiveToIdle_IT' differ in signedness [-Wpointer-sign]
  867 |   uart_received = HAL_UARTEx_ReceiveToIdle_IT(&huart2, rx_data, RX_BFR_SIZE);
      |                                                        ^~~~~~~
      |                                                        |
      |                                                        char *
../Drivers/STM32F4xx_HAL_Driver/Inc/stm32f4xx_hal_uart.h:757:83: note: expected 'uint8_t *' {aka 'unsigned char *'} but argument is of type 'char *'
  757 | HAL_StatusTypeDef HAL_UARTEx_ReceiveToIdle_IT(UART_HandleTypeDef *huart, uint8_t *pData, uint16_t Size);
      |                                                                          ~~~~~~~~~^~~~~
../Core/Src/main.c: In function 'handle_command':
../Core/Src/main.c:775:25: warning: 'strncpy' output truncated before terminating nul copying 12 bytes from a string of the same length [-Wstringop-truncation]
  775 |                         strncpy(state, "LAUNCH-READY", strlen("LAUNCH-READY"));
      |                         ^~~~~~~~~~~~~~~~~~~~~~~~~~~~~~~~~~~~~~~~~~~~~~~~~~~~~~
../Core/Src/main.c:762:60: warning: ':' directive output may be truncated writing 1 byte into a region of size between 0 and 4 [-Wformat-truncation=]
  762 |                         snprintf(cmd_echo, 11, "ST%02d:%02d:%02", mission_time_hr, mission_time_min, mission_time_sec);
      |                                                            ^
arm-none-eabi-gcc -o "Nucleo_Flight_Software.elf" @"objects.list"   -mcpu=cortex-m4 -T"C:\Users\brady\repos\UCI-CanSat-24-25\In-Flight-Software\Nucleo_Flight_Software\STM32F412ZGTX_FLASH.ld" --specs=nosys.specs -Wl,-Map="Nucleo_Flight_Software.map" -Wl,--gc-sections -static -u _printf_float --specs=nano.specs -mfpu=fpv4-sp-d16 -mfloat-abi=hard -mthumb -Wl,--start-group -lc -lm -Wl,--end-group
Finished building target: Nucleo_Flight_Software.elf
 
arm-none-eabi-size  Nucleo_Flight_Software.elf 
arm-none-eabi-objdump -h -S Nucleo_Flight_Software.elf  > "Nucleo_Flight_Software.list"
   text	   data	    bss	    dec	    hex	filename
  48100	    644	   4916	  53660	   d19c	Nucleo_Flight_Software.elf
Finished building: default.size.stdout
 
Finished building: Nucleo_Flight_Software.list
 

15:16:28 Build Finished. 0 errors, 16 warnings. (took 1s.85ms)

