../Core/Src/main.c:202:6:USART2_IRQHandler	8	static
../Core/Src/main.c:207:9:set_gps	24	static
../Core/Src/main.c:259:6:parse_nmea	24	static
../Core/Src/main.c:283:7:calculate_altitude	24	static
../Core/Src/main.c:287:6:read_MMC5603	48	static
../Core/Src/main.c:323:6:read_MPL3115A2	40	static
../Core/Src/main.c:347:6:read_MPU6050	40	static
../Core/Src/main.c:395:6:read_PA1010D	24	static
../Core/Src/main.c:411:6:read_INA219	24	static
../Core/Src/main.c:438:6:init_MMC5603	32	static
../Core/Src/main.c:469:6:init_MPL3115A2	32	static
../Core/Src/main.c:487:6:init_MPU6050	32	static
../Core/Src/main.c:502:6:init_PA1010D	32	static
../Core/Src/main.c:528:6:init_INA219	32	static
../Core/Src/main.c:534:6:read_sensors	8	static
../Core/Src/main.c:543:6:init_sensors	8	static
../Core/Src/main.c:552:6:init_commands	8	static
../Core/Src/main.c:564:9:calculate_checksum	32	static
../Core/Src/main.c:577:6:create_telemetry	608	static
../Core/Src/main.c:620:10:transmit_packet	40	static
../Core/Src/main.c:648:6:read_transmit_telemetry	8	static
../Core/Src/main.c:686:6:set_cmd_echo	16	static
../Core/Src/main.c:692:6:handle_command	64	static
../Core/Src/main.c:815:6:HAL_UARTEx_RxEventCallback	24	static
../Core/Src/main.c:841:5:main	8	static
../Core/Src/main.c:911:6:SystemClock_Config	88	static
../Core/Src/main.c:958:13:MX_I2C2_Init	8	static
../Core/Src/main.c:992:13:MX_USART2_UART_Init	8	static
../Core/Src/main.c:1026:13:MX_USART3_UART_Init	8	static
../Core/Src/main.c:1059:13:MX_USB_OTG_FS_PCD_Init	8	static
../Core/Src/main.c:1095:13:MX_GPIO_Init	56	static
../Core/Src/main.c:1154:6:Error_Handler	4	static,ignoring_inline_asm
