../Core/Src/main.c:287:6:USART2_IRQHandler	8	static
../Core/Src/main.c:294:6:calculate_auto_gyro_speed	4	static
../Core/Src/main.c:301:6:Stepper_SetStep	16	static
../Core/Src/main.c:309:6:Stepper_Rotate	24	static
../Core/Src/main.c:324:6:Stepper_Correction	24	static
../Core/Src/main.c:339:6:set_stepper_north	4	static
../Core/Src/main.c:345:6:Set_Servo_Angle	32	static
../Core/Src/main.c:363:6:Servo_Init	8	static
../Core/Src/main.c:368:10:time_seconds	16	static
../Core/Src/main.c:372:9:get_time_dif	16	static
../Core/Src/main.c:376:6:get_mission_time	16	static
../Core/Src/main.c:386:6:store_flash_data	64	static
../Core/Src/main.c:411:6:load_flash_data	8	static
../Core/Src/main.c:433:9:set_gps	24	static
../Core/Src/main.c:485:6:parse_nmea	24	static
../Core/Src/main.c:509:7:calculate_altitude	24	static
../Core/Src/main.c:513:6:read_MMC5603	56	static
../Core/Src/main.c:554:6:read_MPL3115A2	40	static
../Core/Src/main.c:578:6:read_MPU6050	40	static
../Core/Src/main.c:626:6:read_PA1010D	24	static
../Core/Src/main.c:644:6:read_INA219	24	static
../Core/Src/main.c:671:6:calibrate_mmc	8	static
../Core/Src/main.c:698:6:init_MMC5603	32	static
../Core/Src/main.c:729:6:init_MPL3115A2	32	static
../Core/Src/main.c:747:6:init_MPU6050	32	static
../Core/Src/main.c:764:6:init_PA1010D	32	static
../Core/Src/main.c:791:6:init_INA219	32	static
../Core/Src/main.c:797:6:read_sensors	8	static
../Core/Src/main.c:807:6:reset_MPU6050	32	static
../Core/Src/main.c:813:6:init_sensors	8	static
../Core/Src/main.c:829:6:init_commands	8	static
../Core/Src/main.c:847:9:calculate_checksum	24	static
../Core/Src/main.c:855:6:send_packet	1360	static
../Core/Src/main.c:877:6:handle_state	24	static
../Core/Src/main.c:932:6:read_transmit_telemetry	8	static
../Core/Src/main.c:940:6:set_cmd_echo	16	static
../Core/Src/main.c:946:6:handle_command	48	static
../Core/Src/main.c:1097:6:HAL_UARTEx_RxEventCallback	24	static
../Core/Src/main.c:1135:5:main	8	static
../Core/Src/main.c:1255:6:SystemClock_Config	88	static
../Core/Src/main.c:1302:13:MX_I2C2_Init	8	static
../Core/Src/main.c:1336:13:MX_TIM2_Init	64	static
../Core/Src/main.c:1395:13:MX_TIM3_Init	32	static
../Core/Src/main.c:1440:13:MX_USART2_UART_Init	8	static
../Core/Src/main.c:1474:13:MX_USART3_UART_Init	8	static
../Core/Src/main.c:1507:13:MX_USB_OTG_FS_PCD_Init	8	static
../Core/Src/main.c:1543:13:MX_GPIO_Init	56	static
../Core/Src/main.c:1625:6:Error_Handler	4	static,ignoring_inline_asm
