../Core/Src/main.c:272:6:USART2_IRQHandler	8	static
../Core/Src/main.c:277:6:HAL_GPIO_EXTI_Callback	16	static
../Core/Src/main.c:286:6:HAL_TIM_PeriodElapsedCallback	16	static
../Core/Src/main.c:296:6:calculate_speed	4	static
../Core/Src/main.c:302:6:Stepper_SetStep	16	static
../Core/Src/main.c:310:6:Stepper_Rotate	32	static
../Core/Src/main.c:326:6:Stepper_Correction	16	static
../Core/Src/main.c:348:6:Servo_SetAngle	32	static
../Core/Src/main.c:365:6:Servo_Init	8	static
../Core/Src/main.c:370:10:time_seconds	16	static
../Core/Src/main.c:374:9:get_time_dif	16	static
../Core/Src/main.c:378:6:get_mission_time	16	static
../Core/Src/main.c:388:6:store_flash_data	64	static
../Core/Src/main.c:413:6:load_flash_data	8	static
../Core/Src/main.c:434:9:set_gps	24	static
../Core/Src/main.c:486:6:parse_nmea	24	static
../Core/Src/main.c:510:7:calculate_altitude	24	static
../Core/Src/main.c:514:6:read_MMC5603	56	static
../Core/Src/main.c:555:6:read_MPL3115A2	40	static
../Core/Src/main.c:579:6:read_MPU6050	40	static
../Core/Src/main.c:627:6:read_PA1010D	24	static
../Core/Src/main.c:645:6:read_INA219	24	static
../Core/Src/main.c:672:6:init_MMC5603	32	static
../Core/Src/main.c:703:6:init_MPL3115A2	32	static
../Core/Src/main.c:721:6:init_MPU6050	32	static
../Core/Src/main.c:738:6:init_PA1010D	32	static
../Core/Src/main.c:765:6:init_INA219	32	static
../Core/Src/main.c:771:6:read_sensors	8	static
../Core/Src/main.c:780:6:reset_MPU6050	32	static
../Core/Src/main.c:786:6:init_sensors	8	static
../Core/Src/main.c:802:6:init_commands	8	static
../Core/Src/main.c:816:9:calculate_checksum	24	static
../Core/Src/main.c:824:6:send_packet	1360	static
../Core/Src/main.c:846:6:handle_state	24	static
../Core/Src/main.c:901:6:read_transmit_telemetry	8	static
../Core/Src/main.c:909:6:set_cmd_echo	16	static
../Core/Src/main.c:915:6:handle_command	48	static
../Core/Src/main.c:1055:6:HAL_UARTEx_RxEventCallback	24	static
../Core/Src/main.c:1087:6:calibrate_mmc	8	static
../Core/Src/main.c:1119:5:main	8	static
../Core/Src/main.c:1241:6:SystemClock_Config	88	static
../Core/Src/main.c:1288:13:MX_I2C2_Init	8	static
../Core/Src/main.c:1322:13:MX_TIM1_Init	32	static
../Core/Src/main.c:1368:13:MX_TIM2_Init	64	static
../Core/Src/main.c:1427:13:MX_USART2_UART_Init	8	static
../Core/Src/main.c:1461:13:MX_USART3_UART_Init	8	static
../Core/Src/main.c:1494:13:MX_USB_OTG_FS_PCD_Init	8	static
../Core/Src/main.c:1530:13:MX_GPIO_Init	56	static
../Core/Src/main.c:1612:6:Error_Handler	4	static,ignoring_inline_asm
