../Core/Src/main.c:211:6:USART2_IRQHandler	8	static
../Core/Src/main.c:216:9:set_gps	24	static
../Core/Src/main.c:268:6:parse_nmea	24	static
../Core/Src/main.c:292:7:calculate_altitude	24	static
../Core/Src/main.c:296:6:read_MMC5603	48	static
../Core/Src/main.c:332:6:read_MPL3115A2	40	static
../Core/Src/main.c:356:6:read_MPU6050	40	static
../Core/Src/main.c:404:6:read_PA1010D	24	static
../Core/Src/main.c:422:6:read_INA219	24	static
../Core/Src/main.c:449:6:init_MMC5603	32	static
../Core/Src/main.c:480:6:init_MPL3115A2	32	static
../Core/Src/main.c:498:6:init_MPU6050	32	static
../Core/Src/main.c:513:6:init_PA1010D	32	static
../Core/Src/main.c:540:6:init_INA219	32	static
../Core/Src/main.c:546:6:read_sensors	8	static
../Core/Src/main.c:555:6:init_sensors	8	static
../Core/Src/main.c:570:6:init_commands	8	static
../Core/Src/main.c:582:9:calculate_checksum	24	static
../Core/Src/main.c:590:6:send_packet	1360	static
../Core/Src/main.c:612:6:read_transmit_telemetry	8	static
../Core/Src/main.c:645:6:set_cmd_echo	16	static
../Core/Src/main.c:651:6:handle_command	64	static
../Core/Src/main.c:774:6:HAL_UARTEx_RxEventCallback	24	static
../Core/Src/main.c:811:6:I2C_BusReset	40	static
../Core/Src/main.c:862:6:calibrate_mmc	8	static
../Core/Src/main.c:889:5:main	8	static
../Core/Src/main.c:964:6:SystemClock_Config	88	static
../Core/Src/main.c:1011:13:MX_I2C2_Init	8	static
../Core/Src/main.c:1045:13:MX_USART2_UART_Init	8	static
../Core/Src/main.c:1079:13:MX_USART3_UART_Init	8	static
../Core/Src/main.c:1112:13:MX_USB_OTG_FS_PCD_Init	8	static
../Core/Src/main.c:1148:13:MX_GPIO_Init	56	static
../Core/Src/main.c:1207:6:Error_Handler	4	static,ignoring_inline_asm
