../Core/Src/main.c:217:6:USART2_IRQHandler	8	static
../Core/Src/main.c:222:9:set_gps	24	static
../Core/Src/main.c:274:6:parse_nmea	24	static
../Core/Src/main.c:298:7:calculate_altitude	24	static
../Core/Src/main.c:302:6:read_MMC5603	56	static
../Core/Src/main.c:343:6:read_MPL3115A2	40	static
../Core/Src/main.c:367:6:read_MPU6050	40	static
../Core/Src/main.c:415:6:read_PA1010D	24	static
../Core/Src/main.c:433:6:read_INA219	24	static
../Core/Src/main.c:460:6:init_MMC5603	32	static
../Core/Src/main.c:491:6:init_MPL3115A2	32	static
../Core/Src/main.c:509:6:init_MPU6050	32	static
../Core/Src/main.c:524:6:init_PA1010D	32	static
../Core/Src/main.c:551:6:init_INA219	32	static
../Core/Src/main.c:557:6:read_sensors	8	static
../Core/Src/main.c:566:6:init_sensors	8	static
../Core/Src/main.c:575:6:init_commands	8	static
../Core/Src/main.c:587:9:calculate_checksum	24	static
../Core/Src/main.c:595:6:send_packet	1360	static
../Core/Src/main.c:617:6:handle_state	4	static
../Core/Src/main.c:621:6:read_transmit_telemetry	8	static
../Core/Src/main.c:641:6:set_cmd_echo	16	static
../Core/Src/main.c:647:6:handle_command	48	static
../Core/Src/main.c:773:6:HAL_UARTEx_RxEventCallback	24	static
../Core/Src/main.c:804:6:calibrate_mmc	8	static
../Core/Src/main.c:835:5:main	8	static
../Core/Src/main.c:921:6:SystemClock_Config	88	static
../Core/Src/main.c:968:13:MX_I2C2_Init	8	static
../Core/Src/main.c:1002:13:MX_USART2_UART_Init	8	static
../Core/Src/main.c:1036:13:MX_USART3_UART_Init	8	static
../Core/Src/main.c:1069:13:MX_USB_OTG_FS_PCD_Init	8	static
../Core/Src/main.c:1105:13:MX_GPIO_Init	56	static
../Core/Src/main.c:1164:6:Error_Handler	4	static,ignoring_inline_asm
