../Core/Src/main.c:271:6:USART2_IRQHandler	8	static
../Core/Src/main.c:276:6:HAL_GPIO_EXTI_Callback	16	static
../Core/Src/main.c:285:6:HAL_TIM_PeriodElapsedCallback	16	static
../Core/Src/main.c:295:6:calculate_speed	4	static
../Core/Src/main.c:301:6:Stepper_SetStep	16	static
../Core/Src/main.c:309:6:Stepper_Rotate	32	static
../Core/Src/main.c:325:6:Stepper_Correction	16	static
../Core/Src/main.c:338:6:Servo_SetAngle	32	static
../Core/Src/main.c:355:6:Servo_Init	8	static
../Core/Src/main.c:360:10:time_seconds	16	static
../Core/Src/main.c:364:9:get_time_dif	16	static
../Core/Src/main.c:368:6:get_mission_time	16	static
../Core/Src/main.c:378:6:store_flash_data	64	static
../Core/Src/main.c:403:6:load_flash_data	8	static
../Core/Src/main.c:424:9:set_gps	24	static
../Core/Src/main.c:476:6:parse_nmea	24	static
../Core/Src/main.c:500:7:calculate_altitude	24	static
../Core/Src/main.c:504:6:read_MMC5603	56	static
../Core/Src/main.c:545:6:read_MPL3115A2	40	static
../Core/Src/main.c:569:6:read_MPU6050	40	static
../Core/Src/main.c:617:6:read_PA1010D	24	static
../Core/Src/main.c:635:6:read_INA219	24	static
../Core/Src/main.c:662:6:init_MMC5603	32	static
../Core/Src/main.c:693:6:init_MPL3115A2	32	static
../Core/Src/main.c:711:6:init_MPU6050	32	static
../Core/Src/main.c:728:6:init_PA1010D	32	static
../Core/Src/main.c:755:6:init_INA219	32	static
../Core/Src/main.c:761:6:read_sensors	8	static
../Core/Src/main.c:770:6:reset_MPU6050	32	static
../Core/Src/main.c:776:6:init_sensors	8	static
../Core/Src/main.c:792:6:init_commands	8	static
../Core/Src/main.c:806:9:calculate_checksum	24	static
../Core/Src/main.c:814:6:send_packet	1360	static
../Core/Src/main.c:836:6:handle_state	24	static
../Core/Src/main.c:891:6:read_transmit_telemetry	8	static
../Core/Src/main.c:899:6:set_cmd_echo	16	static
../Core/Src/main.c:905:6:handle_command	48	static
../Core/Src/main.c:1045:6:HAL_UARTEx_RxEventCallback	24	static
../Core/Src/main.c:1077:6:calibrate_mmc	8	static
../Core/Src/main.c:1109:5:main	8	static
../Core/Src/main.c:1231:6:SystemClock_Config	88	static
../Core/Src/main.c:1278:13:MX_I2C2_Init	8	static
../Core/Src/main.c:1312:13:MX_TIM1_Init	32	static
../Core/Src/main.c:1358:13:MX_TIM2_Init	64	static
../Core/Src/main.c:1417:13:MX_USART2_UART_Init	8	static
../Core/Src/main.c:1451:13:MX_USART3_UART_Init	8	static
../Core/Src/main.c:1484:13:MX_USB_OTG_FS_PCD_Init	8	static
../Core/Src/main.c:1520:13:MX_GPIO_Init	56	static
../Core/Src/main.c:1602:6:Error_Handler	4	static,ignoring_inline_asm
