../Core/Src/main.c:286:6:USART2_IRQHandler	8	static
../Core/Src/main.c:291:6:HAL_GPIO_EXTI_Callback	16	static
../Core/Src/main.c:300:6:HAL_TIM_PeriodElapsedCallback	16	static
../Core/Src/main.c:310:6:calculate_speed	4	static
../Core/Src/main.c:316:6:Stepper_SetStep	16	static
../Core/Src/main.c:324:6:Stepper_Rotate	24	static
../Core/Src/main.c:339:6:Stepper_Correction	24	static
../Core/Src/main.c:351:6:set_stepper_north	4	static
../Core/Src/main.c:357:6:Set_Servo_Angle	32	static
../Core/Src/main.c:375:6:Servo_Init	8	static
../Core/Src/main.c:380:10:time_seconds	16	static
../Core/Src/main.c:384:9:get_time_dif	16	static
../Core/Src/main.c:388:6:get_mission_time	16	static
../Core/Src/main.c:398:6:store_flash_data	64	static
../Core/Src/main.c:423:6:load_flash_data	8	static
../Core/Src/main.c:445:9:set_gps	24	static
../Core/Src/main.c:497:6:parse_nmea	24	static
../Core/Src/main.c:521:7:calculate_altitude	24	static
../Core/Src/main.c:525:6:read_MMC5603	56	static
../Core/Src/main.c:566:6:read_MPL3115A2	40	static
../Core/Src/main.c:590:6:read_MPU6050	40	static
../Core/Src/main.c:638:6:read_PA1010D	24	static
../Core/Src/main.c:656:6:read_INA219	24	static
../Core/Src/main.c:683:6:calibrate_mmc	8	static
../Core/Src/main.c:710:6:init_MMC5603	32	static
../Core/Src/main.c:741:6:init_MPL3115A2	32	static
../Core/Src/main.c:759:6:init_MPU6050	32	static
../Core/Src/main.c:776:6:init_PA1010D	32	static
../Core/Src/main.c:803:6:init_INA219	32	static
../Core/Src/main.c:809:6:read_sensors	8	static
../Core/Src/main.c:818:6:reset_MPU6050	32	static
../Core/Src/main.c:824:6:init_sensors	8	static
../Core/Src/main.c:840:6:init_commands	8	static
../Core/Src/main.c:857:9:calculate_checksum	24	static
../Core/Src/main.c:865:6:send_packet	1360	static
../Core/Src/main.c:887:6:handle_state	24	static
../Core/Src/main.c:942:6:read_transmit_telemetry	8	static
../Core/Src/main.c:950:6:set_cmd_echo	16	static
../Core/Src/main.c:956:6:handle_command	48	static
../Core/Src/main.c:1099:6:HAL_UARTEx_RxEventCallback	24	static
../Core/Src/main.c:1137:5:main	8	static
../Core/Src/main.c:1259:6:SystemClock_Config	88	static
../Core/Src/main.c:1306:13:MX_I2C2_Init	8	static
../Core/Src/main.c:1340:13:MX_TIM1_Init	32	static
../Core/Src/main.c:1386:13:MX_TIM2_Init	64	static
../Core/Src/main.c:1445:13:MX_USART2_UART_Init	8	static
../Core/Src/main.c:1479:13:MX_USART3_UART_Init	8	static
../Core/Src/main.c:1512:13:MX_USB_OTG_FS_PCD_Init	8	static
../Core/Src/main.c:1548:13:MX_GPIO_Init	56	static
../Core/Src/main.c:1630:6:Error_Handler	4	static,ignoring_inline_asm
