../Core/Src/main.c:231:6:USART2_IRQHandler	8	static
../Core/Src/main.c:235:6:store_flash_data	56	static
../Core/Src/main.c:259:6:load_flash_data	8	static
../Core/Src/main.c:279:9:set_gps	24	static
../Core/Src/main.c:331:6:parse_nmea	24	static
../Core/Src/main.c:355:7:calculate_altitude	24	static
../Core/Src/main.c:359:6:read_MMC5603	56	static
../Core/Src/main.c:400:6:read_MPL3115A2	40	static
../Core/Src/main.c:424:6:read_MPU6050	40	static
../Core/Src/main.c:472:6:read_PA1010D	24	static
../Core/Src/main.c:490:6:read_INA219	24	static
../Core/Src/main.c:517:6:init_MMC5603	32	static
../Core/Src/main.c:548:6:init_MPL3115A2	32	static
../Core/Src/main.c:566:6:init_MPU6050	32	static
../Core/Src/main.c:581:6:init_PA1010D	32	static
../Core/Src/main.c:608:6:init_INA219	32	static
../Core/Src/main.c:614:6:read_sensors	8	static
../Core/Src/main.c:623:6:init_sensors	8	static
../Core/Src/main.c:632:6:init_commands	8	static
../Core/Src/main.c:646:9:calculate_checksum	24	static
../Core/Src/main.c:654:6:send_packet	1360	static
../Core/Src/main.c:676:6:handle_state	24	static
../Core/Src/main.c:726:6:read_transmit_telemetry	8	static
../Core/Src/main.c:734:6:set_cmd_echo	16	static
../Core/Src/main.c:740:6:handle_command	48	static
../Core/Src/main.c:881:6:HAL_UARTEx_RxEventCallback	24	static
../Core/Src/main.c:912:6:calibrate_mmc	8	static
../Core/Src/main.c:938:6:ms_interrupt	8	static
../Core/Src/main.c:994:5:main	8	static
../Core/Src/main.c:1056:6:SystemClock_Config	88	static
../Core/Src/main.c:1103:13:MX_I2C2_Init	8	static
../Core/Src/main.c:1137:13:MX_USART2_UART_Init	8	static
../Core/Src/main.c:1171:13:MX_USART3_UART_Init	8	static
../Core/Src/main.c:1204:13:MX_USB_OTG_FS_PCD_Init	8	static
../Core/Src/main.c:1240:13:MX_GPIO_Init	56	static
../Core/Src/main.c:1299:6:Error_Handler	4	static,ignoring_inline_asm
