../Core/Src/main.c:161:9:set_gps	24	static
../Core/Src/main.c:213:6:parse_nmea	24	static
../Core/Src/main.c:237:7:calculate_altitude	16	static
../Core/Src/main.c:241:6:read_MMC5603	48	static
../Core/Src/main.c:277:6:read_MPL3115A2	40	static
../Core/Src/main.c:301:6:read_MPU6050	40	static
../Core/Src/main.c:349:6:read_PA1010D	24	static
../Core/Src/main.c:365:6:read_INA219	24	static
../Core/Src/main.c:392:6:init_MMC5603	32	static
../Core/Src/main.c:423:6:init_MPL3115A2	32	static
../Core/Src/main.c:441:6:init_MPU6050	32	static
../Core/Src/main.c:456:6:init_PA1010D	32	static
../Core/Src/main.c:482:6:init_INA219	32	static
../Core/Src/main.c:488:6:read_sensors	8	static
../Core/Src/main.c:497:6:init_sensors	8	static
../Core/Src/main.c:515:5:main	8	static
../Core/Src/main.c:570:6:SystemClock_Config	88	static
../Core/Src/main.c:617:13:MX_I2C2_Init	8	static
../Core/Src/main.c:651:13:MX_USART3_UART_Init	8	static
../Core/Src/main.c:684:13:MX_USB_OTG_FS_PCD_Init	8	static
../Core/Src/main.c:720:13:MX_GPIO_Init	56	static
../Core/Src/main.c:787:6:Error_Handler	4	static,ignoring_inline_asm
