../Core/Src/main.c:144:9:set_gps	24	static
../Core/Src/main.c:196:6:parse_nmea	24	static
../Core/Src/main.c:220:6:read_MMC5603	48	static
../Core/Src/main.c:256:7:calculate_altitude	16	static
../Core/Src/main.c:260:6:read_MPL3115A2	40	static
../Core/Src/main.c:284:6:read_MPU6050	40	static
../Core/Src/main.c:332:6:read_PA1010D	24	static
../Core/Src/main.c:348:6:init_MMC5603	32	static
../Core/Src/main.c:379:6:init_MPL3115A2	32	static
../Core/Src/main.c:397:6:init_MPU6050	32	static
../Core/Src/main.c:412:6:init_PA1010D	32	static
../Core/Src/main.c:438:6:read_sensors	8	static
../Core/Src/main.c:446:6:init_sensors	8	static
../Core/Src/main.c:461:5:main	8	static
../Core/Src/main.c:516:6:SystemClock_Config	88	static
../Core/Src/main.c:563:13:MX_I2C2_Init	8	static
../Core/Src/main.c:597:13:MX_USART3_UART_Init	8	static
../Core/Src/main.c:630:13:MX_USB_OTG_FS_PCD_Init	8	static
../Core/Src/main.c:666:13:MX_GPIO_Init	56	static
../Core/Src/main.c:733:6:Error_Handler	4	static,ignoring_inline_asm
