../Core/Src/main.c:159:9:set_gps	17
../Core/Src/main.c:211:6:parse_nmea	6
../Core/Src/main.c:235:7:calculate_altitude	1
../Core/Src/main.c:239:6:read_MMC5603	3
../Core/Src/main.c:275:6:read_MPL3115A2	1
../Core/Src/main.c:299:6:read_MPU6050	6
../Core/Src/main.c:347:6:read_PA1010D	3
../Core/Src/main.c:363:6:read_INA219	3
../Core/Src/main.c:390:6:init_MMC5603	1
../Core/Src/main.c:421:6:init_MPL3115A2	2
../Core/Src/main.c:439:6:init_MPU6050	1
../Core/Src/main.c:454:6:init_PA1010D	5
../Core/Src/main.c:480:6:init_INA219	1
../Core/Src/main.c:486:6:read_sensors	1
../Core/Src/main.c:495:6:init_sensors	1
../Core/Src/main.c:511:5:main	1
../Core/Src/main.c:566:6:SystemClock_Config	3
../Core/Src/main.c:613:13:MX_I2C2_Init	2
../Core/Src/main.c:647:13:MX_USART3_UART_Init	2
../Core/Src/main.c:680:13:MX_USB_OTG_FS_PCD_Init	2
../Core/Src/main.c:716:13:MX_GPIO_Init	1
../Core/Src/main.c:783:6:Error_Handler	1
