../Core/Src/main.c:144:9:set_gps	17
../Core/Src/main.c:196:6:parse_nmea	6
../Core/Src/main.c:220:6:read_MMC5603	3
../Core/Src/main.c:256:7:calculate_altitude	1
../Core/Src/main.c:260:6:read_MPL3115A2	1
../Core/Src/main.c:284:6:read_MPU6050	6
../Core/Src/main.c:332:6:read_PA1010D	3
../Core/Src/main.c:348:6:init_MMC5603	1
../Core/Src/main.c:379:6:init_MPL3115A2	2
../Core/Src/main.c:397:6:init_MPU6050	1
../Core/Src/main.c:412:6:init_PA1010D	5
../Core/Src/main.c:438:6:read_sensors	1
../Core/Src/main.c:446:6:init_sensors	1
../Core/Src/main.c:461:5:main	1
../Core/Src/main.c:516:6:SystemClock_Config	3
../Core/Src/main.c:563:13:MX_I2C2_Init	2
../Core/Src/main.c:597:13:MX_USART3_UART_Init	2
../Core/Src/main.c:630:13:MX_USB_OTG_FS_PCD_Init	2
../Core/Src/main.c:666:13:MX_GPIO_Init	1
../Core/Src/main.c:733:6:Error_Handler	1
