../Core/Src/main.c:299:6:USART1_IRQHandler	8	static
../Core/Src/main.c:306:6:calculate_auto_gyro_speed	4	static
../Core/Src/main.c:313:6:Set_Servo_Angle	32	static
../Core/Src/main.c:331:6:Servo_Init	8	static
../Core/Src/main.c:336:10:time_seconds	16	static
../Core/Src/main.c:340:9:get_time_dif	16	static
../Core/Src/main.c:344:6:get_mission_time	16	static
../Core/Src/main.c:354:6:store_flash_data	104	static
../Core/Src/main.c:387:6:load_flash_data	24	static
../Core/Src/main.c:416:9:set_gps	24	static
../Core/Src/main.c:468:6:parse_nmea	24	static
../Core/Src/main.c:492:7:calculate_altitude	24	static
../Core/Src/main.c:496:6:read_MMC5603	56	static
../Core/Src/main.c:538:6:read_MPL3115A2	40	static
../Core/Src/main.c:562:6:read_MPU6050	40	static
../Core/Src/main.c:610:6:read_PA1010D	24	static
../Core/Src/main.c:633:6:flush_PA1010D	8	static
../Core/Src/main.c:637:6:read_INA219	24	static
../Core/Src/main.c:664:6:calibrate_mmc	8	static
../Core/Src/main.c:691:6:init_MMC5603	32	static
../Core/Src/main.c:722:6:init_MPL3115A2	32	static
../Core/Src/main.c:740:6:init_MPU6050	32	static
../Core/Src/main.c:757:6:init_PA1010D	32	static
../Core/Src/main.c:785:6:init_INA219	32	static
../Core/Src/main.c:791:6:read_sensors	8	static
../Core/Src/main.c:803:6:reset_MPU6050	32	static
../Core/Src/main.c:809:6:init_sensors	8	static
../Core/Src/main.c:827:6:init_commands	8	static
../Core/Src/main.c:848:6:Stepper_SetStep	16	static
../Core/Src/main.c:856:6:Stepper_Rotate	24	static
../Core/Src/main.c:871:6:Stepper_Correction	24	static
../Core/Src/main.c:886:6:set_stepper_north	4	static
../Core/Src/main.c:891:9:calculate_checksum	24	static
../Core/Src/main.c:899:6:send_packet	1376	static
../Core/Src/main.c:921:6:send_mmc_plot_packet	1144	static
../Core/Src/main.c:937:6:reset_delta_buffer	16	static
../Core/Src/main.c:943:6:handle_state	40	static
../Core/Src/main.c:1010:6:read_transmit_telemetry	8	static
../Core/Src/main.c:1018:6:set_cmd_echo	16	static
../Core/Src/main.c:1024:6:handle_command	48	static
../Core/Src/main.c:1203:6:reset_state	8	static
../Core/Src/main.c:1216:6:initial_state_reset	8	static
../Core/Src/main.c:1251:6:HAL_UARTEx_RxEventCallback	24	static
../Core/Src/main.c:1293:5:main	24	static
../Core/Src/main.c:1415:6:SystemClock_Config	88	static
../Core/Src/main.c:1457:13:MX_I2C1_Init	8	static
../Core/Src/main.c:1491:13:MX_I2C3_Init	8	static
../Core/Src/main.c:1525:13:MX_TIM2_Init	64	static
../Core/Src/main.c:1584:13:MX_USART1_UART_Init	8	static
../Core/Src/main.c:1617:13:MX_GPIO_Init	48	static
../Core/Src/main.c:1671:6:Error_Handler	4	static,ignoring_inline_asm
