../Core/Src/main.c:290:6:USART1_IRQHandler	8	static
../Core/Src/main.c:297:6:calculate_auto_gyro_speed	4	static
../Core/Src/main.c:304:6:Set_Servo_Angle	32	static
../Core/Src/main.c:322:6:Servo_Init	8	static
../Core/Src/main.c:327:10:time_seconds	16	static
../Core/Src/main.c:331:9:get_time_dif	16	static
../Core/Src/main.c:335:6:get_mission_time	16	static
../Core/Src/main.c:345:6:store_flash_data	64	static
../Core/Src/main.c:370:6:load_flash_data	8	static
../Core/Src/main.c:392:9:set_gps	24	static
../Core/Src/main.c:444:6:parse_nmea	24	static
../Core/Src/main.c:468:7:calculate_altitude	24	static
../Core/Src/main.c:472:6:read_MMC5603	56	static
../Core/Src/main.c:514:6:read_MPL3115A2	40	static
../Core/Src/main.c:538:6:read_MPU6050	40	static
../Core/Src/main.c:586:6:read_PA1010D	24	static
../Core/Src/main.c:609:6:flush_PA1010D	8	static
../Core/Src/main.c:613:6:read_INA219	24	static
../Core/Src/main.c:640:6:calibrate_mmc	8	static
../Core/Src/main.c:667:6:init_MMC5603	32	static
../Core/Src/main.c:698:6:init_MPL3115A2	32	static
../Core/Src/main.c:716:6:init_MPU6050	32	static
../Core/Src/main.c:733:6:init_PA1010D	32	static
../Core/Src/main.c:761:6:init_INA219	32	static
../Core/Src/main.c:767:6:read_sensors	16	static
../Core/Src/main.c:779:6:reset_MPU6050	32	static
../Core/Src/main.c:785:6:init_sensors	8	static
../Core/Src/main.c:803:6:init_commands	8	static
../Core/Src/main.c:824:6:Stepper_SetStep	16	static
../Core/Src/main.c:832:6:Stepper_Rotate	24	static
../Core/Src/main.c:847:6:Stepper_Correction	24	static
../Core/Src/main.c:862:6:set_stepper_north	4	static
../Core/Src/main.c:867:9:calculate_checksum	24	static
../Core/Src/main.c:875:6:send_packet	1360	static
../Core/Src/main.c:897:6:handle_state	32	static
../Core/Src/main.c:951:6:read_transmit_telemetry	8	static
../Core/Src/main.c:959:6:set_cmd_echo	16	static
../Core/Src/main.c:965:6:handle_command	48	static
../Core/Src/main.c:1150:6:HAL_UARTEx_RxEventCallback	24	static
../Core/Src/main.c:1188:5:main	8	static
../Core/Src/main.c:1304:6:SystemClock_Config	88	static
../Core/Src/main.c:1346:13:MX_I2C1_Init	8	static
../Core/Src/main.c:1380:13:MX_I2C3_Init	8	static
../Core/Src/main.c:1414:13:MX_TIM2_Init	64	static
../Core/Src/main.c:1473:13:MX_USART1_UART_Init	8	static
../Core/Src/main.c:1506:13:MX_GPIO_Init	48	static
../Core/Src/main.c:1560:6:Error_Handler	4	static,ignoring_inline_asm
