../Core/Src/main.c:304:6:USART1_IRQHandler	8	static
../Core/Src/main.c:311:6:calculate_auto_gyro_speed	4	static
../Core/Src/main.c:318:6:Set_Servo_Angle	32	static
../Core/Src/main.c:336:6:Servo_Open	16	static
../Core/Src/main.c:345:6:Servo_Close	16	static
../Core/Src/main.c:354:6:Servo_Init	8	static
../Core/Src/main.c:359:10:time_seconds	16	static
../Core/Src/main.c:363:9:get_time_dif	16	static
../Core/Src/main.c:367:6:get_mission_time	16	static
../Core/Src/main.c:377:6:store_flash_data	104	static
../Core/Src/main.c:418:6:load_flash_data	24	static
../Core/Src/main.c:447:9:set_gps	24	static
../Core/Src/main.c:499:6:parse_nmea	24	static
../Core/Src/main.c:523:7:calculate_altitude	24	static
../Core/Src/main.c:527:6:read_MMC5603	56	static
../Core/Src/main.c:569:6:read_MPL3115A2	40	static
../Core/Src/main.c:593:6:calibrate_altitude	40	static
../Core/Src/main.c:619:6:read_MPU6050	40	static
../Core/Src/main.c:667:6:read_PA1010D	24	static
../Core/Src/main.c:690:6:flush_PA1010D	8	static
../Core/Src/main.c:694:6:read_INA219	32	static
../Core/Src/main.c:747:6:calibrate_mmc	8	static
../Core/Src/main.c:770:6:init_MMC5603	32	static
../Core/Src/main.c:801:6:init_MPL3115A2	32	static
../Core/Src/main.c:819:6:init_MPU6050	32	static
../Core/Src/main.c:836:6:init_PA1010D	32	static
../Core/Src/main.c:864:6:init_INA219	32	static
../Core/Src/main.c:880:6:read_sensors	8	static
../Core/Src/main.c:893:6:reset_MPU6050	32	static
../Core/Src/main.c:899:6:init_sensors	8	static
../Core/Src/main.c:917:6:init_commands	8	static
../Core/Src/main.c:938:6:Stepper_SetStep	16	static
../Core/Src/main.c:946:6:Stepper_Rotate	24	static
../Core/Src/main.c:960:6:DWT_Init	4	static
../Core/Src/main.c:967:6:Stepper_Correction	72	static
../Core/Src/main.c:1020:6:set_stepper_north	4	static
../Core/Src/main.c:1024:6:turn_stepper_north	24	static
../Core/Src/main.c:1044:9:calculate_checksum	24	static
../Core/Src/main.c:1052:6:send_packet	1376	static
../Core/Src/main.c:1074:6:send_mmc_plot_packet	1144	static
../Core/Src/main.c:1090:6:reset_delta_buffer	16	static
../Core/Src/main.c:1096:6:handle_state	40	static
../Core/Src/main.c:1165:6:read_transmit_telemetry	8	static
../Core/Src/main.c:1173:6:set_cmd_echo	16	static
../Core/Src/main.c:1179:6:handle_command	48	static
../Core/Src/main.c:1369:6:reset_state	8	static
../Core/Src/main.c:1383:6:initial_state_reset	8	static
../Core/Src/main.c:1418:6:HAL_UARTEx_RxEventCallback	24	static
../Core/Src/main.c:1456:5:main	8	static
../Core/Src/main.c:1583:6:SystemClock_Config	88	static
../Core/Src/main.c:1625:13:MX_I2C1_Init	8	static
../Core/Src/main.c:1659:13:MX_I2C3_Init	8	static
../Core/Src/main.c:1693:13:MX_TIM2_Init	64	static
../Core/Src/main.c:1752:13:MX_USART1_UART_Init	8	static
../Core/Src/main.c:1785:13:MX_GPIO_Init	48	static
../Core/Src/main.c:1839:6:Error_Handler	4	static,ignoring_inline_asm
