../Core/Src/main.c:299:6:USART1_IRQHandler	8	static
../Core/Src/main.c:306:6:calculate_auto_gyro_speed	4	static
../Core/Src/main.c:313:6:Set_Servo_Angle	32	static
../Core/Src/main.c:331:6:Servo_Init	8	static
../Core/Src/main.c:336:10:time_seconds	16	static
../Core/Src/main.c:340:9:get_time_dif	16	static
../Core/Src/main.c:344:6:get_mission_time	16	static
../Core/Src/main.c:354:6:store_flash_data	104	static
../Core/Src/main.c:387:6:load_flash_data	24	static
../Core/Src/main.c:416:9:set_gps	24	static
../Core/Src/main.c:468:6:parse_nmea	24	static
../Core/Src/main.c:492:7:calculate_altitude	24	static
../Core/Src/main.c:496:6:read_MMC5603	56	static
../Core/Src/main.c:538:6:read_MPL3115A2	40	static
../Core/Src/main.c:562:6:read_MPU6050	40	static
../Core/Src/main.c:610:6:read_PA1010D	24	static
../Core/Src/main.c:633:6:flush_PA1010D	8	static
../Core/Src/main.c:637:6:read_INA219	32	static
../Core/Src/main.c:690:6:calibrate_mmc	8	static
../Core/Src/main.c:717:6:init_MMC5603	32	static
../Core/Src/main.c:748:6:init_MPL3115A2	32	static
../Core/Src/main.c:766:6:init_MPU6050	32	static
../Core/Src/main.c:783:6:init_PA1010D	32	static
../Core/Src/main.c:811:6:init_INA219	32	static
../Core/Src/main.c:827:6:read_sensors	16	static
../Core/Src/main.c:839:6:reset_MPU6050	32	static
../Core/Src/main.c:845:6:init_sensors	8	static
../Core/Src/main.c:863:6:init_commands	8	static
../Core/Src/main.c:884:6:Stepper_SetStep	16	static
../Core/Src/main.c:892:6:Stepper_Rotate	24	static
../Core/Src/main.c:907:6:Stepper_Correction	24	static
../Core/Src/main.c:922:6:set_stepper_north	4	static
../Core/Src/main.c:927:9:calculate_checksum	24	static
../Core/Src/main.c:935:6:send_packet	1376	static
../Core/Src/main.c:957:6:send_mmc_plot_packet	1144	static
../Core/Src/main.c:973:6:reset_delta_buffer	16	static
../Core/Src/main.c:979:6:handle_state	40	static
../Core/Src/main.c:1046:6:read_transmit_telemetry	8	static
../Core/Src/main.c:1054:6:set_cmd_echo	16	static
../Core/Src/main.c:1060:6:handle_command	48	static
../Core/Src/main.c:1239:6:reset_state	8	static
../Core/Src/main.c:1252:6:initial_state_reset	8	static
../Core/Src/main.c:1287:6:HAL_UARTEx_RxEventCallback	24	static
../Core/Src/main.c:1329:5:main	8	static
../Core/Src/main.c:1460:6:SystemClock_Config	88	static
../Core/Src/main.c:1502:13:MX_I2C1_Init	8	static
../Core/Src/main.c:1536:13:MX_I2C3_Init	8	static
../Core/Src/main.c:1570:13:MX_TIM2_Init	64	static
../Core/Src/main.c:1629:13:MX_USART1_UART_Init	8	static
../Core/Src/main.c:1662:13:MX_GPIO_Init	48	static
../Core/Src/main.c:1716:6:Error_Handler	4	static,ignoring_inline_asm
