../Core/Src/main.c:281:6:USART1_IRQHandler	8	static
../Core/Src/main.c:288:6:calculate_auto_gyro_speed	4	static
../Core/Src/main.c:295:6:Stepper_SetStep	16	static
../Core/Src/main.c:303:6:Stepper_Rotate	24	static
../Core/Src/main.c:318:6:Stepper_Correction	24	static
../Core/Src/main.c:333:6:set_stepper_north	4	static
../Core/Src/main.c:339:6:Set_Servo_Angle	32	static
../Core/Src/main.c:357:6:Servo_Init	8	static
../Core/Src/main.c:362:10:time_seconds	16	static
../Core/Src/main.c:366:9:get_time_dif	16	static
../Core/Src/main.c:370:6:get_mission_time	16	static
../Core/Src/main.c:380:6:store_flash_data	64	static
../Core/Src/main.c:405:6:load_flash_data	8	static
../Core/Src/main.c:427:9:set_gps	24	static
../Core/Src/main.c:479:6:parse_nmea	24	static
../Core/Src/main.c:503:7:calculate_altitude	24	static
../Core/Src/main.c:507:6:read_MMC5603	56	static
../Core/Src/main.c:549:6:read_MPL3115A2	40	static
../Core/Src/main.c:573:6:read_MPU6050	40	static
../Core/Src/main.c:621:6:read_PA1010D	24	static
../Core/Src/main.c:642:6:flush_PA1010D	8	static
../Core/Src/main.c:646:6:read_INA219	24	static
../Core/Src/main.c:673:6:calibrate_mmc	8	static
../Core/Src/main.c:700:6:init_MMC5603	32	static
../Core/Src/main.c:731:6:init_MPL3115A2	32	static
../Core/Src/main.c:749:6:init_MPU6050	32	static
../Core/Src/main.c:766:6:init_PA1010D	32	static
../Core/Src/main.c:793:6:init_INA219	32	static
../Core/Src/main.c:799:6:read_sensors	16	static
../Core/Src/main.c:811:6:reset_MPU6050	32	static
../Core/Src/main.c:817:6:init_sensors	8	static
../Core/Src/main.c:835:6:init_commands	8	static
../Core/Src/main.c:853:9:calculate_checksum	24	static
../Core/Src/main.c:861:6:send_packet	1360	static
../Core/Src/main.c:883:6:handle_state	24	static
../Core/Src/main.c:938:6:read_transmit_telemetry	8	static
../Core/Src/main.c:946:6:set_cmd_echo	16	static
../Core/Src/main.c:952:6:handle_command	48	static
../Core/Src/main.c:1104:6:HAL_UARTEx_RxEventCallback	24	static
../Core/Src/main.c:1142:5:main	8	static
../Core/Src/main.c:1253:6:SystemClock_Config	88	static
../Core/Src/main.c:1295:13:MX_I2C1_Init	8	static
../Core/Src/main.c:1329:13:MX_I2C3_Init	8	static
../Core/Src/main.c:1363:13:MX_TIM2_Init	64	static
../Core/Src/main.c:1422:13:MX_USART1_UART_Init	8	static
../Core/Src/main.c:1455:13:MX_GPIO_Init	48	static
../Core/Src/main.c:1509:6:Error_Handler	4	static,ignoring_inline_asm
