../Core/Src/main.c:143:7:read_mcp9808	32	static
../Core/Src/main.c:171:9:read_ina219	32	static
../Core/Src/main.c:199:9:set_gps	24	static
../Core/Src/main.c:252:6:parse_nmea	24	static
../Core/Src/main.c:276:9:read_pa1010d	24	static
../Core/Src/main.c:293:9:read_mmc5603	24	static
../Core/Src/main.c:319:9:read_mpu	24	static
../Core/Src/main.c:372:5:main	24	static
../Core/Src/main.c:473:6:SystemClock_Config	88	static
../Core/Src/main.c:515:13:MX_I2C2_Init	8	static
../Core/Src/main.c:549:13:MX_USART1_UART_Init	8	static
../Core/Src/main.c:582:13:MX_USART2_UART_Init	8	static
../Core/Src/main.c:615:13:MX_GPIO_Init	16	static
../Core/Src/main.c:636:6:Error_Handler	4	static,ignoring_inline_asm
