../Core/Src/main.c:143:7:read_mcp9808	4
../Core/Src/main.c:171:9:read_ina219	3
../Core/Src/main.c:199:9:set_gps	17
../Core/Src/main.c:252:6:parse_nmea	6
../Core/Src/main.c:276:9:read_pa1010d	3
../Core/Src/main.c:293:9:read_mmc5603	4
../Core/Src/main.c:319:9:read_mpu	6
../Core/Src/main.c:372:5:main	4
../Core/Src/main.c:473:6:SystemClock_Config	3
../Core/Src/main.c:515:13:MX_I2C2_Init	2
../Core/Src/main.c:549:13:MX_USART1_UART_Init	2
../Core/Src/main.c:582:13:MX_USART2_UART_Init	2
../Core/Src/main.c:615:13:MX_GPIO_Init	1
../Core/Src/main.c:636:6:Error_Handler	1
