../Core/Src/main.c:125:7:read_mcp9808	32	static
../Core/Src/main.c:153:9:read_ina219	32	static
../Core/Src/main.c:181:9:read_adxl326	48	static
../Core/Src/main.c:215:9:set_gps	24	static
../Core/Src/main.c:268:6:parse_nmea	24	static
../Core/Src/main.c:292:9:read_pa1010d	24	static
../Core/Src/main.c:309:9:read_mmc5603	24	static
../Core/Src/main.c:341:5:main	24	static
../Core/Src/main.c:433:6:SystemClock_Config	88	static
../Core/Src/main.c:475:13:MX_I2C2_Init	8	static
../Core/Src/main.c:509:13:MX_USART1_UART_Init	8	static
../Core/Src/main.c:542:13:MX_USART2_UART_Init	8	static
../Core/Src/main.c:575:13:MX_GPIO_Init	16	static
../Core/Src/main.c:596:6:Error_Handler	4	static,ignoring_inline_asm
