../Core/Src/main.c:89:6:USART2_IRQHandler	8	static
../Core/Src/main.c:95:6:create_telemetry	256	static
../Core/Src/main.c:108:6:HAL_UARTEx_RxEventCallback	16	static
../Core/Src/main.c:140:6:sendData	8	static
../Core/Src/main.c:155:5:main	8	static
../Core/Src/main.c:233:6:SystemClock_Config	88	static
../Core/Src/main.c:280:13:MX_I2C2_Init	8	static
../Core/Src/main.c:314:13:MX_USART2_UART_Init	8	static
../Core/Src/main.c:348:13:MX_USART3_UART_Init	8	static
../Core/Src/main.c:381:13:MX_USB_OTG_FS_PCD_Init	8	static
../Core/Src/main.c:417:13:MX_GPIO_Init	56	static
../Core/Src/main.c:492:6:Error_Handler	4	static,ignoring_inline_asm
